Archive member included to satisfy reference by file (symbol)

.build/obj_bastardkb_charybdis_3x5_v2_elitec_via/spi_master.a(spi_master.o)
                              .build/obj_bastardkb_charybdis_3x5_v2_elitec_via/drivers/sensors/pmw33xx_common.o (symbol from plugin) (spi_init)
.build/obj_bastardkb_charybdis_3x5_v2_elitec_via/serial.a(serial.o)
                              .build/obj_bastardkb_charybdis_3x5_v2_elitec_via/quantum/split_common/transport.o (symbol from plugin) (soft_serial_initiator_init)
c:/qmk_msys/mingw64/bin/../lib/gcc/avr/8.5.0/avr5\libgcc.a(_exit.o)
                              c:/qmk_msys/mingw64/bin/../lib/gcc/avr/8.5.0/../../../../avr/lib/avr5/crtatmega32u4.o (exit)
c:/qmk_msys/mingw64/bin/../lib/gcc/avr/8.5.0/avr5\libgcc.a(_copy_data.o)
                              .build/obj_bastardkb_charybdis_3x5_v2_elitec_via/spi_master.a(spi_master.o) (__do_copy_data)
c:/qmk_msys/mingw64/bin/../lib/gcc/avr/8.5.0/avr5\libgcc.a(_clear_bss.o)
                              .build/obj_bastardkb_charybdis_3x5_v2_elitec_via/spi_master.a(spi_master.o) (__do_clear_bss)
c:/qmk_msys/mingw64/bin/../lib/gcc/avr/8.5.0/avr5\libgcc.a(_prologue.o)
                              .build/obj_bastardkb_charybdis_3x5_v2_elitec_via/serial.a(serial.o) (__prologue_saves__)
c:/qmk_msys/mingw64/bin/../lib/gcc/avr/8.5.0/avr5\libgcc.a(_epilogue.o)
                              .build/obj_bastardkb_charybdis_3x5_v2_elitec_via/serial.a(serial.o) (__epilogue_restores__)
c:/qmk_msys/mingw64/bin/../lib/gcc/avr/8.5.0/../../../../avr/lib/avr5\libatmega32u4.a(eerd_byte.o)
                              .build/obj_bastardkb_charybdis_3x5_v2_elitec_via/quantum/eeconfig.o (symbol from plugin) (eeprom_read_byte)
c:/qmk_msys/mingw64/bin/../lib/gcc/avr/8.5.0/../../../../avr/lib/avr5\libatmega32u4.a(eerd_dword.o)
                              .build/obj_bastardkb_charybdis_3x5_v2_elitec_via/quantum/eeconfig.o (symbol from plugin) (eeprom_read_dword)
c:/qmk_msys/mingw64/bin/../lib/gcc/avr/8.5.0/../../../../avr/lib/avr5\libatmega32u4.a(eerd_word.o)
                              .build/obj_bastardkb_charybdis_3x5_v2_elitec_via/quantum/eeconfig.o (symbol from plugin) (eeprom_read_word)
c:/qmk_msys/mingw64/bin/../lib/gcc/avr/8.5.0/../../../../avr/lib/avr5\libatmega32u4.a(eeupd_byte.o)
                              .build/obj_bastardkb_charybdis_3x5_v2_elitec_via/quantum/eeconfig.o (symbol from plugin) (eeprom_update_byte)
c:/qmk_msys/mingw64/bin/../lib/gcc/avr/8.5.0/../../../../avr/lib/avr5\libatmega32u4.a(eeupd_dword.o)
                              .build/obj_bastardkb_charybdis_3x5_v2_elitec_via/quantum/eeconfig.o (symbol from plugin) (eeprom_update_dword)
c:/qmk_msys/mingw64/bin/../lib/gcc/avr/8.5.0/../../../../avr/lib/avr5\libatmega32u4.a(eeupd_word.o)
                              .build/obj_bastardkb_charybdis_3x5_v2_elitec_via/quantum/eeconfig.o (symbol from plugin) (eeprom_update_word)
c:/qmk_msys/mingw64/bin/../lib/gcc/avr/8.5.0/../../../../avr/lib/avr5\libatmega32u4.a(eerd_block.o)
                              c:/qmk_msys/mingw64/bin/../lib/gcc/avr/8.5.0/../../../../avr/lib/avr5\libatmega32u4.a(eerd_dword.o) (eeprom_read_blraw)
c:/qmk_msys/mingw64/bin/../lib/gcc/avr/8.5.0/avr5\libgcc.a(_udivmodhi4.o)
                              C:\Users\colton\AppData\Local\Temp\ccr4OPvs.ltrans0.ltrans.o (__udivmodhi4)
c:/qmk_msys/mingw64/bin/../lib/gcc/avr/8.5.0/avr5\libgcc.a(_tablejump2.o)
                              C:\Users\colton\AppData\Local\Temp\ccr4OPvs.ltrans0.ltrans.o (__tablejump2__)
c:/qmk_msys/mingw64/bin/../lib/gcc/avr/8.5.0/avr5\libgcc.a(_bswapsi2.o)
                              C:\Users\colton\AppData\Local\Temp\ccr4OPvs.ltrans0.ltrans.o (__bswapsi2)
c:/qmk_msys/mingw64/bin/../lib/gcc/avr/8.5.0/../../../../avr/lib/avr5\libc.a(memcmp.o)
                              C:\Users\colton\AppData\Local\Temp\ccr4OPvs.ltrans0.ltrans.o (memcmp)
c:/qmk_msys/mingw64/bin/../lib/gcc/avr/8.5.0/../../../../avr/lib/avr5\libc.a(memcpy.o)
                              C:\Users\colton\AppData\Local\Temp\ccr4OPvs.ltrans0.ltrans.o (memcpy)

Allocating common symbols
Common symbol       size              file

USB_IsInitialized   0x1               .build/obj_bastardkb_charybdis_3x5_v2_elitec_via/lib/lufa/LUFA/Drivers/USB/Core/USBTask.o (symbol from plugin)
keymap_config       0x2               .build/obj_bastardkb_charybdis_3x5_v2_elitec_via/quantum/bootmagic/magic.o (symbol from plugin)
thatHand            0x1               .build/obj_bastardkb_charybdis_3x5_v2_elitec_via/quantum/matrix_common.o (symbol from plugin)
sync_timer_ms       0x4               .build/obj_bastardkb_charybdis_3x5_v2_elitec_via/quantum/sync_timer.o (symbol from plugin)
USB_DeviceState     0x1               .build/obj_bastardkb_charybdis_3x5_v2_elitec_via/lib/lufa/LUFA/Drivers/USB/Core/USBTask.o (symbol from plugin)
USB_Device_ConfigurationNumber
[...]
Memory Configuration

Name             Origin             Length             Attributes
text             0x0000000000000000 0x0000000000020000 xr
data             0x0000000000800060 0x000000000000ffa0 rw !x
eeprom           0x0000000000810000 0x0000000000010000 rw !x
fuse             0x0000000000820000 0x0000000000000003 rw !x
lock             0x0000000000830000 0x0000000000000400 rw !x
signature        0x0000000000840000 0x0000000000000400 rw !x
user_signatures  0x0000000000850000 0x0000000000000400 rw !x
*default*        0x0000000000000000 0xffffffffffffffff

Linker script and memory map

Address of section .data set to 0x800100
LOAD c:/qmk_msys/mingw64/bin/../lib/gcc/avr/8.5.0/../../../../avr/lib/avr5/crtatmega32u4.o
LOAD .build/obj_bastardkb_charybdis_3x5_v2_elitec_via/keyboards/bastardkb/charybdis/charybdis.o
LOAD C:\Users\colton\AppData\Local\Temp\ccnxbLI8debugobj
LOAD C:\Users\colton\AppData\Local\Temp\ccr4OPvs.ltrans0.ltrans.o
LOAD .build/obj_bastardkb_charybdis_3x5_v2_elitec_via/keyboards/bastardkb/charybdis/3x5/3x5.o
LOAD .build/obj_bastardkb_charybdis_3x5_v2_elitec_via/.build/obj_bastardkb_charybdis_3x5_v2_elitec/src/default_keyboard.o
LOAD .build/obj_bastardkb_charybdis_3x5_v2_elitec_via/quantum/keymap_introspection.o
LOAD .build/obj_bastardkb_charybdis_3x5_v2_elitec_via/quantum/quantum.o
LOAD .build/obj_bastardkb_charybdis_3x5_v2_elitec_via/quantum/bitwise.o
LOAD .build/obj_bastardkb_charybdis_3x5_v2_elitec_via/quantum/led.o
LOAD .build/obj_bastardkb_charybdis_3x5_v2_elitec_via/quantum/action.o
LOAD .build/obj_bastardkb_charybdis_3x5_v2_elitec_via/quantum/action_layer.o
LOAD .build/obj_bastardkb_charybdis_3x5_v2_elitec_via/quantum/action_tapping.o
LOAD .build/obj_bastardkb_charybdis_3x5_v2_elitec_via/quantum/action_util.o
LOAD .build/obj_bastardkb_charybdis_3x5_v2_elitec_via/quantum/eeconfig.o
LOAD .build/obj_bastardkb_charybdis_3x5_v2_elitec_via/quantum/keyboard.o
LOAD .build/obj_bastardkb_charybdis_3x5_v2_elitec_via/quantum/keymap_common.o
LOAD .build/obj_bastardkb_charybdis_3x5_v2_elitec_via/quantum/keycode_config.o
LOAD .build/obj_bastardkb_charybdis_3x5_v2_elitec_via/quantum/sync_timer.o
LOAD .build/obj_bastardkb_charybdis_3x5_v2_elitec_via/quantum/logging/debug.o
LOAD .build/obj_bastardkb_charybdis_3x5_v2_elitec_via/quantum/logging/sendchar.o
LOAD .build/obj_bastardkb_charybdis_3x5_v2_elitec_via/quantum/bootmagic/bootmagic_lite.o
LOAD .build/obj_bastardkb_charybdis_3x5_v2_elitec_via/quantum/bootmagic/magic.o
LOAD .build/obj_bastardkb_charybdis_3x5_v2_elitec_via/quantum/matrix_common.o
LOAD .build/obj_bastardkb_charybdis_3x5_v2_elitec_via/quantum/matrix.o
LOAD .build/obj_bastardkb_charybdis_3x5_v2_elitec_via/quantum/debounce/sym_defer_g.o
LOAD .build/obj_bastardkb_charybdis_3x5_v2_elitec_via/quantum/split_common/split_util.o
LOAD .build/obj_bastardkb_charybdis_3x5_v2_elitec_via/quantum/split_common/transport.o
LOAD .build/obj_bastardkb_charybdis_3x5_v2_elitec_via/quantum/split_common/transactions.o
LOAD .build/obj_bastardkb_charybdis_3x5_v2_elitec_via/quantum/main.o
LOAD .build/obj_bastardkb_charybdis_3x5_v2_elitec_via/quantum/pointing_device/pointing_device.o
LOAD .build/obj_bastardkb_charybdis_3x5_v2_elitec_via/quantum/pointing_device/pointing_device_drivers.o
LOAD .build/obj_bastardkb_charybdis_3x5_v2_elitec_via/quantum/pointing_device/pointing_device_auto_mouse.o
LOAD .build/obj_bastardkb_charybdis_3x5_v2_elitec_via/drivers/sensors/pmw3360.o
LOAD .build/obj_bastardkb_charybdis_3x5_v2_elitec_via/drivers/sensors/pmw33xx_common.o
LOAD .build/obj_bastardkb_charybdis_3x5_v2_elitec_via/quantum/via.o
LOAD .build/obj_bastardkb_charybdis_3x5_v2_elitec_via/crc.o
LOAD .build/obj_bastardkb_charybdis_3x5_v2_elitec_via/quantum/process_keycode/process_magic.o
LOAD .build/obj_bastardkb_charybdis_3x5_v2_elitec_via/quantum/send_string/send_string.o
LOAD .build/obj_bastardkb_charybdis_3x5_v2_elitec_via/quantum/dynamic_keymap.o
LOAD .build/obj_bastardkb_charybdis_3x5_v2_elitec_via/quantum/process_keycode/process_grave_esc.o
LOAD .build/obj_bastardkb_charybdis_3x5_v2_elitec_via/quantum/process_keycode/process_space_cadet.o
LOAD .build/obj_bastardkb_charybdis_3x5_v2_elitec_via/quantum/process_keycode/process_tri_layer.o
LOAD .build/obj_bastardkb_charybdis_3x5_v2_elitec_via/quantum/tri_layer.o
LOAD .build/obj_bastardkb_charybdis_3x5_v2_elitec_via/spi_master.a
LOAD .build/obj_bastardkb_charybdis_3x5_v2_elitec_via/i2c_master.a
LOAD .build/obj_bastardkb_charybdis_3x5_v2_elitec_via/i2c_slave.a
LOAD .build/obj_bastardkb_charybdis_3x5_v2_elitec_via/serial.a
LOAD .build/obj_bastardkb_charybdis_3x5_v2_elitec_via/platforms/avr/xprintf.o
LOAD .build/obj_bastardkb_charybdis_3x5_v2_elitec_via/platforms/avr/printf.o
LOAD .build/obj_bastardkb_charybdis_3x5_v2_elitec_via/protocol/host.o
LOAD .build/obj_bastardkb_charybdis_3x5_v2_elitec_via/protocol/report.o
LOAD .build/obj_bastardkb_charybdis_3x5_v2_elitec_via/protocol/usb_device_state.o
LOAD .build/obj_bastardkb_charybdis_3x5_v2_elitec_via/protocol/usb_util.o
LOAD .build/obj_bastardkb_charybdis_3x5_v2_elitec_via/platforms/suspend.o
LOAD .build/obj_bastardkb_charybdis_3x5_v2_elitec_via/platforms/synchronization_util.o
LOAD .build/obj_bastardkb_charybdis_3x5_v2_elitec_via/platforms/timer.o
LOAD .build/obj_bastardkb_charybdis_3x5_v2_elitec_via/platforms/avr/hardware_id.o
LOAD .build/obj_bastardkb_charybdis_3x5_v2_elitec_via/platforms/avr/platform.o
LOAD .build/obj_bastardkb_charybdis_3x5_v2_elitec_via/platforms/avr/suspend.o
LOAD .build/obj_bastardkb_charybdis_3x5_v2_elitec_via/platforms/avr/timer.o
LOAD .build/obj_bastardkb_charybdis_3x5_v2_elitec_via/platforms/avr/bootloaders/dfu.o
LOAD .build/obj_bastardkb_charybdis_3x5_v2_elitec_via/lufa.o
LOAD .build/obj_bastardkb_charybdis_3x5_v2_elitec_via/usb_descriptor.o
LOAD .build/obj_bastardkb_charybdis_3x5_v2_elitec_via/lib/lufa/LUFA/Drivers/USB/Class/Common/HIDParser.o
LOAD .build/obj_bastardkb_charybdis_3x5_v2_elitec_via/lib/lufa/LUFA/Drivers/USB/Core/AVR8/Device_AVR8.o
LOAD .build/obj_bastardkb_charybdis_3x5_v2_elitec_via/lib/lufa/LUFA/Drivers/USB/Core/AVR8/EndpointStream_AVR8.o
LOAD .build/obj_bastardkb_charybdis_3x5_v2_elitec_via/lib/lufa/LUFA/Drivers/USB/Core/AVR8/Endpoint_AVR8.o
LOAD .build/obj_bastardkb_charybdis_3x5_v2_elitec_via/lib/lufa/LUFA/Drivers/USB/Core/AVR8/Host_AVR8.o
LOAD .build/obj_bastardkb_charybdis_3x5_v2_elitec_via/lib/lufa/LUFA/Drivers/USB/Core/AVR8/PipeStream_AVR8.o
LOAD .build/obj_bastardkb_charybdis_3x5_v2_elitec_via/lib/lufa/LUFA/Drivers/USB/Core/AVR8/Pipe_AVR8.o
LOAD .build/obj_bastardkb_charybdis_3x5_v2_elitec_via/lib/lufa/LUFA/Drivers/USB/Core/AVR8/USBController_AVR8.o
LOAD .build/obj_bastardkb_charybdis_3x5_v2_elitec_via/lib/lufa/LUFA/Drivers/USB/Core/AVR8/USBInterrupt_AVR8.o
LOAD .build/obj_bastardkb_charybdis_3x5_v2_elitec_via/lib/lufa/LUFA/Drivers/USB/Core/ConfigDescriptors.o
LOAD .build/obj_bastardkb_charybdis_3x5_v2_elitec_via/lib/lufa/LUFA/Drivers/USB/Core/DeviceStandardReq.o
LOAD .build/obj_bastardkb_charybdis_3x5_v2_elitec_via/lib/lufa/LUFA/Drivers/USB/Core/Events.o
LOAD .build/obj_bastardkb_charybdis_3x5_v2_elitec_via/lib/lufa/LUFA/Drivers/USB/Core/HostStandardReq.o
LOAD .build/obj_bastardkb_charybdis_3x5_v2_elitec_via/lib/lufa/LUFA/Drivers/USB/Core/USBTask.o
LOAD .build/obj_bastardkb_charybdis_3x5_v2_elitec_via/protocol/lufa/usb_util.o
LOAD c:/qmk_msys/mingw64/bin/../lib/gcc/avr/8.5.0/../../../../avr/lib/avr5\libm.a
START GROUP
LOAD c:/qmk_msys/mingw64/bin/../lib/gcc/avr/8.5.0/avr5\libgcc.a
LOAD c:/qmk_msys/mingw64/bin/../lib/gcc/avr/8.5.0/../../../../avr/lib/avr5\libm.a
LOAD c:/qmk_msys/mingw64/bin/../lib/gcc/avr/8.5.0/../../../../avr/lib/avr5\libc.a
LOAD c:/qmk_msys/mingw64/bin/../lib/gcc/avr/8.5.0/../../../../avr/lib/avr5\libatmega32u4.a
END GROUP
                0x0000000000020000                __TEXT_REGION_LENGTH__ = DEFINED (__TEXT_REGION_LENGTH__)?__TEXT_REGION_LENGTH__:0x20000
                0x000000000000ffa0                __DATA_REGION_LENGTH__ = DEFINED (__DATA_REGION_LENGTH__)?__DATA_REGION_LENGTH__:0xffa0
                0x0000000000010000                __EEPROM_REGION_LENGTH__ = DEFINED (__EEPROM_REGION_LENGTH__)?__EEPROM_REGION_LENGTH__:0x10000
                [0x0000000000000003]                __FUSE_REGION_LENGTH__ = DEFINED (__FUSE_REGION_LENGTH__)?__FUSE_REGION_LENGTH__:0x400
                0x0000000000000400                __LOCK_REGION_LENGTH__ = DEFINED (__LOCK_REGION_LENGTH__)?__LOCK_REGION_LENGTH__:0x400
                0x0000000000000400                __SIGNATURE_REGION_LENGTH__ = DEFINED (__SIGNATURE_REGION_LENGTH__)?__SIGNATURE_REGION_LENGTH__:0x400
                0x0000000000000400                __USER_SIGNATURE_REGION_LENGTH__ = DEFINED (__USER_SIGNATURE_REGION_LENGTH__)?__USER_SIGNATURE_REGION_LENGTH__:0x400

.hash
 *(.hash)

.dynsym
 *(.dynsym)

.dynstr
 *(.dynstr)

.gnu.version
 *(.gnu.version)

.gnu.version_d
 *(.gnu.version_d)

.gnu.version_r
 *(.gnu.version_r)

.rel.init
 *(.rel.init)

.rela.init
 *(.rela.init)

.rel.text
 *(.rel.text)
 *(.rel.text.*)
 *(.rel.gnu.linkonce.t*)

.rela.text
 *(.rela.text)
 *(.rela.text.*)
 *(.rela.gnu.linkonce.t*)

.rel.fini
 *(.rel.fini)

.rela.fini
 *(.rela.fini)

.rel.rodata
 *(.rel.rodata)
 *(.rel.rodata.*)
 *(.rel.gnu.linkonce.r*)

.rela.rodata
 *(.rela.rodata)
 *(.rela.rodata.*)
 *(.rela.gnu.linkonce.r*)

.rel.data
 *(.rel.data)
 *(.rel.data.*)
 *(.rel.gnu.linkonce.d*)

.rela.data
 *(.rela.data)
 *(.rela.data.*)
 *(.rela.gnu.linkonce.d*)

.rel.ctors
 *(.rel.ctors)

.rela.ctors
 *(.rela.ctors)

.rel.dtors
 *(.rel.dtors)

.rela.dtors
 *(.rela.dtors)

.rel.got
 *(.rel.got)

.rela.got
 *(.rela.got)

.rel.bss
 *(.rel.bss)

.rela.bss
 *(.rela.bss)

.rel.plt
 *(.rel.plt)

.rela.plt
 *(.rela.plt)

.text           0x0000000000000000     0x5adc
 *(.vectors)
 .vectors       0x0000000000000000       0xac c:/qmk_msys/mingw64/bin/../lib/gcc/avr/8.5.0/../../../../avr/lib/avr5/crtatmega32u4.o
                0x0000000000000000                __vector_default
                0x0000000000000000                __vectors
 *(.vectors)
 *(.progmem.gcc*)
                0x00000000000000ac                . = ALIGN (0x2)
                0x00000000000000ac                __trampolines_start = .
 *(.trampolines)
 .trampolines   0x00000000000000ac        0x0 linker stubs
 *(.trampolines*)
                0x00000000000000ac                __trampolines_end = .
 *libprintf_flt.a:*(.progmem.data)
 *libc.a:*(.progmem.data)
 *(.progmem.*)
 .progmem.data.SharedReport
                0x00000000000000ac       0x32 C:\Users\colton\AppData\Local\Temp\ccr4OPvs.ltrans0.ltrans.o
 .progmem.data.MouseReport
                0x00000000000000de       0x47 C:\Users\colton\AppData\Local\Temp\ccr4OPvs.ltrans0.ltrans.o
 .progmem.data.RawReport
                0x0000000000000125       0x22 C:\Users\colton\AppData\Local\Temp\ccr4OPvs.ltrans0.ltrans.o
 .progmem.data.KeyboardReport
                0x0000000000000147       0x40 C:\Users\colton\AppData\Local\Temp\ccr4OPvs.ltrans0.ltrans.o
 .progmem.data.ascii_to_dead_lut
                0x0000000000000187       0x10 C:\Users\colton\AppData\Local\Temp\ccr4OPvs.ltrans0.ltrans.o
 .progmem.data.ascii_to_altgr_lut
                0x0000000000000197       0x10 C:\Users\colton\AppData\Local\Temp\ccr4OPvs.ltrans0.ltrans.o
 .progmem.data.ascii_to_shift_lut
                0x00000000000001a7       0x10 C:\Users\colton\AppData\Local\Temp\ccr4OPvs.ltrans0.ltrans.o
 .progmem.data.ascii_to_keycode_lut
                0x00000000000001b7       0x80 C:\Users\colton\AppData\Local\Temp\ccr4OPvs.ltrans0.ltrans.o
 .progmem.data.pmw33xx_firmware_data
                0x0000000000000237      0xffe C:\Users\colton\AppData\Local\Temp\ccr4OPvs.ltrans0.ltrans.o
 .progmem.data.keymaps
                0x0000000000001235      0x230 C:\Users\colton\AppData\Local\Temp\ccr4OPvs.ltrans0.ltrans.o
 .progmem.data.ConfigurationDescriptor
                0x0000000000001465       0x74 C:\Users\colton\AppData\Local\Temp\ccr4OPvs.ltrans0.ltrans.o
 .progmem.data.DeviceDescriptor
                0x00000000000014d9       0x12 C:\Users\colton\AppData\Local\Temp\ccr4OPvs.ltrans0.ltrans.o
 .progmem.data.ProductString
                0x00000000000014eb       0x40 C:\Users\colton\AppData\Local\Temp\ccr4OPvs.ltrans0.ltrans.o
 .progmem.data.ManufacturerString
                0x000000000000152b       0x26 C:\Users\colton\AppData\Local\Temp\ccr4OPvs.ltrans0.ltrans.o
 .progmem.data.LanguageString
                0x0000000000001551        0x4 C:\Users\colton\AppData\Local\Temp\ccr4OPvs.ltrans0.ltrans.o
                0x0000000000001556                . = ALIGN (0x2)
 *fill*         0x0000000000001555        0x1 
 *(.lowtext)
 *(.lowtext*)
                0x0000000000001556                __ctors_start = .
 *(.ctors)
                0x0000000000001556                __ctors_end = .
                0x0000000000001556                __dtors_start = .
 *(.dtors)
                0x0000000000001556                __dtors_end = .
 SORT_BY_NAME(*)(.ctors)
 SORT_BY_NAME(*)(.dtors)
 *(.init0)
 .init0         0x0000000000001556        0x0 c:/qmk_msys/mingw64/bin/../lib/gcc/avr/8.5.0/../../../../avr/lib/avr5/crtatmega32u4.o
                0x0000000000001556                __init
 *(.init0)
 *(.init1)
 *(.init1)
 *(.init2)
 .init2         0x0000000000001556        0xc c:/qmk_msys/mingw64/bin/../lib/gcc/avr/8.5.0/../../../../avr/lib/avr5/crtatmega32u4.o
 *(.init2)
 *(.init3)
 .init3         0x0000000000001562       0x36 C:\Users\colton\AppData\Local\Temp\ccr4OPvs.ltrans0.ltrans.o
                0x0000000000001562                bootloader_jump_after_watchdog_reset
 *(.init3)
 *(.init4)
 .init4         0x0000000000001598       0x16 c:/qmk_msys/mingw64/bin/../lib/gcc/avr/8.5.0/avr5\libgcc.a(_copy_data.o)
                0x0000000000001598                __do_copy_data
 .init4         0x00000000000015ae       0x10 c:/qmk_msys/mingw64/bin/../lib/gcc/avr/8.5.0/avr5\libgcc.a(_clear_bss.o)
                0x00000000000015ae                __do_clear_bss
 *(.init4)
 *(.init5)
 *(.init5)
 *(.init6)
 *(.init6)
 *(.init7)
 *(.init7)
 *(.init8)
 *(.init8)
 *(.init9)
 .init9         0x00000000000015be        0x8 c:/qmk_msys/mingw64/bin/../lib/gcc/avr/8.5.0/../../../../avr/lib/avr5/crtatmega32u4.o
 *(.init9)
 *(.text)
 .text          0x00000000000015c6        0x4 c:/qmk_msys/mingw64/bin/../lib/gcc/avr/8.5.0/../../../../avr/lib/avr5/crtatmega32u4.o
                0x00000000000015c6                __vector_38
                0x00000000000015c6                __vector_22
                0x00000000000015c6                __vector_28
                0x00000000000015c6                __vector_1
                0x00000000000015c6                __vector_32
                0x00000000000015c6                __vector_34
                0x00000000000015c6                __vector_24
                0x00000000000015c6                __bad_interrupt
                0x00000000000015c6                __vector_6
                0x00000000000015c6                __vector_31
                0x00000000000015c6                __vector_35
                0x00000000000015c6                __vector_39
                0x00000000000015c6                __vector_23
                0x00000000000015c6                __vector_30
                0x00000000000015c6                __vector_25
                0x00000000000015c6                __vector_13
                0x00000000000015c6                __vector_17
                0x00000000000015c6                __vector_19
                0x00000000000015c6                __vector_7
                0x00000000000015c6                __vector_41
                0x00000000000015c6                __vector_27
                0x00000000000015c6                __vector_5
                0x00000000000015c6                __vector_33
                0x00000000000015c6                __vector_37
                0x00000000000015c6                __vector_4
                0x00000000000015c6                __vector_9
                0x00000000000015c6                __vector_2
                0x00000000000015c6                __vector_15
                0x00000000000015c6                __vector_36
                0x00000000000015c6                __vector_29
                0x00000000000015c6                __vector_40
                0x00000000000015c6                __vector_8
                0x00000000000015c6                __vector_26
                0x00000000000015c6                __vector_14
                0x00000000000015c6                __vector_16
                0x00000000000015c6                __vector_18
                0x00000000000015c6                __vector_20
                0x00000000000015c6                __vector_42
                0x00000000000015ca                . = ALIGN (0x2)
 *(.text.*)
 .text.USB_Disable
                0x00000000000015ca       0x3e C:\Users\colton\AppData\Local\Temp\ccr4OPvs.ltrans0.ltrans.o
 .text.Endpoint_WaitUntilReady
                0x0000000000001608       0x62 C:\Users\colton\AppData\Local\Temp\ccr4OPvs.ltrans0.ltrans.o
 .text.Endpoint_ClearStatusStage
                0x000000000000166a       0x3e C:\Users\colton\AppData\Local\Temp\ccr4OPvs.ltrans0.ltrans.o
 .text.Endpoint_ConfigureEndpoint_Prv
                0x00000000000016a8       0x64 C:\Users\colton\AppData\Local\Temp\ccr4OPvs.ltrans0.ltrans.o
 .text.USB_Init
                0x000000000000170c       0xb6 C:\Users\colton\AppData\Local\Temp\ccr4OPvs.ltrans0.ltrans.o
 .text.Endpoint_Write_Control_Stream_LE
                0x00000000000017c2       0xbc C:\Users\colton\AppData\Local\Temp\ccr4OPvs.ltrans0.ltrans.o
 .text.keyboard_leds
                0x000000000000187e        0x6 C:\Users\colton\AppData\Local\Temp\ccr4OPvs.ltrans0.ltrans.o
 .text.timer_elapsed
                0x0000000000001884       0x1e C:\Users\colton\AppData\Local\Temp\ccr4OPvs.ltrans0.ltrans.o
 .text.timer_read32
                0x00000000000018a2       0x18 C:\Users\colton\AppData\Local\Temp\ccr4OPvs.ltrans0.ltrans.o
 .text.add_key_byte
                0x00000000000018ba       0x34 C:\Users\colton\AppData\Local\Temp\ccr4OPvs.ltrans0.ltrans.o
 .text.host_consumer_send
                0x00000000000018ee       0x4a C:\Users\colton\AppData\Local\Temp\ccr4OPvs.ltrans0.ltrans.o
 .text.host_system_send
                0x0000000000001938       0x4a C:\Users\colton\AppData\Local\Temp\ccr4OPvs.ltrans0.ltrans.o
 .text.crc8     0x0000000000001982       0x2c C:\Users\colton\AppData\Local\Temp\ccr4OPvs.ltrans0.ltrans.o
 .text.sendchar
                0x00000000000019ae        0x4 C:\Users\colton\AppData\Local\Temp\ccr4OPvs.ltrans0.ltrans.o
 .text.setPinInputHigh_atomic
                0x00000000000019b2       0x2e C:\Users\colton\AppData\Local\Temp\ccr4OPvs.ltrans0.ltrans.o
 .text.mod_config
                0x00000000000019e0       0x86 C:\Users\colton\AppData\Local\Temp\ccr4OPvs.ltrans0.ltrans.o
 .text.keycode_config
                0x0000000000001a66      0x144 C:\Users\colton\AppData\Local\Temp\ccr4OPvs.ltrans0.ltrans.o
 .text.action_for_keycode
                0x0000000000001baa      0x22e C:\Users\colton\AppData\Local\Temp\ccr4OPvs.ltrans0.ltrans.o
 .text.waiting_buffer_typed.isra.2
                0x0000000000001dd8       0x40 C:\Users\colton\AppData\Local\Temp\ccr4OPvs.ltrans0.ltrans.o
 .text.debug_waiting_buffer
                0x0000000000001e18       0x14 C:\Users\colton\AppData\Local\Temp\ccr4OPvs.ltrans0.ltrans.o
 .text.read_source_layers_cache
                0x0000000000001e2c       0x68 C:\Users\colton\AppData\Local\Temp\ccr4OPvs.ltrans0.ltrans.o
 .text.update_source_layers_cache
                0x0000000000001e94       0x6e C:\Users\colton\AppData\Local\Temp\ccr4OPvs.ltrans0.ltrans.o
 .text.default_layer_state_set
                0x0000000000001f02        0x6 C:\Users\colton\AppData\Local\Temp\ccr4OPvs.ltrans0.ltrans.o
 .text.has_shift_mod
                0x0000000000001f08       0x14 C:\Users\colton\AppData\Local\Temp\ccr4OPvs.ltrans0.ltrans.o
 .text.send_report
                0x0000000000001f1c       0x76 C:\Users\colton\AppData\Local\Temp\ccr4OPvs.ltrans0.ltrans.o
 .text.send_extra
                0x0000000000001f92        0xe C:\Users\colton\AppData\Local\Temp\ccr4OPvs.ltrans0.ltrans.o
 .text.send_mouse
                0x0000000000001fa0        0xe C:\Users\colton\AppData\Local\Temp\ccr4OPvs.ltrans0.ltrans.o
 .text.send_keyboard
                0x0000000000001fae       0x28 C:\Users\colton\AppData\Local\Temp\ccr4OPvs.ltrans0.ltrans.o
 .text.bootloader_jump
                0x0000000000001fd6       0x48 C:\Users\colton\AppData\Local\Temp\ccr4OPvs.ltrans0.ltrans.o
 .text.transaction_handler_master.isra.3
                0x000000000000201e       0x66 C:\Users\colton\AppData\Local\Temp\ccr4OPvs.ltrans0.ltrans.o
 .text.is_keyboard_master
                0x0000000000002084       0x46 C:\Users\colton\AppData\Local\Temp\ccr4OPvs.ltrans0.ltrans.o
 .text.host_keyboard_leds
                0x00000000000020ca       0x22 C:\Users\colton\AppData\Local\Temp\ccr4OPvs.ltrans0.ltrans.o
 .text.is_keyboard_left
                0x00000000000020ec        0xa C:\Users\colton\AppData\Local\Temp\ccr4OPvs.ltrans0.ltrans.o
 .text.pmw33xx_spi_start.constprop.9
                0x00000000000020f6       0x2e C:\Users\colton\AppData\Local\Temp\ccr4OPvs.ltrans0.ltrans.o
 .text.pointing_device_set_cpi
                0x0000000000002124       0x24 C:\Users\colton\AppData\Local\Temp\ccr4OPvs.ltrans0.ltrans.o
 .text.maybe_update_pointing_device_cpi.constprop.48
                0x0000000000002148       0x38 C:\Users\colton\AppData\Local\Temp\ccr4OPvs.ltrans0.ltrans.o
 .text.layer_state_set
                0x0000000000002180       0x26 C:\Users\colton\AppData\Local\Temp\ccr4OPvs.ltrans0.ltrans.o
 .text.update_tri_layer
                0x00000000000021a6       0x40 C:\Users\colton\AppData\Local\Temp\ccr4OPvs.ltrans0.ltrans.o
 .text.layer_off
                0x00000000000021e6       0x1a C:\Users\colton\AppData\Local\Temp\ccr4OPvs.ltrans0.ltrans.o
 .text.layer_on
                0x0000000000002200       0x18 C:\Users\colton\AppData\Local\Temp\ccr4OPvs.ltrans0.ltrans.o
 .text.pmw33xx_write.constprop.8
                0x0000000000002218       0x6c C:\Users\colton\AppData\Local\Temp\ccr4OPvs.ltrans0.ltrans.o
 .text.pmw33xx_set_cpi_wrapper
                0x0000000000002284       0x2e C:\Users\colton\AppData\Local\Temp\ccr4OPvs.ltrans0.ltrans.o
 .text.pmw33xx_read.constprop.6
                0x00000000000022b2       0x42 C:\Users\colton\AppData\Local\Temp\ccr4OPvs.ltrans0.ltrans.o
 .text.pmw33xx_get_cpi_wrapper
                0x00000000000022f4       0x16 C:\Users\colton\AppData\Local\Temp\ccr4OPvs.ltrans0.ltrans.o
 .text.dynamic_keymap_macro_reset
                0x000000000000230a       0x20 C:\Users\colton\AppData\Local\Temp\ccr4OPvs.ltrans0.ltrans.o
 .text.dynamic_keymap_set_keycode
                0x000000000000232a       0x4c C:\Users\colton\AppData\Local\Temp\ccr4OPvs.ltrans0.ltrans.o
 .text.dynamic_keymap_reset
                0x0000000000002376       0x70 C:\Users\colton\AppData\Local\Temp\ccr4OPvs.ltrans0.ltrans.o
 .text.via_eeprom_set_valid
                0x00000000000023e6       0x32 C:\Users\colton\AppData\Local\Temp\ccr4OPvs.ltrans0.ltrans.o
 .text.eeconfig_init_via
                0x0000000000002418       0x20 C:\Users\colton\AppData\Local\Temp\ccr4OPvs.ltrans0.ltrans.o
 .text.dynamic_keymap_get_keycode
                0x0000000000002438       0x5e C:\Users\colton\AppData\Local\Temp\ccr4OPvs.ltrans0.ltrans.o
 .text.keymap_key_to_keycode
                0x0000000000002496       0x1c C:\Users\colton\AppData\Local\Temp\ccr4OPvs.ltrans0.ltrans.o
 .text.layer_switch_get_layer
                0x00000000000024b2       0x5e C:\Users\colton\AppData\Local\Temp\ccr4OPvs.ltrans0.ltrans.o
 .text.layer_switch_get_action
                0x0000000000002510       0x1a C:\Users\colton\AppData\Local\Temp\ccr4OPvs.ltrans0.ltrans.o
 .text.is_tap_record
                0x000000000000252a       0x54 C:\Users\colton\AppData\Local\Temp\ccr4OPvs.ltrans0.ltrans.o
 .text.via_eeprom_is_valid
                0x000000000000257e       0x32 C:\Users\colton\AppData\Local\Temp\ccr4OPvs.ltrans0.ltrans.o
 .text.pmw33xx_get_report
                0x00000000000025b0      0x162 C:\Users\colton\AppData\Local\Temp\ccr4OPvs.ltrans0.ltrans.o
 .text.unlikely.pmw33xx_init_wrapper
                0x0000000000002712      0x138 C:\Users\colton\AppData\Local\Temp\ccr4OPvs.ltrans0.ltrans.o
 .text.send_keyboard_report
                0x000000000000284a       0x4e C:\Users\colton\AppData\Local\Temp\ccr4OPvs.ltrans0.ltrans.o
 .text.unregister_mods
                0x0000000000002898       0x16 C:\Users\colton\AppData\Local\Temp\ccr4OPvs.ltrans0.ltrans.o
 .text.register_mods
                0x00000000000028ae       0x14 C:\Users\colton\AppData\Local\Temp\ccr4OPvs.ltrans0.ltrans.o
 .text.pointing_device_send
                0x00000000000028c2       0x52 C:\Users\colton\AppData\Local\Temp\ccr4OPvs.ltrans0.ltrans.o
 .text.pointing_device_task
                0x0000000000002914      0x246 C:\Users\colton\AppData\Local\Temp\ccr4OPvs.ltrans0.ltrans.o
 .text.register_mouse
                0x0000000000002b5a       0x2e C:\Users\colton\AppData\Local\Temp\ccr4OPvs.ltrans0.ltrans.o
 .text.unregister_code
                0x0000000000002b88       0x8c C:\Users\colton\AppData\Local\Temp\ccr4OPvs.ltrans0.ltrans.o
 .text.register_code
                0x0000000000002c14       0xb8 C:\Users\colton\AppData\Local\Temp\ccr4OPvs.ltrans0.ltrans.o
 .text.tap_code
                0x0000000000002ccc       0x3c C:\Users\colton\AppData\Local\Temp\ccr4OPvs.ltrans0.ltrans.o
 .text.clear_keyboard
                0x0000000000002d08       0x2c C:\Users\colton\AppData\Local\Temp\ccr4OPvs.ltrans0.ltrans.o
 .text.USB_Device_ProcessControlRequest
                0x0000000000002d34      0x588 C:\Users\colton\AppData\Local\Temp\ccr4OPvs.ltrans0.ltrans.o
 .text.soft_reset_keyboard
                0x00000000000032bc       0x2c C:\Users\colton\AppData\Local\Temp\ccr4OPvs.ltrans0.ltrans.o
 .text.charybdis_cycle_pointer_default_dpi
                0x00000000000032e8       0x38 C:\Users\colton\AppData\Local\Temp\ccr4OPvs.ltrans0.ltrans.o
 .text.charybdis_cycle_pointer_sniping_dpi
                0x0000000000003320       0x3e C:\Users\colton\AppData\Local\Temp\ccr4OPvs.ltrans0.ltrans.o
 .text.sync_timer_handlers_master
                0x000000000000335e       0xd2 C:\Users\colton\AppData\Local\Temp\ccr4OPvs.ltrans0.ltrans.o
 .text.read_if_checksum_mismatch
                0x0000000000003430      0x14a C:\Users\colton\AppData\Local\Temp\ccr4OPvs.ltrans0.ltrans.o
 .text.pointing_handlers_master
                0x000000000000357a       0xc2 C:\Users\colton\AppData\Local\Temp\ccr4OPvs.ltrans0.ltrans.o
 .text.slave_matrix_handlers_master
                0x000000000000363c       0x68 C:\Users\colton\AppData\Local\Temp\ccr4OPvs.ltrans0.ltrans.o
 .text.__vector_11
                0x00000000000036a4       0x88 C:\Users\colton\AppData\Local\Temp\ccr4OPvs.ltrans0.ltrans.o
                0x00000000000036a4                __vector_11
 .text.__vector_10
                0x000000000000372c      0x1b2 C:\Users\colton\AppData\Local\Temp\ccr4OPvs.ltrans0.ltrans.o
                0x000000000000372c                __vector_10
 .text.__vector_21
                0x00000000000038de       0x48 C:\Users\colton\AppData\Local\Temp\ccr4OPvs.ltrans0.ltrans.o
                0x00000000000038de                __vector_21
 .text.timer_read
                0x0000000000003926       0x18 C:\Users\colton\AppData\Local\Temp\ccr4OPvs.ltrans0.ltrans.o
                0x0000000000003926                timer_read
 .text.perform_space_cadet.constprop.34
                0x000000000000393e       0xba C:\Users\colton\AppData\Local\Temp\ccr4OPvs.ltrans0.ltrans.o
 .text.process_record
                0x00000000000039f8      0x962 C:\Users\colton\AppData\Local\Temp\ccr4OPvs.ltrans0.ltrans.o
 .text.waiting_buffer_scan_tap
                0x000000000000435a       0xb4 C:\Users\colton\AppData\Local\Temp\ccr4OPvs.ltrans0.ltrans.o
 .text.process_tapping
                0x000000000000440e      0x2d0 C:\Users\colton\AppData\Local\Temp\ccr4OPvs.ltrans0.ltrans.o
 .text.action_exec
                0x00000000000046de      0x10a C:\Users\colton\AppData\Local\Temp\ccr4OPvs.ltrans0.ltrans.o
 .text.matrix_scan
                0x00000000000047e8      0x3b0 C:\Users\colton\AppData\Local\Temp\ccr4OPvs.ltrans0.ltrans.o
 .text.generate_tick_event
                0x0000000000004b98       0x50 C:\Users\colton\AppData\Local\Temp\ccr4OPvs.ltrans0.ltrans.o
 .text.__vector_12
                0x0000000000004be8       0x4e C:\Users\colton\AppData\Local\Temp\ccr4OPvs.ltrans0.ltrans.o
                0x0000000000004be8                __vector_12
 .text.startup.main
                0x0000000000004c36      0x6e8 C:\Users\colton\AppData\Local\Temp\ccr4OPvs.ltrans0.ltrans.o
                0x0000000000004c36                main
 .text.spi_init
                0x000000000000531e       0x10 .build/obj_bastardkb_charybdis_3x5_v2_elitec_via/spi_master.a(spi_master.o)
                0x000000000000531e                spi_init
 .text.spi_start
                0x000000000000532e       0xf0 .build/obj_bastardkb_charybdis_3x5_v2_elitec_via/spi_master.a(spi_master.o)
                0x000000000000532e                spi_start
 .text.spi_write
                0x000000000000541e       0x30 .build/obj_bastardkb_charybdis_3x5_v2_elitec_via/spi_master.a(spi_master.o)
                0x000000000000541e                spi_write
 .text.spi_read
                0x000000000000544e       0x30 .build/obj_bastardkb_charybdis_3x5_v2_elitec_via/spi_master.a(spi_master.o)
                0x000000000000544e                spi_read
 .text.spi_transmit
                0x000000000000547e       0x30 .build/obj_bastardkb_charybdis_3x5_v2_elitec_via/spi_master.a(spi_master.o)
                0x000000000000547e                spi_transmit
 .text.spi_receive
                0x00000000000054ae       0x30 .build/obj_bastardkb_charybdis_3x5_v2_elitec_via/spi_master.a(spi_master.o)
                0x00000000000054ae                spi_receive
 .text.spi_stop
                0x00000000000054de       0x54 .build/obj_bastardkb_charybdis_3x5_v2_elitec_via/spi_master.a(spi_master.o)
                0x00000000000054de                spi_stop
 .text.sync_recv
                0x0000000000005532       0x10 .build/obj_bastardkb_charybdis_3x5_v2_elitec_via/serial.a(serial.o)
 .text.sync_send
                0x0000000000005542        0xc .build/obj_bastardkb_charybdis_3x5_v2_elitec_via/serial.a(serial.o)
 .text.serial_read_chunk.constprop.0
                0x000000000000554e       0x58 .build/obj_bastardkb_charybdis_3x5_v2_elitec_via/serial.a(serial.o)
 .text.serial_recive_packet
                0x00000000000055a6       0x40 .build/obj_bastardkb_charybdis_3x5_v2_elitec_via/serial.a(serial.o)
 .text.soft_serial_initiator_init
                0x00000000000055e6        0x6 .build/obj_bastardkb_charybdis_3x5_v2_elitec_via/serial.a(serial.o)
                0x00000000000055e6                soft_serial_initiator_init
 .text.soft_serial_target_init
                0x00000000000055ec       0x12 .build/obj_bastardkb_charybdis_3x5_v2_elitec_via/serial.a(serial.o)
                0x00000000000055ec                soft_serial_target_init
 .text.serial_write_chunk
                0x00000000000055fe       0x42 .build/obj_bastardkb_charybdis_3x5_v2_elitec_via/serial.a(serial.o)
                0x00000000000055fe                serial_write_chunk
 .text.serial_send_packet
                0x0000000000005640       0x32 .build/obj_bastardkb_charybdis_3x5_v2_elitec_via/serial.a(serial.o)
 .text.__vector_3
                0x0000000000005672      0x14c .build/obj_bastardkb_charybdis_3x5_v2_elitec_via/serial.a(serial.o)
                0x0000000000005672                __vector_3
 .text.soft_serial_transaction
                0x00000000000057be       0xec .build/obj_bastardkb_charybdis_3x5_v2_elitec_via/serial.a(serial.o)
                0x00000000000057be                soft_serial_transaction
 .text.libgcc.prologue
                0x00000000000058aa       0x38 c:/qmk_msys/mingw64/bin/../lib/gcc/avr/8.5.0/avr5\libgcc.a(_prologue.o)
                0x00000000000058aa                __prologue_saves__
 .text.libgcc.prologue
                0x00000000000058e2       0x36 c:/qmk_msys/mingw64/bin/../lib/gcc/avr/8.5.0/avr5\libgcc.a(_epilogue.o)
                0x00000000000058e2                __epilogue_restores__
 .text.libgcc.div
                0x0000000000005918       0x28 c:/qmk_msys/mingw64/bin/../lib/gcc/avr/8.5.0/avr5\libgcc.a(_udivmodhi4.o)
                0x0000000000005918                __udivmodhi4
 .text.libgcc   0x0000000000005940        0xc c:/qmk_msys/mingw64/bin/../lib/gcc/avr/8.5.0/avr5\libgcc.a(_tablejump2.o)
                0x0000000000005940                __tablejump2__
 .text.libgcc.builtins
                0x000000000000594c        0xe c:/qmk_msys/mingw64/bin/../lib/gcc/avr/8.5.0/avr5\libgcc.a(_bswapsi2.o)
                0x000000000000594c                __bswapsi2
 .text.avr-libc
                0x000000000000595a       0x10 c:/qmk_msys/mingw64/bin/../lib/gcc/avr/8.5.0/../../../../avr/lib/avr5\libatmega32u4.a(eerd_byte.o)
                0x000000000000595a                eeprom_read_byte
 .text.avr-libc
                0x000000000000596a        0xc c:/qmk_msys/mingw64/bin/../lib/gcc/avr/8.5.0/../../../../avr/lib/avr5\libatmega32u4.a(eerd_dword.o)
                0x000000000000596a                eeprom_read_float
                0x000000000000596a                eeprom_read_dword
 .text.avr-libc
                0x0000000000005976        0xc c:/qmk_msys/mingw64/bin/../lib/gcc/avr/8.5.0/../../../../avr/lib/avr5\libatmega32u4.a(eerd_word.o)
                0x0000000000005976                eeprom_read_word
 .text.avr-libc
                0x0000000000005982       0x24 c:/qmk_msys/mingw64/bin/../lib/gcc/avr/8.5.0/../../../../avr/lib/avr5\libatmega32u4.a(eeupd_byte.o)
                0x0000000000005982                eeprom_update_byte
                0x0000000000005984                eeprom_update_r18
 .text.avr-libc
                0x00000000000059a6       0x18 c:/qmk_msys/mingw64/bin/../lib/gcc/avr/8.5.0/../../../../avr/lib/avr5\libatmega32u4.a(eeupd_dword.o)
                0x00000000000059a6                eeprom_update_float
                0x00000000000059a6                eeprom_update_dword
 .text.avr-libc
                0x00000000000059be        0xc c:/qmk_msys/mingw64/bin/../lib/gcc/avr/8.5.0/../../../../avr/lib/avr5\libatmega32u4.a(eeupd_word.o)
                0x00000000000059be                eeprom_update_word
 .text.avr-libc
                0x00000000000059ca       0x20 c:/qmk_msys/mingw64/bin/../lib/gcc/avr/8.5.0/../../../../avr/lib/avr5\libatmega32u4.a(eerd_block.o)
                0x00000000000059ca                eeprom_read_block
                0x00000000000059ce                eeprom_read_blraw
 .text.avr-libc
                0x00000000000059ea       0x1a c:/qmk_msys/mingw64/bin/../lib/gcc/avr/8.5.0/../../../../avr/lib/avr5\libc.a(memcmp.o)
                0x00000000000059ea                memcmp
 .text.avr-libc
                0x0000000000005a04       0x12 c:/qmk_msys/mingw64/bin/../lib/gcc/avr/8.5.0/../../../../avr/lib/avr5\libc.a(memcpy.o)
                0x0000000000005a04                memcpy
                0x0000000000005a16                . = ALIGN (0x2)
 *(.fini9)
 .fini9         0x0000000000005a16        0x0 c:/qmk_msys/mingw64/bin/../lib/gcc/avr/8.5.0/avr5\libgcc.a(_exit.o)
                0x0000000000005a16                _exit
                0x0000000000005a16                exit
 *(.fini9)
 *(.fini8)
 *(.fini8)
 *(.fini7)
 *(.fini7)
 *(.fini6)
 *(.fini6)
 *(.fini5)
 *(.fini5)
 *(.fini4)
 *(.fini4)
 *(.fini3)
 *(.fini3)
 *(.fini2)
 *(.fini2)
 *(.fini1)
 *(.fini1)
 *(.fini0)
 .fini0         0x0000000000005a16        0x4 c:/qmk_msys/mingw64/bin/../lib/gcc/avr/8.5.0/avr5\libgcc.a(_exit.o)
 *(.fini0)
 *(.hightext)
 *(.hightext*)
 *(.progmemx.*)
                0x0000000000005a1a                . = ALIGN (0x2)
 *(.jumptables)
 *(.jumptables*)
 .jumptables.gcc.USB_Device_ProcessControlRequest
                0x0000000000005a1a       0x14 C:\Users\colton\AppData\Local\Temp\ccr4OPvs.ltrans0.ltrans.o
 .jumptables.gcc.process_record
                0x0000000000005a2e       0x88 C:\Users\colton\AppData\Local\Temp\ccr4OPvs.ltrans0.ltrans.o
 .jumptables.gcc.main
                0x0000000000005ab6       0x26 C:\Users\colton\AppData\Local\Temp\ccr4OPvs.ltrans0.ltrans.o
                0x0000000000005adc                _etext = .

.data           0x0000000000800100       0x94 load address 0x0000000000005adc
                0x0000000000800100                PROVIDE (__data_start = .)
 *(.data)
 *(.data*)
 .data.split_transaction_table
                0x0000000000800100       0x30 C:\Users\colton\AppData\Local\Temp\ccr4OPvs.ltrans0.ltrans.o
                0x0000000000800100                split_transaction_table
 .data.isLeftHand
                0x0000000000800130        0x1 C:\Users\colton\AppData\Local\Temp\ccr4OPvs.ltrans0.ltrans.o
 .data.lufa_driver
                0x0000000000800131        0x8 C:\Users\colton\AppData\Local\Temp\ccr4OPvs.ltrans0.ltrans.o
 .data.keyboard_protocol
                0x0000000000800139        0x1 C:\Users\colton\AppData\Local\Temp\ccr4OPvs.ltrans0.ltrans.o
 .data.currentSlavePin
                0x000000000080013a        0x1 .build/obj_bastardkb_charybdis_3x5_v2_elitec_via/spi_master.a(spi_master.o)
 *(.gnu.linkonce.d*)
 *(.rodata)
 *(.rodata*)
 .rodata.CSWTCH.13
                0x000000000080013b        0x3 C:\Users\colton\AppData\Local\Temp\ccr4OPvs.ltrans0.ltrans.o
 .rodata.CSWTCH.14
                0x000000000080013e       0x36 C:\Users\colton\AppData\Local\Temp\ccr4OPvs.ltrans0.ltrans.o
 .rodata.split_shmem
                0x0000000000800174        0x2 C:\Users\colton\AppData\Local\Temp\ccr4OPvs.ltrans0.ltrans.o
                0x0000000000800174                split_shmem
 .rodata.col_pins
                0x0000000000800176        0x5 C:\Users\colton\AppData\Local\Temp\ccr4OPvs.ltrans0.ltrans.o
 .rodata.row_pins
                0x000000000080017b        0x4 C:\Users\colton\AppData\Local\Temp\ccr4OPvs.ltrans0.ltrans.o
 .rodata.CSWTCH.2
                0x000000000080017f        0x4 C:\Users\colton\AppData\Local\Temp\ccr4OPvs.ltrans0.ltrans.o
 .rodata.CSWTCH.1
                0x0000000000800183        0x8 C:\Users\colton\AppData\Local\Temp\ccr4OPvs.ltrans0.ltrans.o
 .rodata.CSWTCH.0
                0x000000000080018b        0x8 C:\Users\colton\AppData\Local\Temp\ccr4OPvs.ltrans0.ltrans.o
 *(.gnu.linkonce.r*)
                0x0000000000800194                . = ALIGN (0x2)
 *fill*         0x0000000000800193        0x1 
                0x0000000000800194                _edata = .
                0x0000000000800194                PROVIDE (__data_end = .)

.bss            0x0000000000800194       0xf9
                0x0000000000800194                PROVIDE (__bss_start = .)
 *(.bss)
 .bss           0x0000000000800194        0x2 .build/obj_bastardkb_charybdis_3x5_v2_elitec_via/platforms/avr/xprintf.o
                0x0000000000800194                xfunc_out
 *(.bss*)
 .bss.__compound_literal.0
                0x0000000000800196        0x8 C:\Users\colton\AppData\Local\Temp\ccr4OPvs.ltrans0.ltrans.o
 .bss.grave_esc_was_shifted
                0x000000000080019e        0x1 C:\Users\colton\AppData\Local\Temp\ccr4OPvs.ltrans0.ltrans.o
 .bss.source_layers_cache
                0x000000000080019f        0xf C:\Users\colton\AppData\Local\Temp\ccr4OPvs.ltrans0.ltrans.o
 .bss.tapping_key
                0x00000000008001ae        0x6 C:\Users\colton\AppData\Local\Temp\ccr4OPvs.ltrans0.ltrans.o
 .bss.waiting_buffer_head
                0x00000000008001b4        0x1 C:\Users\colton\AppData\Local\Temp\ccr4OPvs.ltrans0.ltrans.o
 .bss.waiting_buffer
                0x00000000008001b5       0x30 C:\Users\colton\AppData\Local\Temp\ccr4OPvs.ltrans0.ltrans.o
 .bss.waiting_buffer_tail
                0x00000000008001e5        0x1 C:\Users\colton\AppData\Local\Temp\ccr4OPvs.ltrans0.ltrans.o
 .bss.last_report.3942
                0x00000000008001e6        0x8 C:\Users\colton\AppData\Local\Temp\ccr4OPvs.ltrans0.ltrans.o
 .bss.weak_mods
                0x00000000008001ee        0x1 C:\Users\colton\AppData\Local\Temp\ccr4OPvs.ltrans0.ltrans.o
 .bss.real_mods
                0x00000000008001ef        0x1 C:\Users\colton\AppData\Local\Temp\ccr4OPvs.ltrans0.ltrans.o
 .bss.last_tick.4859
                0x00000000008001f0        0x2 C:\Users\colton\AppData\Local\Temp\ccr4OPvs.ltrans0.ltrans.o
 .bss.debouncing_time
                0x00000000008001f2        0x2 C:\Users\colton\AppData\Local\Temp\ccr4OPvs.ltrans0.ltrans.o
 .bss.debouncing
                0x00000000008001f4        0x1 C:\Users\colton\AppData\Local\Temp\ccr4OPvs.ltrans0.ltrans.o
 .bss.connection_check_timer.4829
                0x00000000008001f5        0x2 C:\Users\colton\AppData\Local\Temp\ccr4OPvs.ltrans0.ltrans.o
 .bss.last_exec.5065
                0x00000000008001f7        0x4 C:\Users\colton\AppData\Local\Temp\ccr4OPvs.ltrans0.ltrans.o
 .bss.last_sync_timer.5050
                0x00000000008001fb        0x4 C:\Users\colton\AppData\Local\Temp\ccr4OPvs.ltrans0.ltrans.o
 .bss.last_connected.5011
                0x00000000008001ff        0x1 C:\Users\colton\AppData\Local\Temp\ccr4OPvs.ltrans0.ltrans.o
 .bss.usbstate.4815
                0x0000000000800200        0x1 C:\Users\colton\AppData\Local\Temp\ccr4OPvs.ltrans0.ltrans.o
 .bss.last_matrix.5032
                0x0000000000800201        0x4 C:\Users\colton\AppData\Local\Temp\ccr4OPvs.ltrans0.ltrans.o
 .bss.last_update.5031
                0x0000000000800205        0x4 C:\Users\colton\AppData\Local\Temp\ccr4OPvs.ltrans0.ltrans.o
 .bss.last_update.5043
                0x0000000000800209        0x4 C:\Users\colton\AppData\Local\Temp\ccr4OPvs.ltrans0.ltrans.o
 .bss.shared_memory
                0x000000000080020d       0x11 C:\Users\colton\AppData\Local\Temp\ccr4OPvs.ltrans0.ltrans.o
 .bss.last_cpi.5056
                0x000000000080021e        0x2 C:\Users\colton\AppData\Local\Temp\ccr4OPvs.ltrans0.ltrans.o
 .bss.last_update.5055
                0x0000000000800220        0x4 C:\Users\colton\AppData\Local\Temp\ccr4OPvs.ltrans0.ltrans.o
 .bss.connection_errors
                0x0000000000800224        0x1 C:\Users\colton\AppData\Local\Temp\ccr4OPvs.ltrans0.ltrans.o
 .bss.sync_timer_ms
                0x0000000000800225        0x4 C:\Users\colton\AppData\Local\Temp\ccr4OPvs.ltrans0.ltrans.o
 .bss.raw_matrix
                0x0000000000800229        0x8 C:\Users\colton\AppData\Local\Temp\ccr4OPvs.ltrans0.ltrans.o
 .bss.thatHand  0x0000000000800231        0x1 C:\Users\colton\AppData\Local\Temp\ccr4OPvs.ltrans0.ltrans.o
 .bss.thisHand  0x0000000000800232        0x1 C:\Users\colton\AppData\Local\Temp\ccr4OPvs.ltrans0.ltrans.o
 .bss.default_layer_state
                0x0000000000800233        0x1 C:\Users\colton\AppData\Local\Temp\ccr4OPvs.ltrans0.ltrans.o
 .bss.layer_state
                0x0000000000800234        0x1 C:\Users\colton\AppData\Local\Temp\ccr4OPvs.ltrans0.ltrans.o
 .bss.keymap_config
                0x0000000000800235        0x2 C:\Users\colton\AppData\Local\Temp\ccr4OPvs.ltrans0.ltrans.o
 .bss.debug_config
                0x0000000000800237        0x1 C:\Users\colton\AppData\Local\Temp\ccr4OPvs.ltrans0.ltrans.o
 .bss.matrix_previous.4866
                0x0000000000800238        0x8 C:\Users\colton\AppData\Local\Temp\ccr4OPvs.ltrans0.ltrans.o
 .bss.last_led_status.3368
                0x0000000000800240        0x1 C:\Users\colton\AppData\Local\Temp\ccr4OPvs.ltrans0.ltrans.o
 .bss.matrix    0x0000000000800241        0x8 C:\Users\colton\AppData\Local\Temp\ccr4OPvs.ltrans0.ltrans.o
 .bss.old_report.4977
                0x0000000000800249        0x5 C:\Users\colton\AppData\Local\Temp\ccr4OPvs.ltrans0.ltrans.o
 .bss.scroll_buffer_y.5041
                0x000000000080024e        0x2 C:\Users\colton\AppData\Local\Temp\ccr4OPvs.ltrans0.ltrans.o
 .bss.scroll_buffer_x.5040
                0x0000000000800250        0x2 C:\Users\colton\AppData\Local\Temp\ccr4OPvs.ltrans0.ltrans.o
 .bss.shared_mouse_report
                0x0000000000800252        0x5 C:\Users\colton\AppData\Local\Temp\ccr4OPvs.ltrans0.ltrans.o
 .bss.local_mouse_report
                0x0000000000800257        0x5 C:\Users\colton\AppData\Local\Temp\ccr4OPvs.ltrans0.ltrans.o
 .bss.last_exec.4985
                0x000000000080025c        0x4 C:\Users\colton\AppData\Local\Temp\ccr4OPvs.ltrans0.ltrans.o
 .bss.shared_cpi
                0x0000000000800260        0x2 C:\Users\colton\AppData\Local\Temp\ccr4OPvs.ltrans0.ltrans.o
 .bss.in_motion.4758
                0x0000000000800262        0x1 C:\Users\colton\AppData\Local\Temp\ccr4OPvs.ltrans0.ltrans.o
 .bss.last_system_usage
                0x0000000000800263        0x2 C:\Users\colton\AppData\Local\Temp\ccr4OPvs.ltrans0.ltrans.o
 .bss.driver    0x0000000000800265        0x2 C:\Users\colton\AppData\Local\Temp\ccr4OPvs.ltrans0.ltrans.o
 .bss.last_consumer_usage
                0x0000000000800267        0x2 C:\Users\colton\AppData\Local\Temp\ccr4OPvs.ltrans0.ltrans.o
 .bss.wdt_timeout
                0x0000000000800269        0x1 C:\Users\colton\AppData\Local\Temp\ccr4OPvs.ltrans0.ltrans.o
 .bss.timer_count
                0x000000000080026a        0x4 C:\Users\colton\AppData\Local\Temp\ccr4OPvs.ltrans0.ltrans.o
 .bss.USB_IsInitialized
                0x000000000080026e        0x1 C:\Users\colton\AppData\Local\Temp\ccr4OPvs.ltrans0.ltrans.o
 .bss.keyboard_idle
                0x000000000080026f        0x1 C:\Users\colton\AppData\Local\Temp\ccr4OPvs.ltrans0.ltrans.o
 .bss.keyboard_led_state
                0x0000000000800270        0x1 C:\Users\colton\AppData\Local\Temp\ccr4OPvs.ltrans0.ltrans.o
 .bss.keyboard_report_sent
                0x0000000000800271        0x8 C:\Users\colton\AppData\Local\Temp\ccr4OPvs.ltrans0.ltrans.o
 .bss.USB_Device_CurrentlySelfPowered
                0x0000000000800279        0x1 C:\Users\colton\AppData\Local\Temp\ccr4OPvs.ltrans0.ltrans.o
 .bss.USB_Device_RemoteWakeupEnabled
                0x000000000080027a        0x1 C:\Users\colton\AppData\Local\Temp\ccr4OPvs.ltrans0.ltrans.o
 .bss.USB_DeviceState
                0x000000000080027b        0x1 C:\Users\colton\AppData\Local\Temp\ccr4OPvs.ltrans0.ltrans.o
 .bss.USB_Device_ConfigurationNumber
                0x000000000080027c        0x1 C:\Users\colton\AppData\Local\Temp\ccr4OPvs.ltrans0.ltrans.o
 .bss.USB_ControlRequest
                0x000000000080027d        0x8 C:\Users\colton\AppData\Local\Temp\ccr4OPvs.ltrans0.ltrans.o
 .bss.in_burst_right
                0x0000000000800285        0x1 C:\Users\colton\AppData\Local\Temp\ccr4OPvs.ltrans0.ltrans.o
 .bss.in_burst_left
                0x0000000000800286        0x1 C:\Users\colton\AppData\Local\Temp\ccr4OPvs.ltrans0.ltrans.o
 .bss.sc_timer  0x0000000000800287        0x2 C:\Users\colton\AppData\Local\Temp\ccr4OPvs.ltrans0.ltrans.o
 .bss.sc_last   0x0000000000800289        0x1 C:\Users\colton\AppData\Local\Temp\ccr4OPvs.ltrans0.ltrans.o
 .bss.g_charybdis_config
                0x000000000080028a        0x1 C:\Users\colton\AppData\Local\Temp\ccr4OPvs.ltrans0.ltrans.o
 .bss.currentSlave2X
                0x000000000080028b        0x1 .build/obj_bastardkb_charybdis_3x5_v2_elitec_via/spi_master.a(spi_master.o)
 .bss.currentSlaveConfig
                0x000000000080028c        0x1 .build/obj_bastardkb_charybdis_3x5_v2_elitec_via/spi_master.a(spi_master.o)
 *(COMMON)
                0x000000000080028d                PROVIDE (__bss_end = .)
                0x0000000000005adc                __data_load_start = LOADADDR (.data)
                0x0000000000005b70                __data_load_end = (__data_load_start + SIZEOF (.data))

.noinit         0x000000000080028d        0x4
                [!provide]                        PROVIDE (__noinit_start = .)
 *(.noinit .noinit.* .gnu.linkonce.n.*)
 .noinit        0x000000000080028d        0x4 C:\Users\colton\AppData\Local\Temp\ccr4OPvs.ltrans0.ltrans.o
                [!provide]                        PROVIDE (__noinit_end = .)
                0x0000000000800291                _end = .
                [!provide]                        PROVIDE (__heap_start = .)

.eeprom         0x0000000000810000        0x0
 *(.eeprom*)
                0x0000000000810000                __eeprom_end = .

.fuse
 *(.fuse)
 *(.lfuse)
 *(.hfuse)
 *(.efuse)

.lock
 *(.lock*)

.signature
 *(.signature*)

.stab
 *(.stab)

.stabstr
 *(.stabstr)

.stab.excl
 *(.stab.excl)

.stab.exclstr
 *(.stab.exclstr)

.stab.index
 *(.stab.index)

.stab.indexstr
 *(.stab.indexstr)

.comment        0x0000000000000000       0x11
 *(.comment)
 .comment       0x0000000000000000       0x12 C:\Users\colton\AppData\Local\Temp\ccr4OPvs.ltrans0.ltrans.o
 .comment       0x0000000000000000       0x11 .build/obj_bastardkb_charybdis_3x5_v2_elitec_via/spi_master.a(spi_master.o)
                                         0x12 (size before relaxing)
 .comment       0x0000000000000011       0x12 .build/obj_bastardkb_charybdis_3x5_v2_elitec_via/serial.a(serial.o)

.note.gnu.avr.deviceinfo
                0x0000000000000000       0x40
 .note.gnu.avr.deviceinfo
                0x0000000000000000       0x40 c:/qmk_msys/mingw64/bin/../lib/gcc/avr/8.5.0/../../../../avr/lib/avr5/crtatmega32u4.o

.note.gnu.build-id
 *(.note.gnu.build-id)

.debug
 *(.debug)

.line
 *(.line)

.debug_srcinfo
 *(.debug_srcinfo)

.debug_sfnames
 *(.debug_sfnames)

.debug_aranges  0x0000000000000000      0x398
 *(.debug_aranges)
 .debug_aranges
                0x0000000000000000      0x2e0 C:\Users\colton\AppData\Local\Temp\ccr4OPvs.ltrans0.ltrans.o
 .debug_aranges
                0x00000000000002e0       0x50 .build/obj_bastardkb_charybdis_3x5_v2_elitec_via/spi_master.a(spi_master.o)
 .debug_aranges
                0x0000000000000330       0x68 .build/obj_bastardkb_charybdis_3x5_v2_elitec_via/serial.a(serial.o)

.debug_pubnames
 *(.debug_pubnames)

.debug_info     0x0000000000000000    0x43f83
 *(.debug_info .gnu.linkonce.wi.*)
 .debug_info    0x0000000000000000      0x9f4 c:/qmk_msys/mingw64/bin/../lib/gcc/avr/8.5.0/../../../../avr/lib/avr5/crtatmega32u4.o
 .debug_info    0x00000000000009f4    0x38108 C:\Users\colton\AppData\Local\Temp\ccnxbLI8debugobj
                0x00000000000009f4                charybdis.c.af7bc803
                0x0000000000003a2f                g3x5.c.c4c9a9ab
                0x0000000000003fa3                default_keyboard.c.e550b3a0
                0x0000000000004517                keymap_introspection.c.4ee0b641
                0x0000000000007048                quantum.c.3442ec88
                0x0000000000009e7d                bitwise.c.a32ca313
                0x000000000000a046                led.c.78d59136
                0x000000000000a339                action.c.ec0b2c46
                0x000000000000d73c                action_layer.c.0d9cbd41
                0x000000000000e2eb                action_tapping.c.2a795021
                0x0000000000010ab9                action_util.c.ce191161
                0x000000000001100a                eeconfig.c.b73838a9
                0x000000000001128d                keyboard.c.1d570782
                0x0000000000011c56                keymap_common.c.5fc0e9a0
                0x0000000000014ada                keycode_config.c.d312c8ac
                0x0000000000016e51                sync_timer.c.191c5933
                0x0000000000016f82                debug.c.062d5cfc
                0x000000000001708c                sendchar.c.a3cf349d
                0x0000000000017113                bootmagic_lite.c.8ad154a4
                0x0000000000017732                magic.c.0ec0eae4
                0x0000000000017b6e                matrix_common.c.ec62e49b
                0x00000000000186d8                matrix.c.54ed1be1
                0x000000000001925c                sym_defer_g.c.245c5d7a
                0x0000000000019999                split_util.c.0e3bfdc7
                0x000000000001a277                transport.c.ec2da710
                0x000000000001ac3f                transactions.c.ef342167
                0x000000000001b97e                main.c.d1ad1272
                0x000000000001b9fd                pointing_device.c.d39c1db6
                0x000000000001e6ce                pointing_device_drivers.c.a99cb577
                0x000000000001eeb5                pointing_device_auto_mouse.c.164041f4
                0x000000000001eed2                pmw3360.c.425a34ba
                0x000000000001f5e3                pmw33xx_common.c.2ec77134
                0x0000000000020028                via.c.5686e22c
                0x0000000000020cd6                crc.c.c876e79e
                0x0000000000020dd4                process_magic.c.81bf18ee
                0x00000000000235f0                send_string.c.5f70138c
                0x0000000000026033                dynamic_keymap.c.8a541f2b
                0x0000000000028a6e                process_grave_esc.c.ec0e277f
                0x000000000002b3d4                process_space_cadet.c.2bd83eb7
                0x000000000002dd41                process_tri_layer.c.3c20ee45
                0x0000000000030094                tri_layer.c.a1d2156f
                0x00000000000301c4                printf.c.ad5337a3
                0x000000000003028b                host.c.033a20bf
                0x00000000000308c7                report.c.86b9e2d5
                0x0000000000032f19                usb_device_state.c.51b77313
                0x0000000000033098                usb_util.c.dc1f1d25
                0x0000000000033632                suspend.c.169405d0
                0x00000000000336f6                synchronization_util.c.20bac701
                0x000000000003375e                timer.c.a113ecd2
                0x0000000000033818                hardware_id.c.78f544d5
                0x0000000000033906                platform.c.602551f9
                0x000000000003397b                suspend.c.cd098552
                0x0000000000033e77                timer.c.413d245e
                0x0000000000034080                dfu.c.8f6b6569
                0x00000000000341aa                lufa.c.0f84c310
                0x00000000000352b1                usb_descriptor.c.dac231f4
                0x0000000000035cbb                HIDParser.c.9e9ce8a0
                0x0000000000036331                Device_AVR8.c.22a892bc
                0x0000000000036498                EndpointStream_AVR8.c.abcd52d2
                0x0000000000036fb2                Endpoint_AVR8.c.edc30e36
                0x00000000000373e9                Host_AVR8.c.7c69f8de
                0x0000000000037446                PipeStream_AVR8.c.b2e52de6
                0x00000000000374a3                Pipe_AVR8.c.fdd67399
                0x0000000000037500                USBController_AVR8.c.997c0afd
                0x0000000000037824                USBInterrupt_AVR8.c.1dde43c9
                0x0000000000037bb4                ConfigDescriptors.c.6c76472f
                0x0000000000037f15                DeviceStandardReq.c.1ef3edc6
                0x00000000000384b8                Events.c.e567ab9d
                0x000000000003856f                HostStandardReq.c.5e0d78db
                0x00000000000385cc                USBTask.c.3e71130e
                0x00000000000387c3                usb_util.c.3d0691db
 .debug_info    0x0000000000038afc     0x9c39 C:\Users\colton\AppData\Local\Temp\ccr4OPvs.ltrans0.ltrans.o
 .debug_info    0x0000000000042735      0x35f .build/obj_bastardkb_charybdis_3x5_v2_elitec_via/spi_master.a(spi_master.o)
 .debug_info    0x0000000000042a94     0x14ef .build/obj_bastardkb_charybdis_3x5_v2_elitec_via/serial.a(serial.o)

.debug_abbrev   0x0000000000000000     0x6e37
 *(.debug_abbrev)
 .debug_abbrev  0x0000000000000000      0x96a c:/qmk_msys/mingw64/bin/../lib/gcc/avr/8.5.0/../../../../avr/lib/avr5/crtatmega32u4.o
 .debug_abbrev  0x000000000000096a     0x5bfd C:\Users\colton\AppData\Local\Temp\ccnxbLI8debugobj
 .debug_abbrev  0x0000000000006567      0x364 C:\Users\colton\AppData\Local\Temp\ccr4OPvs.ltrans0.ltrans.o
 .debug_abbrev  0x00000000000068cb      0x13f .build/obj_bastardkb_charybdis_3x5_v2_elitec_via/spi_master.a(spi_master.o)
 .debug_abbrev  0x0000000000006a0a      0x42d .build/obj_bastardkb_charybdis_3x5_v2_elitec_via/serial.a(serial.o)

.debug_line     0x0000000000000000    0x13a65
 *(.debug_line .debug_line.* .debug_line_end)
 .debug_line    0x0000000000000000       0x1d c:/qmk_msys/mingw64/bin/../lib/gcc/avr/8.5.0/../../../../avr/lib/avr5/crtatmega32u4.o
 .debug_line    0x000000000000001d     0x5e97 C:\Users\colton\AppData\Local\Temp\ccnxbLI8debugobj
 .debug_line    0x0000000000005eb4     0xc28a C:\Users\colton\AppData\Local\Temp\ccr4OPvs.ltrans0.ltrans.o
 .debug_line    0x000000000001213e      0x5ee .build/obj_bastardkb_charybdis_3x5_v2_elitec_via/spi_master.a(spi_master.o)
 .debug_line    0x000000000001272c     0x1339 .build/obj_bastardkb_charybdis_3x5_v2_elitec_via/serial.a(serial.o)

.debug_frame    0x0000000000000000      0xb34
 *(.debug_frame)
 .debug_frame   0x0000000000000000      0x91c C:\Users\colton\AppData\Local\Temp\ccr4OPvs.ltrans0.ltrans.o
 .debug_frame   0x000000000000091c       0xc4 .build/obj_bastardkb_charybdis_3x5_v2_elitec_via/spi_master.a(spi_master.o)
 .debug_frame   0x00000000000009e0      0x154 .build/obj_bastardkb_charybdis_3x5_v2_elitec_via/serial.a(serial.o)

.debug_str      0x0000000000000000     0xaec4
 *(.debug_str)
 .debug_str     0x0000000000000000      0x371 c:/qmk_msys/mingw64/bin/../lib/gcc/avr/8.5.0/../../../../avr/lib/avr5/crtatmega32u4.o
 .debug_str     0x0000000000000371     0xa035 C:\Users\colton\AppData\Local\Temp\ccnxbLI8debugobj
                                      0x535d1 (size before relaxing)
 .debug_str     0x000000000000a3a6      0x137 C:\Users\colton\AppData\Local\Temp\ccr4OPvs.ltrans0.ltrans.o
                                        0x168 (size before relaxing)
 .debug_str     0x000000000000a4dd      0x272 .build/obj_bastardkb_charybdis_3x5_v2_elitec_via/spi_master.a(spi_master.o)
                                        0x2db (size before relaxing)
 .debug_str     0x000000000000a74f      0x775 .build/obj_bastardkb_charybdis_3x5_v2_elitec_via/serial.a(serial.o)
                                        0xa54 (size before relaxing)

.debug_loc      0x0000000000000000     0x97b7
 *(.debug_loc)
 .debug_loc     0x0000000000000000     0x8897 C:\Users\colton\AppData\Local\Temp\ccr4OPvs.ltrans0.ltrans.o
 .debug_loc     0x0000000000008897      0x47b .build/obj_bastardkb_charybdis_3x5_v2_elitec_via/spi_master.a(spi_master.o)
 .debug_loc     0x0000000000008d12      0xaa5 .build/obj_bastardkb_charybdis_3x5_v2_elitec_via/serial.a(serial.o)

.debug_macinfo
 *(.debug_macinfo)

.debug_weaknames
 *(.debug_weaknames)

.debug_funcnames
 *(.debug_funcnames)

.debug_typenames
 *(.debug_typenames)

.debug_varnames
 *(.debug_varnames)

.debug_pubtypes
 *(.debug_pubtypes)

.debug_ranges   0x0000000000000000     0x2318
 *(.debug_ranges)
 .debug_ranges  0x0000000000000000     0x1f88 C:\Users\colton\AppData\Local\Temp\ccr4OPvs.ltrans0.ltrans.o
 .debug_ranges  0x0000000000001f88       0x70 .build/obj_bastardkb_charybdis_3x5_v2_elitec_via/spi_master.a(spi_master.o)
 .debug_ranges  0x0000000000001ff8      0x320 .build/obj_bastardkb_charybdis_3x5_v2_elitec_via/serial.a(serial.o)

.debug_addr
 *(.debug_addr)

.debug_line_str
 *(.debug_line_str)

.debug_loclists
 *(.debug_loclists)

.debug_macro
 *(.debug_macro)

.debug_names
 *(.debug_names)

.debug_rnglists
 *(.debug_rnglists)

.debug_str_offsets
 *(.debug_str_offsets)

.debug_sup
 *(.debug_sup)
OUTPUT(.build/bastardkb_charybdis_3x5_v2_elitec_via.elf elf32-avr)
LOAD linker stubs

Cross Reference Table

Symbol                                            File
CALLBACK_HIDParser_FilterHIDReportItem            .build/obj_bastardkb_charybdis_3x5_v2_elitec_via/lib/lufa/LUFA/Drivers/USB/Class/Common/HIDParser.o (symbol from plugin)
CALLBACK_USB_GetDescriptor                        .build/obj_bastardkb_charybdis_3x5_v2_elitec_via/lufa.o (symbol from plugin)
                                                  .build/obj_bastardkb_charybdis_3x5_v2_elitec_via/lib/lufa/LUFA/Drivers/USB/Core/DeviceStandardReq.o (symbol from plugin)
ConfigDescriptors.c.6c76472f                      C:\Users\colton\AppData\Local\Temp\ccnxbLI8debugobj
ConfigurationDescriptor                           .build/obj_bastardkb_charybdis_3x5_v2_elitec_via/usb_descriptor.o (symbol from plugin)
DeviceDescriptor                                  .build/obj_bastardkb_charybdis_3x5_v2_elitec_via/usb_descriptor.o (symbol from plugin)
DeviceStandardReq.c.1ef3edc6                      C:\Users\colton\AppData\Local\Temp\ccnxbLI8debugobj
                                                  C:\Users\colton\AppData\Local\Temp\ccr4OPvs.ltrans0.ltrans.o
Device_AVR8.c.22a892bc                            C:\Users\colton\AppData\Local\Temp\ccnxbLI8debugobj
                                                  C:\Users\colton\AppData\Local\Temp\ccr4OPvs.ltrans0.ltrans.o
EVENT_USB_Device_ConfigurationChanged             .build/obj_bastardkb_charybdis_3x5_v2_elitec_via/lufa.o (symbol from plugin)
                                                  .build/obj_bastardkb_charybdis_3x5_v2_elitec_via/lib/lufa/LUFA/Drivers/USB/Core/DeviceStandardReq.o (symbol from plugin)
EVENT_USB_Device_Connect                          .build/obj_bastardkb_charybdis_3x5_v2_elitec_via/lufa.o (symbol from plugin)
                                                  .build/obj_bastardkb_charybdis_3x5_v2_elitec_via/lib/lufa/LUFA/Drivers/USB/Core/AVR8/USBInterrupt_AVR8.o (symbol from plugin)
EVENT_USB_Device_ControlRequest                   .build/obj_bastardkb_charybdis_3x5_v2_elitec_via/lufa.o (symbol from plugin)
                                                  .build/obj_bastardkb_charybdis_3x5_v2_elitec_via/lib/lufa/LUFA/Drivers/USB/Core/DeviceStandardReq.o (symbol from plugin)
EVENT_USB_Device_Disconnect                       .build/obj_bastardkb_charybdis_3x5_v2_elitec_via/lufa.o (symbol from plugin)
                                                  .build/obj_bastardkb_charybdis_3x5_v2_elitec_via/lib/lufa/LUFA/Drivers/USB/Core/AVR8/USBInterrupt_AVR8.o (symbol from plugin)
EVENT_USB_Device_Reset                            .build/obj_bastardkb_charybdis_3x5_v2_elitec_via/lufa.o (symbol from plugin)
                                                  .build/obj_bastardkb_charybdis_3x5_v2_elitec_via/lib/lufa/LUFA/Drivers/USB/Core/AVR8/USBInterrupt_AVR8.o (symbol from plugin)
EVENT_USB_Device_StartOfFrame                     .build/obj_bastardkb_charybdis_3x5_v2_elitec_via/lib/lufa/LUFA/Drivers/USB/Core/Events.o (symbol from plugin)
                                                  .build/obj_bastardkb_charybdis_3x5_v2_elitec_via/lib/lufa/LUFA/Drivers/USB/Core/AVR8/USBInterrupt_AVR8.o (symbol from plugin)
EVENT_USB_Device_Suspend                          .build/obj_bastardkb_charybdis_3x5_v2_elitec_via/lufa.o (symbol from plugin)
                                                  .build/obj_bastardkb_charybdis_3x5_v2_elitec_via/lib/lufa/LUFA/Drivers/USB/Core/AVR8/USBInterrupt_AVR8.o (symbol from plugin)
EVENT_USB_Device_WakeUp                           .build/obj_bastardkb_charybdis_3x5_v2_elitec_via/lufa.o (symbol from plugin)
                                                  .build/obj_bastardkb_charybdis_3x5_v2_elitec_via/lib/lufa/LUFA/Drivers/USB/Core/AVR8/USBInterrupt_AVR8.o (symbol from plugin)
EndpointStream_AVR8.c.abcd52d2                    C:\Users\colton\AppData\Local\Temp\ccnxbLI8debugobj
                                                  C:\Users\colton\AppData\Local\Temp\ccr4OPvs.ltrans0.ltrans.o
Endpoint_AVR8.c.edc30e36                          C:\Users\colton\AppData\Local\Temp\ccnxbLI8debugobj
                                                  C:\Users\colton\AppData\Local\Temp\ccr4OPvs.ltrans0.ltrans.o
Endpoint_ClearEndpoints                           .build/obj_bastardkb_charybdis_3x5_v2_elitec_via/lib/lufa/LUFA/Drivers/USB/Core/AVR8/Endpoint_AVR8.o (symbol from plugin)
Endpoint_ClearStatusStage                         .build/obj_bastardkb_charybdis_3x5_v2_elitec_via/lib/lufa/LUFA/Drivers/USB/Core/AVR8/Endpoint_AVR8.o (symbol from plugin)
                                                  .build/obj_bastardkb_charybdis_3x5_v2_elitec_via/lib/lufa/LUFA/Drivers/USB/Core/DeviceStandardReq.o (symbol from plugin)
                                                  .build/obj_bastardkb_charybdis_3x5_v2_elitec_via/lufa.o (symbol from plugin)
Endpoint_ConfigureEndpointTable                   .build/obj_bastardkb_charybdis_3x5_v2_elitec_via/lib/lufa/LUFA/Drivers/USB/Core/AVR8/Endpoint_AVR8.o (symbol from plugin)
Endpoint_ConfigureEndpoint_Prv                    .build/obj_bastardkb_charybdis_3x5_v2_elitec_via/lib/lufa/LUFA/Drivers/USB/Core/AVR8/Endpoint_AVR8.o (symbol from plugin)
                                                  .build/obj_bastardkb_charybdis_3x5_v2_elitec_via/lib/lufa/LUFA/Drivers/USB/Core/AVR8/USBInterrupt_AVR8.o (symbol from plugin)
                                                  .build/obj_bastardkb_charybdis_3x5_v2_elitec_via/lib/lufa/LUFA/Drivers/USB/Core/AVR8/USBController_AVR8.o (symbol from plugin)
                                                  .build/obj_bastardkb_charybdis_3x5_v2_elitec_via/lufa.o (symbol from plugin)
Endpoint_Discard_Stream                           .build/obj_bastardkb_charybdis_3x5_v2_elitec_via/lib/lufa/LUFA/Drivers/USB/Core/AVR8/EndpointStream_AVR8.o (symbol from plugin)
Endpoint_Null_Stream                              .build/obj_bastardkb_charybdis_3x5_v2_elitec_via/lib/lufa/LUFA/Drivers/USB/Core/AVR8/EndpointStream_AVR8.o (symbol from plugin)
Endpoint_Read_Control_EStream_BE                  .build/obj_bastardkb_charybdis_3x5_v2_elitec_via/lib/lufa/LUFA/Drivers/USB/Core/AVR8/EndpointStream_AVR8.o (symbol from plugin)
Endpoint_Read_Control_EStream_LE                  .build/obj_bastardkb_charybdis_3x5_v2_elitec_via/lib/lufa/LUFA/Drivers/USB/Core/AVR8/EndpointStream_AVR8.o (symbol from plugin)
Endpoint_Read_Control_Stream_BE                   .build/obj_bastardkb_charybdis_3x5_v2_elitec_via/lib/lufa/LUFA/Drivers/USB/Core/AVR8/EndpointStream_AVR8.o (symbol from plugin)
Endpoint_Read_Control_Stream_LE                   .build/obj_bastardkb_charybdis_3x5_v2_elitec_via/lib/lufa/LUFA/Drivers/USB/Core/AVR8/EndpointStream_AVR8.o (symbol from plugin)
Endpoint_Read_EStream_BE                          .build/obj_bastardkb_charybdis_3x5_v2_elitec_via/lib/lufa/LUFA/Drivers/USB/Core/AVR8/EndpointStream_AVR8.o (symbol from plugin)
Endpoint_Read_EStream_LE                          .build/obj_bastardkb_charybdis_3x5_v2_elitec_via/lib/lufa/LUFA/Drivers/USB/Core/AVR8/EndpointStream_AVR8.o (symbol from plugin)
Endpoint_Read_Stream_BE                           .build/obj_bastardkb_charybdis_3x5_v2_elitec_via/lib/lufa/LUFA/Drivers/USB/Core/AVR8/EndpointStream_AVR8.o (symbol from plugin)
Endpoint_Read_Stream_LE                           .build/obj_bastardkb_charybdis_3x5_v2_elitec_via/lib/lufa/LUFA/Drivers/USB/Core/AVR8/EndpointStream_AVR8.o (symbol from plugin)
                                                  .build/obj_bastardkb_charybdis_3x5_v2_elitec_via/lufa.o (symbol from plugin)
Endpoint_WaitUntilReady                           .build/obj_bastardkb_charybdis_3x5_v2_elitec_via/lib/lufa/LUFA/Drivers/USB/Core/AVR8/Endpoint_AVR8.o (symbol from plugin)
                                                  .build/obj_bastardkb_charybdis_3x5_v2_elitec_via/lib/lufa/LUFA/Drivers/USB/Core/AVR8/EndpointStream_AVR8.o (symbol from plugin)
Endpoint_Write_Control_EStream_BE                 .build/obj_bastardkb_charybdis_3x5_v2_elitec_via/lib/lufa/LUFA/Drivers/USB/Core/AVR8/EndpointStream_AVR8.o (symbol from plugin)
Endpoint_Write_Control_EStream_LE                 .build/obj_bastardkb_charybdis_3x5_v2_elitec_via/lib/lufa/LUFA/Drivers/USB/Core/AVR8/EndpointStream_AVR8.o (symbol from plugin)
Endpoint_Write_Control_PStream_BE                 .build/obj_bastardkb_charybdis_3x5_v2_elitec_via/lib/lufa/LUFA/Drivers/USB/Core/AVR8/EndpointStream_AVR8.o (symbol from plugin)
Endpoint_Write_Control_PStream_LE                 .build/obj_bastardkb_charybdis_3x5_v2_elitec_via/lib/lufa/LUFA/Drivers/USB/Core/AVR8/EndpointStream_AVR8.o (symbol from plugin)
                                                  .build/obj_bastardkb_charybdis_3x5_v2_elitec_via/lib/lufa/LUFA/Drivers/USB/Core/DeviceStandardReq.o (symbol from plugin)
Endpoint_Write_Control_Stream_BE                  .build/obj_bastardkb_charybdis_3x5_v2_elitec_via/lib/lufa/LUFA/Drivers/USB/Core/AVR8/EndpointStream_AVR8.o (symbol from plugin)
Endpoint_Write_Control_Stream_LE                  .build/obj_bastardkb_charybdis_3x5_v2_elitec_via/lib/lufa/LUFA/Drivers/USB/Core/AVR8/EndpointStream_AVR8.o (symbol from plugin)
                                                  .build/obj_bastardkb_charybdis_3x5_v2_elitec_via/lib/lufa/LUFA/Drivers/USB/Core/DeviceStandardReq.o (symbol from plugin)
                                                  .build/obj_bastardkb_charybdis_3x5_v2_elitec_via/lufa.o (symbol from plugin)
Endpoint_Write_EStream_BE                         .build/obj_bastardkb_charybdis_3x5_v2_elitec_via/lib/lufa/LUFA/Drivers/USB/Core/AVR8/EndpointStream_AVR8.o (symbol from plugin)
Endpoint_Write_EStream_LE                         .build/obj_bastardkb_charybdis_3x5_v2_elitec_via/lib/lufa/LUFA/Drivers/USB/Core/AVR8/EndpointStream_AVR8.o (symbol from plugin)
Endpoint_Write_PStream_BE                         .build/obj_bastardkb_charybdis_3x5_v2_elitec_via/lib/lufa/LUFA/Drivers/USB/Core/AVR8/EndpointStream_AVR8.o (symbol from plugin)
Endpoint_Write_PStream_LE                         .build/obj_bastardkb_charybdis_3x5_v2_elitec_via/lib/lufa/LUFA/Drivers/USB/Core/AVR8/EndpointStream_AVR8.o (symbol from plugin)
Endpoint_Write_Stream_BE                          .build/obj_bastardkb_charybdis_3x5_v2_elitec_via/lib/lufa/LUFA/Drivers/USB/Core/AVR8/EndpointStream_AVR8.o (symbol from plugin)
Endpoint_Write_Stream_LE                          .build/obj_bastardkb_charybdis_3x5_v2_elitec_via/lib/lufa/LUFA/Drivers/USB/Core/AVR8/EndpointStream_AVR8.o (symbol from plugin)
                                                  .build/obj_bastardkb_charybdis_3x5_v2_elitec_via/lufa.o (symbol from plugin)
Events.c.e567ab9d                                 C:\Users\colton\AppData\Local\Temp\ccnxbLI8debugobj
                                                  C:\Users\colton\AppData\Local\Temp\ccr4OPvs.ltrans0.ltrans.o
HIDParser.c.9e9ce8a0                              C:\Users\colton\AppData\Local\Temp\ccnxbLI8debugobj
HostStandardReq.c.5e0d78db                        C:\Users\colton\AppData\Local\Temp\ccnxbLI8debugobj
Host_AVR8.c.7c69f8de                              C:\Users\colton\AppData\Local\Temp\ccnxbLI8debugobj
KeyboardReport                                    .build/obj_bastardkb_charybdis_3x5_v2_elitec_via/usb_descriptor.o (symbol from plugin)
LanguageString                                    .build/obj_bastardkb_charybdis_3x5_v2_elitec_via/usb_descriptor.o (symbol from plugin)
ManufacturerString                                .build/obj_bastardkb_charybdis_3x5_v2_elitec_via/usb_descriptor.o (symbol from plugin)
MouseReport                                       .build/obj_bastardkb_charybdis_3x5_v2_elitec_via/usb_descriptor.o (symbol from plugin)
PipeStream_AVR8.c.b2e52de6                        C:\Users\colton\AppData\Local\Temp\ccnxbLI8debugobj
Pipe_AVR8.c.fdd67399                              C:\Users\colton\AppData\Local\Temp\ccnxbLI8debugobj
ProductString                                     .build/obj_bastardkb_charybdis_3x5_v2_elitec_via/usb_descriptor.o (symbol from plugin)
RawReport                                         .build/obj_bastardkb_charybdis_3x5_v2_elitec_via/usb_descriptor.o (symbol from plugin)
SharedReport                                      .build/obj_bastardkb_charybdis_3x5_v2_elitec_via/usb_descriptor.o (symbol from plugin)
USBController_AVR8.c.997c0afd                     C:\Users\colton\AppData\Local\Temp\ccnxbLI8debugobj
                                                  C:\Users\colton\AppData\Local\Temp\ccr4OPvs.ltrans0.ltrans.o
USBInterrupt_AVR8.c.1dde43c9                      C:\Users\colton\AppData\Local\Temp\ccnxbLI8debugobj
                                                  C:\Users\colton\AppData\Local\Temp\ccr4OPvs.ltrans0.ltrans.o
USBTask.c.3e71130e                                C:\Users\colton\AppData\Local\Temp\ccnxbLI8debugobj
                                                  C:\Users\colton\AppData\Local\Temp\ccr4OPvs.ltrans0.ltrans.o
USB_ControlRequest                                .build/obj_bastardkb_charybdis_3x5_v2_elitec_via/lib/lufa/LUFA/Drivers/USB/Core/USBTask.o (symbol from plugin)
                                                  .build/obj_bastardkb_charybdis_3x5_v2_elitec_via/lib/lufa/LUFA/Drivers/USB/Core/DeviceStandardReq.o (symbol from plugin)
                                                  .build/obj_bastardkb_charybdis_3x5_v2_elitec_via/lib/lufa/LUFA/Drivers/USB/Core/AVR8/Endpoint_AVR8.o (symbol from plugin)
                                                  .build/obj_bastardkb_charybdis_3x5_v2_elitec_via/lib/lufa/LUFA/Drivers/USB/Core/AVR8/EndpointStream_AVR8.o (symbol from plugin)
                                                  .build/obj_bastardkb_charybdis_3x5_v2_elitec_via/lufa.o (symbol from plugin)
USB_DeviceState                                   .build/obj_bastardkb_charybdis_3x5_v2_elitec_via/lib/lufa/LUFA/Drivers/USB/Core/USBTask.o (symbol from plugin)
                                                  .build/obj_bastardkb_charybdis_3x5_v2_elitec_via/protocol/lufa/usb_util.o (symbol from plugin)
                                                  .build/obj_bastardkb_charybdis_3x5_v2_elitec_via/lib/lufa/LUFA/Drivers/USB/Core/DeviceStandardReq.o (symbol from plugin)
                                                  .build/obj_bastardkb_charybdis_3x5_v2_elitec_via/lib/lufa/LUFA/Drivers/USB/Core/AVR8/USBInterrupt_AVR8.o (symbol from plugin)
                                                  .build/obj_bastardkb_charybdis_3x5_v2_elitec_via/lib/lufa/LUFA/Drivers/USB/Core/AVR8/USBController_AVR8.o (symbol from plugin)
                                                  .build/obj_bastardkb_charybdis_3x5_v2_elitec_via/lib/lufa/LUFA/Drivers/USB/Core/AVR8/Endpoint_AVR8.o (symbol from plugin)
                                                  .build/obj_bastardkb_charybdis_3x5_v2_elitec_via/lib/lufa/LUFA/Drivers/USB/Core/AVR8/EndpointStream_AVR8.o (symbol from plugin)
                                                  .build/obj_bastardkb_charybdis_3x5_v2_elitec_via/lufa.o (symbol from plugin)
                                                  .build/obj_bastardkb_charybdis_3x5_v2_elitec_via/platforms/avr/suspend.o (symbol from plugin)
USB_Device_ConfigurationNumber                    .build/obj_bastardkb_charybdis_3x5_v2_elitec_via/lib/lufa/LUFA/Drivers/USB/Core/DeviceStandardReq.o (symbol from plugin)
                                                  .build/obj_bastardkb_charybdis_3x5_v2_elitec_via/lib/lufa/LUFA/Drivers/USB/Core/AVR8/USBInterrupt_AVR8.o (symbol from plugin)
                                                  .build/obj_bastardkb_charybdis_3x5_v2_elitec_via/lib/lufa/LUFA/Drivers/USB/Core/AVR8/USBController_AVR8.o (symbol from plugin)
                                                  .build/obj_bastardkb_charybdis_3x5_v2_elitec_via/lufa.o (symbol from plugin)
USB_Device_CurrentlySelfPowered                   .build/obj_bastardkb_charybdis_3x5_v2_elitec_via/lib/lufa/LUFA/Drivers/USB/Core/DeviceStandardReq.o (symbol from plugin)
                                                  .build/obj_bastardkb_charybdis_3x5_v2_elitec_via/lib/lufa/LUFA/Drivers/USB/Core/AVR8/USBController_AVR8.o (symbol from plugin)
USB_Device_ProcessControlRequest                  .build/obj_bastardkb_charybdis_3x5_v2_elitec_via/lib/lufa/LUFA/Drivers/USB/Core/DeviceStandardReq.o (symbol from plugin)
                                                  .build/obj_bastardkb_charybdis_3x5_v2_elitec_via/lib/lufa/LUFA/Drivers/USB/Core/USBTask.o (symbol from plugin)
                                                  .build/obj_bastardkb_charybdis_3x5_v2_elitec_via/lib/lufa/LUFA/Drivers/USB/Core/AVR8/USBInterrupt_AVR8.o (symbol from plugin)
USB_Device_RemoteWakeupEnabled                    .build/obj_bastardkb_charybdis_3x5_v2_elitec_via/lib/lufa/LUFA/Drivers/USB/Core/DeviceStandardReq.o (symbol from plugin)
                                                  .build/obj_bastardkb_charybdis_3x5_v2_elitec_via/lib/lufa/LUFA/Drivers/USB/Core/AVR8/USBController_AVR8.o (symbol from plugin)
                                                  .build/obj_bastardkb_charybdis_3x5_v2_elitec_via/lufa.o (symbol from plugin)
USB_Device_SendRemoteWakeup                       .build/obj_bastardkb_charybdis_3x5_v2_elitec_via/lib/lufa/LUFA/Drivers/USB/Core/AVR8/Device_AVR8.o (symbol from plugin)
                                                  .build/obj_bastardkb_charybdis_3x5_v2_elitec_via/lufa.o (symbol from plugin)
USB_Disable                                       .build/obj_bastardkb_charybdis_3x5_v2_elitec_via/lib/lufa/LUFA/Drivers/USB/Core/AVR8/USBController_AVR8.o (symbol from plugin)
                                                  .build/obj_bastardkb_charybdis_3x5_v2_elitec_via/protocol/lufa/usb_util.o (symbol from plugin)
                                                  .build/obj_bastardkb_charybdis_3x5_v2_elitec_via/lufa.o (symbol from plugin)
USB_Event_Stub                                    .build/obj_bastardkb_charybdis_3x5_v2_elitec_via/lib/lufa/LUFA/Drivers/USB/Core/Events.o (symbol from plugin)
USB_Event_Stub_2                                  .build/obj_bastardkb_charybdis_3x5_v2_elitec_via/lib/lufa/LUFA/Drivers/USB/Core/Events.o (symbol from plugin)
USB_Event_Stub_3                                  .build/obj_bastardkb_charybdis_3x5_v2_elitec_via/lib/lufa/LUFA/Drivers/USB/Core/Events.o (symbol from plugin)
USB_GetHIDReportItemInfo                          .build/obj_bastardkb_charybdis_3x5_v2_elitec_via/lib/lufa/LUFA/Drivers/USB/Class/Common/HIDParser.o (symbol from plugin)
USB_GetHIDReportSize                              .build/obj_bastardkb_charybdis_3x5_v2_elitec_via/lib/lufa/LUFA/Drivers/USB/Class/Common/HIDParser.o (symbol from plugin)
USB_GetNextDescriptorComp                         .build/obj_bastardkb_charybdis_3x5_v2_elitec_via/lib/lufa/LUFA/Drivers/USB/Core/ConfigDescriptors.o (symbol from plugin)
USB_GetNextDescriptorOfType                       .build/obj_bastardkb_charybdis_3x5_v2_elitec_via/lib/lufa/LUFA/Drivers/USB/Core/ConfigDescriptors.o (symbol from plugin)
USB_GetNextDescriptorOfTypeAfter                  .build/obj_bastardkb_charybdis_3x5_v2_elitec_via/lib/lufa/LUFA/Drivers/USB/Core/ConfigDescriptors.o (symbol from plugin)
USB_GetNextDescriptorOfTypeBefore                 .build/obj_bastardkb_charybdis_3x5_v2_elitec_via/lib/lufa/LUFA/Drivers/USB/Core/ConfigDescriptors.o (symbol from plugin)
USB_INT_ClearAllInterrupts                        .build/obj_bastardkb_charybdis_3x5_v2_elitec_via/lib/lufa/LUFA/Drivers/USB/Core/AVR8/USBInterrupt_AVR8.o (symbol from plugin)
                                                  .build/obj_bastardkb_charybdis_3x5_v2_elitec_via/lib/lufa/LUFA/Drivers/USB/Core/AVR8/USBController_AVR8.o (symbol from plugin)
USB_INT_DisableAllInterrupts                      .build/obj_bastardkb_charybdis_3x5_v2_elitec_via/lib/lufa/LUFA/Drivers/USB/Core/AVR8/USBInterrupt_AVR8.o (symbol from plugin)
                                                  .build/obj_bastardkb_charybdis_3x5_v2_elitec_via/lib/lufa/LUFA/Drivers/USB/Core/AVR8/USBController_AVR8.o (symbol from plugin)
USB_Init                                          .build/obj_bastardkb_charybdis_3x5_v2_elitec_via/lib/lufa/LUFA/Drivers/USB/Core/AVR8/USBController_AVR8.o (symbol from plugin)
                                                  .build/obj_bastardkb_charybdis_3x5_v2_elitec_via/lufa.o (symbol from plugin)
USB_IsInitialized                                 .build/obj_bastardkb_charybdis_3x5_v2_elitec_via/lib/lufa/LUFA/Drivers/USB/Core/USBTask.o (symbol from plugin)
                                                  .build/obj_bastardkb_charybdis_3x5_v2_elitec_via/lib/lufa/LUFA/Drivers/USB/Core/AVR8/USBController_AVR8.o (symbol from plugin)
                                                  .build/obj_bastardkb_charybdis_3x5_v2_elitec_via/lufa.o (symbol from plugin)
USB_ProcessHIDReport                              .build/obj_bastardkb_charybdis_3x5_v2_elitec_via/lib/lufa/LUFA/Drivers/USB/Class/Common/HIDParser.o (symbol from plugin)
USB_ResetInterface                                .build/obj_bastardkb_charybdis_3x5_v2_elitec_via/lib/lufa/LUFA/Drivers/USB/Core/AVR8/USBController_AVR8.o (symbol from plugin)
USB_SetHIDReportItemInfo                          .build/obj_bastardkb_charybdis_3x5_v2_elitec_via/lib/lufa/LUFA/Drivers/USB/Class/Common/HIDParser.o (symbol from plugin)
USB_USBTask                                       .build/obj_bastardkb_charybdis_3x5_v2_elitec_via/lib/lufa/LUFA/Drivers/USB/Core/USBTask.o (symbol from plugin)
                                                  .build/obj_bastardkb_charybdis_3x5_v2_elitec_via/lufa.o (symbol from plugin)
__FUSE_REGION_LENGTH__                            c:/qmk_msys/mingw64/bin/../lib/gcc/avr/8.5.0/../../../../avr/lib/avr5/crtatmega32u4.o
__bad_interrupt                                   c:/qmk_msys/mingw64/bin/../lib/gcc/avr/8.5.0/../../../../avr/lib/avr5/crtatmega32u4.o
__bss_end                                         c:/qmk_msys/mingw64/bin/../lib/gcc/avr/8.5.0/avr5\libgcc.a(_clear_bss.o)
__bss_start                                       c:/qmk_msys/mingw64/bin/../lib/gcc/avr/8.5.0/avr5\libgcc.a(_clear_bss.o)
__bswapsi2                                        c:/qmk_msys/mingw64/bin/../lib/gcc/avr/8.5.0/avr5\libgcc.a(_bswapsi2.o)
                                                  C:\Users\colton\AppData\Local\Temp\ccr4OPvs.ltrans0.ltrans.o
__data_end                                        c:/qmk_msys/mingw64/bin/../lib/gcc/avr/8.5.0/avr5\libgcc.a(_copy_data.o)
__data_load_start                                 c:/qmk_msys/mingw64/bin/../lib/gcc/avr/8.5.0/avr5\libgcc.a(_copy_data.o)
__data_start                                      c:/qmk_msys/mingw64/bin/../lib/gcc/avr/8.5.0/avr5\libgcc.a(_copy_data.o)
__do_clear_bss                                    c:/qmk_msys/mingw64/bin/../lib/gcc/avr/8.5.0/avr5\libgcc.a(_clear_bss.o)
                                                  C:\Users\colton\AppData\Local\Temp\ccr4OPvs.ltrans0.ltrans.o
                                                  .build/obj_bastardkb_charybdis_3x5_v2_elitec_via/spi_master.a(spi_master.o)
__do_copy_data                                    c:/qmk_msys/mingw64/bin/../lib/gcc/avr/8.5.0/avr5\libgcc.a(_copy_data.o)
                                                  C:\Users\colton\AppData\Local\Temp\ccr4OPvs.ltrans0.ltrans.o
                                                  .build/obj_bastardkb_charybdis_3x5_v2_elitec_via/spi_master.a(spi_master.o)
__epilogue_restores__                             c:/qmk_msys/mingw64/bin/../lib/gcc/avr/8.5.0/avr5\libgcc.a(_epilogue.o)
                                                  C:\Users\colton\AppData\Local\Temp\ccr4OPvs.ltrans0.ltrans.o
                                                  .build/obj_bastardkb_charybdis_3x5_v2_elitec_via/serial.a(serial.o)
__heap_end                                        c:/qmk_msys/mingw64/bin/../lib/gcc/avr/8.5.0/../../../../avr/lib/avr5/crtatmega32u4.o
__init                                            c:/qmk_msys/mingw64/bin/../lib/gcc/avr/8.5.0/../../../../avr/lib/avr5/crtatmega32u4.o
__prologue_saves__                                c:/qmk_msys/mingw64/bin/../lib/gcc/avr/8.5.0/avr5\libgcc.a(_prologue.o)
                                                  C:\Users\colton\AppData\Local\Temp\ccr4OPvs.ltrans0.ltrans.o
                                                  .build/obj_bastardkb_charybdis_3x5_v2_elitec_via/serial.a(serial.o)
__stack                                           c:/qmk_msys/mingw64/bin/../lib/gcc/avr/8.5.0/../../../../avr/lib/avr5/crtatmega32u4.o
__tablejump2__                                    c:/qmk_msys/mingw64/bin/../lib/gcc/avr/8.5.0/avr5\libgcc.a(_tablejump2.o)
                                                  C:\Users\colton\AppData\Local\Temp\ccr4OPvs.ltrans0.ltrans.o
__udivmodhi4                                      c:/qmk_msys/mingw64/bin/../lib/gcc/avr/8.5.0/avr5\libgcc.a(_udivmodhi4.o)
                                                  C:\Users\colton\AppData\Local\Temp\ccr4OPvs.ltrans0.ltrans.o
__vector_1                                        c:/qmk_msys/mingw64/bin/../lib/gcc/avr/8.5.0/../../../../avr/lib/avr5/crtatmega32u4.o
__vector_10                                       C:\Users\colton\AppData\Local\Temp\ccr4OPvs.ltrans0.ltrans.o
                                                  .build/obj_bastardkb_charybdis_3x5_v2_elitec_via/lib/lufa/LUFA/Drivers/USB/Core/AVR8/USBInterrupt_AVR8.o (symbol from plugin)
                                                  c:/qmk_msys/mingw64/bin/../lib/gcc/avr/8.5.0/../../../../avr/lib/avr5/crtatmega32u4.o
__vector_11                                       C:\Users\colton\AppData\Local\Temp\ccr4OPvs.ltrans0.ltrans.o
                                                  .build/obj_bastardkb_charybdis_3x5_v2_elitec_via/lib/lufa/LUFA/Drivers/USB/Core/AVR8/USBInterrupt_AVR8.o (symbol from plugin)
                                                  c:/qmk_msys/mingw64/bin/../lib/gcc/avr/8.5.0/../../../../avr/lib/avr5/crtatmega32u4.o
__vector_12                                       C:\Users\colton\AppData\Local\Temp\ccr4OPvs.ltrans0.ltrans.o
                                                  .build/obj_bastardkb_charybdis_3x5_v2_elitec_via/platforms/avr/suspend.o (symbol from plugin)
                                                  c:/qmk_msys/mingw64/bin/../lib/gcc/avr/8.5.0/../../../../avr/lib/avr5/crtatmega32u4.o
__vector_13                                       c:/qmk_msys/mingw64/bin/../lib/gcc/avr/8.5.0/../../../../avr/lib/avr5/crtatmega32u4.o
__vector_14                                       c:/qmk_msys/mingw64/bin/../lib/gcc/avr/8.5.0/../../../../avr/lib/avr5/crtatmega32u4.o
__vector_15                                       c:/qmk_msys/mingw64/bin/../lib/gcc/avr/8.5.0/../../../../avr/lib/avr5/crtatmega32u4.o
__vector_16                                       c:/qmk_msys/mingw64/bin/../lib/gcc/avr/8.5.0/../../../../avr/lib/avr5/crtatmega32u4.o
__vector_17                                       c:/qmk_msys/mingw64/bin/../lib/gcc/avr/8.5.0/../../../../avr/lib/avr5/crtatmega32u4.o
__vector_18                                       c:/qmk_msys/mingw64/bin/../lib/gcc/avr/8.5.0/../../../../avr/lib/avr5/crtatmega32u4.o
__vector_19                                       c:/qmk_msys/mingw64/bin/../lib/gcc/avr/8.5.0/../../../../avr/lib/avr5/crtatmega32u4.o
__vector_2                                        c:/qmk_msys/mingw64/bin/../lib/gcc/avr/8.5.0/../../../../avr/lib/avr5/crtatmega32u4.o
__vector_20                                       c:/qmk_msys/mingw64/bin/../lib/gcc/avr/8.5.0/../../../../avr/lib/avr5/crtatmega32u4.o
__vector_21                                       C:\Users\colton\AppData\Local\Temp\ccr4OPvs.ltrans0.ltrans.o
                                                  .build/obj_bastardkb_charybdis_3x5_v2_elitec_via/platforms/avr/timer.o (symbol from plugin)
                                                  c:/qmk_msys/mingw64/bin/../lib/gcc/avr/8.5.0/../../../../avr/lib/avr5/crtatmega32u4.o
__vector_22                                       c:/qmk_msys/mingw64/bin/../lib/gcc/avr/8.5.0/../../../../avr/lib/avr5/crtatmega32u4.o
__vector_23                                       c:/qmk_msys/mingw64/bin/../lib/gcc/avr/8.5.0/../../../../avr/lib/avr5/crtatmega32u4.o
__vector_24                                       c:/qmk_msys/mingw64/bin/../lib/gcc/avr/8.5.0/../../../../avr/lib/avr5/crtatmega32u4.o
__vector_25                                       c:/qmk_msys/mingw64/bin/../lib/gcc/avr/8.5.0/../../../../avr/lib/avr5/crtatmega32u4.o
__vector_26                                       c:/qmk_msys/mingw64/bin/../lib/gcc/avr/8.5.0/../../../../avr/lib/avr5/crtatmega32u4.o
__vector_27                                       c:/qmk_msys/mingw64/bin/../lib/gcc/avr/8.5.0/../../../../avr/lib/avr5/crtatmega32u4.o
__vector_28                                       c:/qmk_msys/mingw64/bin/../lib/gcc/avr/8.5.0/../../../../avr/lib/avr5/crtatmega32u4.o
__vector_29                                       c:/qmk_msys/mingw64/bin/../lib/gcc/avr/8.5.0/../../../../avr/lib/avr5/crtatmega32u4.o
__vector_3                                        .build/obj_bastardkb_charybdis_3x5_v2_elitec_via/serial.a(serial.o)
                                                  c:/qmk_msys/mingw64/bin/../lib/gcc/avr/8.5.0/../../../../avr/lib/avr5/crtatmega32u4.o
__vector_30                                       c:/qmk_msys/mingw64/bin/../lib/gcc/avr/8.5.0/../../../../avr/lib/avr5/crtatmega32u4.o
__vector_31                                       c:/qmk_msys/mingw64/bin/../lib/gcc/avr/8.5.0/../../../../avr/lib/avr5/crtatmega32u4.o
__vector_32                                       c:/qmk_msys/mingw64/bin/../lib/gcc/avr/8.5.0/../../../../avr/lib/avr5/crtatmega32u4.o
__vector_33                                       c:/qmk_msys/mingw64/bin/../lib/gcc/avr/8.5.0/../../../../avr/lib/avr5/crtatmega32u4.o
__vector_34                                       c:/qmk_msys/mingw64/bin/../lib/gcc/avr/8.5.0/../../../../avr/lib/avr5/crtatmega32u4.o
__vector_35                                       c:/qmk_msys/mingw64/bin/../lib/gcc/avr/8.5.0/../../../../avr/lib/avr5/crtatmega32u4.o
__vector_36                                       c:/qmk_msys/mingw64/bin/../lib/gcc/avr/8.5.0/../../../../avr/lib/avr5/crtatmega32u4.o
__vector_37                                       c:/qmk_msys/mingw64/bin/../lib/gcc/avr/8.5.0/../../../../avr/lib/avr5/crtatmega32u4.o
__vector_38                                       c:/qmk_msys/mingw64/bin/../lib/gcc/avr/8.5.0/../../../../avr/lib/avr5/crtatmega32u4.o
__vector_39                                       c:/qmk_msys/mingw64/bin/../lib/gcc/avr/8.5.0/../../../../avr/lib/avr5/crtatmega32u4.o
__vector_4                                        c:/qmk_msys/mingw64/bin/../lib/gcc/avr/8.5.0/../../../../avr/lib/avr5/crtatmega32u4.o
__vector_40                                       c:/qmk_msys/mingw64/bin/../lib/gcc/avr/8.5.0/../../../../avr/lib/avr5/crtatmega32u4.o
__vector_41                                       c:/qmk_msys/mingw64/bin/../lib/gcc/avr/8.5.0/../../../../avr/lib/avr5/crtatmega32u4.o
__vector_42                                       c:/qmk_msys/mingw64/bin/../lib/gcc/avr/8.5.0/../../../../avr/lib/avr5/crtatmega32u4.o
__vector_5                                        c:/qmk_msys/mingw64/bin/../lib/gcc/avr/8.5.0/../../../../avr/lib/avr5/crtatmega32u4.o
__vector_6                                        c:/qmk_msys/mingw64/bin/../lib/gcc/avr/8.5.0/../../../../avr/lib/avr5/crtatmega32u4.o
__vector_7                                        c:/qmk_msys/mingw64/bin/../lib/gcc/avr/8.5.0/../../../../avr/lib/avr5/crtatmega32u4.o
__vector_8                                        c:/qmk_msys/mingw64/bin/../lib/gcc/avr/8.5.0/../../../../avr/lib/avr5/crtatmega32u4.o
__vector_9                                        c:/qmk_msys/mingw64/bin/../lib/gcc/avr/8.5.0/../../../../avr/lib/avr5/crtatmega32u4.o
__vector_default                                  c:/qmk_msys/mingw64/bin/../lib/gcc/avr/8.5.0/../../../../avr/lib/avr5/crtatmega32u4.o
__vectors                                         c:/qmk_msys/mingw64/bin/../lib/gcc/avr/8.5.0/../../../../avr/lib/avr5/crtatmega32u4.o
__xprintf                                         .build/obj_bastardkb_charybdis_3x5_v2_elitec_via/platforms/avr/xprintf.o
_exit                                             c:/qmk_msys/mingw64/bin/../lib/gcc/avr/8.5.0/avr5\libgcc.a(_exit.o)
action.c.ec0b2c46                                 C:\Users\colton\AppData\Local\Temp\ccnxbLI8debugobj
                                                  C:\Users\colton\AppData\Local\Temp\ccr4OPvs.ltrans0.ltrans.o
action_exec                                       .build/obj_bastardkb_charybdis_3x5_v2_elitec_via/quantum/action.o (symbol from plugin)
                                                  .build/obj_bastardkb_charybdis_3x5_v2_elitec_via/quantum/keyboard.o (symbol from plugin)
action_for_key                                    .build/obj_bastardkb_charybdis_3x5_v2_elitec_via/quantum/keymap_common.o (symbol from plugin)
                                                  .build/obj_bastardkb_charybdis_3x5_v2_elitec_via/quantum/action_layer.o (symbol from plugin)
action_for_keycode                                .build/obj_bastardkb_charybdis_3x5_v2_elitec_via/quantum/keymap_common.o (symbol from plugin)
action_layer.c.0d9cbd41                           C:\Users\colton\AppData\Local\Temp\ccnxbLI8debugobj
                                                  C:\Users\colton\AppData\Local\Temp\ccr4OPvs.ltrans0.ltrans.o