Archive member included to satisfy reference by file (symbol)

c:/qmk_msys/mingw64/bin/../lib/gcc/avr/8.5.0/avr5\libgcc.a(_exit.o)
                              c:/qmk_msys/mingw64/bin/../lib/gcc/avr/8.5.0/../../../../avr/lib/avr5/crtatmega32u4.o (exit)
c:/qmk_msys/mingw64/bin/../lib/gcc/avr/8.5.0/../../../../avr/lib/avr5\libc.a(rand.o)
                              .build/obj_boardwalk_via/quantum/rgblight/rgblight.o (symbol from plugin) (rand)
c:/qmk_msys/mingw64/bin/../lib/gcc/avr/8.5.0/../../../../avr/lib/avr5\libatmega32u4.a(eerd_byte.o)
                              .build/obj_boardwalk_via/quantum/eeconfig.o (symbol from plugin) (eeprom_read_byte)
c:/qmk_msys/mingw64/bin/../lib/gcc/avr/8.5.0/../../../../avr/lib/avr5\libatmega32u4.a(eerd_dword.o)
                              .build/obj_boardwalk_via/quantum/eeconfig.o (symbol from plugin) (eeprom_read_dword)
c:/qmk_msys/mingw64/bin/../lib/gcc/avr/8.5.0/../../../../avr/lib/avr5\libatmega32u4.a(eerd_word.o)
                              .build/obj_boardwalk_via/quantum/eeconfig.o (symbol from plugin) (eeprom_read_word)
c:/qmk_msys/mingw64/bin/../lib/gcc/avr/8.5.0/../../../../avr/lib/avr5\libatmega32u4.a(eeupd_byte.o)
                              .build/obj_boardwalk_via/quantum/eeconfig.o (symbol from plugin) (eeprom_update_byte)
c:/qmk_msys/mingw64/bin/../lib/gcc/avr/8.5.0/../../../../avr/lib/avr5\libatmega32u4.a(eeupd_dword.o)
                              .build/obj_boardwalk_via/quantum/eeconfig.o (symbol from plugin) (eeprom_update_dword)
c:/qmk_msys/mingw64/bin/../lib/gcc/avr/8.5.0/../../../../avr/lib/avr5\libatmega32u4.a(eeupd_word.o)
                              .build/obj_boardwalk_via/quantum/eeconfig.o (symbol from plugin) (eeprom_update_word)
c:/qmk_msys/mingw64/bin/../lib/gcc/avr/8.5.0/../../../../avr/lib/avr5\libatmega32u4.a(eerd_block.o)
                              c:/qmk_msys/mingw64/bin/../lib/gcc/avr/8.5.0/../../../../avr/lib/avr5\libatmega32u4.a(eerd_dword.o) (eeprom_read_blraw)
c:/qmk_msys/mingw64/bin/../lib/gcc/avr/8.5.0/avr5\libgcc.a(_divmodsi4.o)
                              c:/qmk_msys/mingw64/bin/../lib/gcc/avr/8.5.0/../../../../avr/lib/avr5\libc.a(rand.o) (__divmodsi4)
c:/qmk_msys/mingw64/bin/../lib/gcc/avr/8.5.0/avr5\libgcc.a(_negsi2.o)
                              c:/qmk_msys/mingw64/bin/../lib/gcc/avr/8.5.0/avr5\libgcc.a(_divmodsi4.o) (__negsi2)
c:/qmk_msys/mingw64/bin/../lib/gcc/avr/8.5.0/avr5\libgcc.a(_copy_data.o)
                              c:/qmk_msys/mingw64/bin/../lib/gcc/avr/8.5.0/../../../../avr/lib/avr5\libc.a(rand.o) (__do_copy_data)
c:/qmk_msys/mingw64/bin/../lib/gcc/avr/8.5.0/avr5\libgcc.a(_muluhisi3.o)
                              c:/qmk_msys/mingw64/bin/../lib/gcc/avr/8.5.0/../../../../avr/lib/avr5\libc.a(rand.o) (__muluhisi3)
c:/qmk_msys/mingw64/bin/../lib/gcc/avr/8.5.0/avr5\libgcc.a(_mulshisi3.o)
                              c:/qmk_msys/mingw64/bin/../lib/gcc/avr/8.5.0/../../../../avr/lib/avr5\libc.a(rand.o) (__mulohisi3)
c:/qmk_msys/mingw64/bin/../lib/gcc/avr/8.5.0/avr5\libgcc.a(_udivmodsi4.o)
                              c:/qmk_msys/mingw64/bin/../lib/gcc/avr/8.5.0/avr5\libgcc.a(_divmodsi4.o) (__udivmodsi4)
c:/qmk_msys/mingw64/bin/../lib/gcc/avr/8.5.0/avr5\libgcc.a(_umulhisi3.o)
                              c:/qmk_msys/mingw64/bin/../lib/gcc/avr/8.5.0/avr5\libgcc.a(_muluhisi3.o) (__umulhisi3)
c:/qmk_msys/mingw64/bin/../lib/gcc/avr/8.5.0/avr5\libgcc.a(_udivmodqi4.o)
                              C:\Users\colton\AppData\Local\Temp\ccEktbbr.ltrans0.ltrans.o (__udivmodqi4)
c:/qmk_msys/mingw64/bin/../lib/gcc/avr/8.5.0/avr5\libgcc.a(_divmodqi4.o)
                              C:\Users\colton\AppData\Local\Temp\ccEktbbr.ltrans0.ltrans.o (__divmodqi4)
c:/qmk_msys/mingw64/bin/../lib/gcc/avr/8.5.0/avr5\libgcc.a(_udivmodhi4.o)
                              C:\Users\colton\AppData\Local\Temp\ccEktbbr.ltrans0.ltrans.o (__udivmodhi4)
c:/qmk_msys/mingw64/bin/../lib/gcc/avr/8.5.0/avr5\libgcc.a(_divmodhi4.o)
                              C:\Users\colton\AppData\Local\Temp\ccEktbbr.ltrans0.ltrans.o (__divmodhi4)
c:/qmk_msys/mingw64/bin/../lib/gcc/avr/8.5.0/avr5\libgcc.a(_tablejump2.o)
                              C:\Users\colton\AppData\Local\Temp\ccEktbbr.ltrans0.ltrans.o (__tablejump2__)
c:/qmk_msys/mingw64/bin/../lib/gcc/avr/8.5.0/avr5\libgcc.a(_clear_bss.o)
                              C:\Users\colton\AppData\Local\Temp\ccEktbbr.ltrans0.ltrans.o (__do_clear_bss)
c:/qmk_msys/mingw64/bin/../lib/gcc/avr/8.5.0/avr5\libgcc.a(_bswapsi2.o)
                              C:\Users\colton\AppData\Local\Temp\ccEktbbr.ltrans0.ltrans.o (__bswapsi2)
c:/qmk_msys/mingw64/bin/../lib/gcc/avr/8.5.0/avr5\libgcc.a(_mulhisi3.o)
                              C:\Users\colton\AppData\Local\Temp\ccEktbbr.ltrans0.ltrans.o (__mulhisi3)
c:/qmk_msys/mingw64/bin/../lib/gcc/avr/8.5.0/avr5\libgcc.a(_usmulhisi3.o)
[...]
Memory Configuration

Name             Origin             Length             Attributes
text             0x0000000000000000 0x0000000000020000 xr
data             0x0000000000800060 0x000000000000ffa0 rw !x
eeprom           0x0000000000810000 0x0000000000010000 rw !x
fuse             0x0000000000820000 0x0000000000000003 rw !x
lock             0x0000000000830000 0x0000000000000400 rw !x
signature        0x0000000000840000 0x0000000000000400 rw !x
user_signatures  0x0000000000850000 0x0000000000000400 rw !x
*default*        0x0000000000000000 0xffffffffffffffff

Linker script and memory map

Address of section .data set to 0x800100
LOAD c:/qmk_msys/mingw64/bin/../lib/gcc/avr/8.5.0/../../../../avr/lib/avr5/crtatmega32u4.o
LOAD .build/obj_boardwalk_via/.build/obj_boardwalk/src/default_keyboard.o
LOAD C:\Users\colton\AppData\Local\Temp\ccIgTixedebugobj
LOAD C:\Users\colton\AppData\Local\Temp\ccEktbbr.ltrans0.ltrans.o
LOAD .build/obj_boardwalk_via/quantum/keymap_introspection.o
LOAD .build/obj_boardwalk_via/quantum/quantum.o
LOAD .build/obj_boardwalk_via/quantum/bitwise.o
LOAD .build/obj_boardwalk_via/quantum/led.o
LOAD .build/obj_boardwalk_via/quantum/action.o
LOAD .build/obj_boardwalk_via/quantum/action_layer.o
LOAD .build/obj_boardwalk_via/quantum/action_tapping.o
LOAD .build/obj_boardwalk_via/quantum/action_util.o
LOAD .build/obj_boardwalk_via/quantum/eeconfig.o
LOAD .build/obj_boardwalk_via/quantum/keyboard.o
LOAD .build/obj_boardwalk_via/quantum/keymap_common.o
LOAD .build/obj_boardwalk_via/quantum/keycode_config.o
LOAD .build/obj_boardwalk_via/quantum/sync_timer.o
LOAD .build/obj_boardwalk_via/quantum/logging/debug.o
LOAD .build/obj_boardwalk_via/quantum/logging/sendchar.o
LOAD .build/obj_boardwalk_via/quantum/bootmagic/bootmagic_lite.o
LOAD .build/obj_boardwalk_via/quantum/bootmagic/magic.o
LOAD .build/obj_boardwalk_via/quantum/matrix_common.o
LOAD .build/obj_boardwalk_via/quantum/matrix.o
LOAD .build/obj_boardwalk_via/quantum/debounce/sym_defer_g.o
LOAD .build/obj_boardwalk_via/quantum/main.o
LOAD .build/obj_boardwalk_via/quantum/color.o
LOAD .build/obj_boardwalk_via/quantum/rgblight/rgblight.o
LOAD .build/obj_boardwalk_via/quantum/process_keycode/process_rgb.o
LOAD .build/obj_boardwalk_via/ws2812.o
LOAD .build/obj_boardwalk_via/quantum/led_tables.o
LOAD .build/obj_boardwalk_via/quantum/via.o
LOAD .build/obj_boardwalk_via/quantum/process_keycode/process_unicode.o
LOAD .build/obj_boardwalk_via/quantum/process_keycode/process_unicode_common.o
LOAD .build/obj_boardwalk_via/quantum/unicode/unicode.o
LOAD .build/obj_boardwalk_via/quantum/unicode/utf8.o
LOAD .build/obj_boardwalk_via/quantum/process_keycode/process_magic.o
LOAD .build/obj_boardwalk_via/quantum/send_string/send_string.o
LOAD .build/obj_boardwalk_via/quantum/command.o
LOAD .build/obj_boardwalk_via/quantum/dynamic_keymap.o
LOAD .build/obj_boardwalk_via/quantum/process_keycode/process_grave_esc.o
LOAD .build/obj_boardwalk_via/quantum/process_keycode/process_space_cadet.o
LOAD .build/obj_boardwalk_via/quantum/process_keycode/process_tri_layer.o
LOAD .build/obj_boardwalk_via/quantum/tri_layer.o
LOAD .build/obj_boardwalk_via/platforms/avr/xprintf.o
LOAD .build/obj_boardwalk_via/platforms/avr/printf.o
LOAD .build/obj_boardwalk_via/protocol/host.o
LOAD .build/obj_boardwalk_via/protocol/report.o
LOAD .build/obj_boardwalk_via/protocol/usb_device_state.o
LOAD .build/obj_boardwalk_via/protocol/usb_util.o
LOAD .build/obj_boardwalk_via/platforms/suspend.o
LOAD .build/obj_boardwalk_via/platforms/synchronization_util.o
LOAD .build/obj_boardwalk_via/platforms/timer.o
LOAD .build/obj_boardwalk_via/platforms/avr/hardware_id.o
LOAD .build/obj_boardwalk_via/platforms/avr/platform.o
LOAD .build/obj_boardwalk_via/platforms/avr/suspend.o
LOAD .build/obj_boardwalk_via/platforms/avr/timer.o
LOAD .build/obj_boardwalk_via/platforms/avr/bootloaders/dfu.o
LOAD .build/obj_boardwalk_via/lufa.o
LOAD .build/obj_boardwalk_via/usb_descriptor.o
LOAD .build/obj_boardwalk_via/lib/lufa/LUFA/Drivers/USB/Class/Common/HIDParser.o
LOAD .build/obj_boardwalk_via/lib/lufa/LUFA/Drivers/USB/Core/AVR8/Device_AVR8.o
LOAD .build/obj_boardwalk_via/lib/lufa/LUFA/Drivers/USB/Core/AVR8/EndpointStream_AVR8.o
LOAD .build/obj_boardwalk_via/lib/lufa/LUFA/Drivers/USB/Core/AVR8/Endpoint_AVR8.o
LOAD .build/obj_boardwalk_via/lib/lufa/LUFA/Drivers/USB/Core/AVR8/Host_AVR8.o
LOAD .build/obj_boardwalk_via/lib/lufa/LUFA/Drivers/USB/Core/AVR8/PipeStream_AVR8.o
LOAD .build/obj_boardwalk_via/lib/lufa/LUFA/Drivers/USB/Core/AVR8/Pipe_AVR8.o
LOAD .build/obj_boardwalk_via/lib/lufa/LUFA/Drivers/USB/Core/AVR8/USBController_AVR8.o
LOAD .build/obj_boardwalk_via/lib/lufa/LUFA/Drivers/USB/Core/AVR8/USBInterrupt_AVR8.o
LOAD .build/obj_boardwalk_via/lib/lufa/LUFA/Drivers/USB/Core/ConfigDescriptors.o
LOAD .build/obj_boardwalk_via/lib/lufa/LUFA/Drivers/USB/Core/DeviceStandardReq.o
LOAD .build/obj_boardwalk_via/lib/lufa/LUFA/Drivers/USB/Core/Events.o
LOAD .build/obj_boardwalk_via/lib/lufa/LUFA/Drivers/USB/Core/HostStandardReq.o
LOAD .build/obj_boardwalk_via/lib/lufa/LUFA/Drivers/USB/Core/USBTask.o
LOAD .build/obj_boardwalk_via/protocol/lufa/usb_util.o
LOAD c:/qmk_msys/mingw64/bin/../lib/gcc/avr/8.5.0/../../../../avr/lib/avr5\libm.a
START GROUP
LOAD c:/qmk_msys/mingw64/bin/../lib/gcc/avr/8.5.0/avr5\libgcc.a
LOAD c:/qmk_msys/mingw64/bin/../lib/gcc/avr/8.5.0/../../../../avr/lib/avr5\libm.a
LOAD c:/qmk_msys/mingw64/bin/../lib/gcc/avr/8.5.0/../../../../avr/lib/avr5\libc.a
LOAD c:/qmk_msys/mingw64/bin/../lib/gcc/avr/8.5.0/../../../../avr/lib/avr5\libatmega32u4.a
END GROUP
                0x0000000000020000                __TEXT_REGION_LENGTH__ = DEFINED (__TEXT_REGION_LENGTH__)?__TEXT_REGION_LENGTH__:0x20000
                0x000000000000ffa0                __DATA_REGION_LENGTH__ = DEFINED (__DATA_REGION_LENGTH__)?__DATA_REGION_LENGTH__:0xffa0
                0x0000000000010000                __EEPROM_REGION_LENGTH__ = DEFINED (__EEPROM_REGION_LENGTH__)?__EEPROM_REGION_LENGTH__:0x10000
                [0x0000000000000003]                __FUSE_REGION_LENGTH__ = DEFINED (__FUSE_REGION_LENGTH__)?__FUSE_REGION_LENGTH__:0x400
                0x0000000000000400                __LOCK_REGION_LENGTH__ = DEFINED (__LOCK_REGION_LENGTH__)?__LOCK_REGION_LENGTH__:0x400
                0x0000000000000400                __SIGNATURE_REGION_LENGTH__ = DEFINED (__SIGNATURE_REGION_LENGTH__)?__SIGNATURE_REGION_LENGTH__:0x400
                0x0000000000000400                __USER_SIGNATURE_REGION_LENGTH__ = DEFINED (__USER_SIGNATURE_REGION_LENGTH__)?__USER_SIGNATURE_REGION_LENGTH__:0x400

.hash
 *(.hash)

.dynsym
 *(.dynsym)

.dynstr
 *(.dynstr)

.gnu.version
 *(.gnu.version)

.gnu.version_d
 *(.gnu.version_d)

.gnu.version_r
 *(.gnu.version_r)

.rel.init
 *(.rel.init)

.rela.init
 *(.rela.init)

.rel.text
 *(.rel.text)
 *(.rel.text.*)
 *(.rel.gnu.linkonce.t*)

.rela.text
 *(.rela.text)
 *(.rela.text.*)
 *(.rela.gnu.linkonce.t*)

.rel.fini
 *(.rel.fini)

.rela.fini
 *(.rela.fini)

.rel.rodata
 *(.rel.rodata)
 *(.rel.rodata.*)
 *(.rel.gnu.linkonce.r*)

.rela.rodata
 *(.rela.rodata)
 *(.rela.rodata.*)
 *(.rela.gnu.linkonce.r*)

.rel.data
 *(.rel.data)
 *(.rel.data.*)
 *(.rel.gnu.linkonce.d*)

.rela.data
 *(.rela.data)
 *(.rela.data.*)
 *(.rela.gnu.linkonce.d*)

.rel.ctors
 *(.rel.ctors)

.rela.ctors
 *(.rela.ctors)

.rel.dtors
 *(.rel.dtors)

.rela.dtors
 *(.rela.dtors)

.rel.got
 *(.rel.got)

.rela.got
 *(.rela.got)

.rel.bss
 *(.rel.bss)

.rela.bss
 *(.rela.bss)

.rel.plt
 *(.rel.plt)

.rela.plt
 *(.rela.plt)

.text           0x0000000000000000     0x5136
 *(.vectors)
 .vectors       0x0000000000000000       0xac c:/qmk_msys/mingw64/bin/../lib/gcc/avr/8.5.0/../../../../avr/lib/avr5/crtatmega32u4.o
                0x0000000000000000                __vector_default
                0x0000000000000000                __vectors
 *(.vectors)
 *(.progmem.gcc*)
                0x00000000000000ac                . = ALIGN (0x2)
                0x00000000000000ac                __trampolines_start = .
 *(.trampolines)
 .trampolines   0x00000000000000ac        0x0 linker stubs
 *(.trampolines*)
                0x00000000000000ac                __trampolines_end = .
 *libprintf_flt.a:*(.progmem.data)
 *libc.a:*(.progmem.data)
 *(.progmem.*)
 .progmem.data.SharedReport
                0x00000000000000ac       0x6d C:\Users\colton\AppData\Local\Temp\ccEktbbr.ltrans0.ltrans.o
 .progmem.data.RawReport
                0x0000000000000119       0x22 C:\Users\colton\AppData\Local\Temp\ccEktbbr.ltrans0.ltrans.o
 .progmem.data.KeyboardReport
                0x000000000000013b       0x40 C:\Users\colton\AppData\Local\Temp\ccEktbbr.ltrans0.ltrans.o
 .progmem.data.RGBLED_TWINKLE_INTERVALS
                0x000000000000017b        0x3 C:\Users\colton\AppData\Local\Temp\ccEktbbr.ltrans0.ltrans.o
 .progmem.data.RGBLED_RGBTEST_INTERVALS
                0x000000000000017e        0x2 C:\Users\colton\AppData\Local\Temp\ccEktbbr.ltrans0.ltrans.o
 .progmem.data.RGBLED_KNIGHT_INTERVALS
                0x0000000000000180        0x3 C:\Users\colton\AppData\Local\Temp\ccEktbbr.ltrans0.ltrans.o
 .progmem.data.RGBLED_SNAKE_INTERVALS
                0x0000000000000183        0x3 C:\Users\colton\AppData\Local\Temp\ccEktbbr.ltrans0.ltrans.o
 .progmem.data.RGBLED_RAINBOW_SWIRL_INTERVALS
                0x0000000000000186        0x3 C:\Users\colton\AppData\Local\Temp\ccEktbbr.ltrans0.ltrans.o
 .progmem.data.RGBLED_RAINBOW_MOOD_INTERVALS
                0x0000000000000189        0x3 C:\Users\colton\AppData\Local\Temp\ccEktbbr.ltrans0.ltrans.o
 .progmem.data.RGBLED_BREATHING_INTERVALS
                0x000000000000018c        0x4 C:\Users\colton\AppData\Local\Temp\ccEktbbr.ltrans0.ltrans.o
 .progmem.data.CIE1931_CURVE
                0x0000000000000190      0x100 C:\Users\colton\AppData\Local\Temp\ccEktbbr.ltrans0.ltrans.o
 .progmem.data.RGBLED_GRADIENT_RANGES
                0x0000000000000290        0x5 C:\Users\colton\AppData\Local\Temp\ccEktbbr.ltrans0.ltrans.o
 .progmem.data.rgblight_effect_breathe_table
                0x0000000000000295      0x100 C:\Users\colton\AppData\Local\Temp\ccEktbbr.ltrans0.ltrans.o
 .progmem.data.ascii_to_dead_lut
                0x0000000000000395       0x10 C:\Users\colton\AppData\Local\Temp\ccEktbbr.ltrans0.ltrans.o
 .progmem.data.ascii_to_altgr_lut
                0x00000000000003a5       0x10 C:\Users\colton\AppData\Local\Temp\ccEktbbr.ltrans0.ltrans.o
 .progmem.data.ascii_to_shift_lut
                0x00000000000003b5       0x10 C:\Users\colton\AppData\Local\Temp\ccEktbbr.ltrans0.ltrans.o
 .progmem.data.ascii_to_keycode_lut
                0x00000000000003c5       0x80 C:\Users\colton\AppData\Local\Temp\ccEktbbr.ltrans0.ltrans.o
 .progmem.data.keymaps
                0x0000000000000445      0x230 C:\Users\colton\AppData\Local\Temp\ccEktbbr.ltrans0.ltrans.o
 .progmem.data.ConfigurationDescriptor
                0x0000000000000675       0x5b C:\Users\colton\AppData\Local\Temp\ccEktbbr.ltrans0.ltrans.o
 .progmem.data.DeviceDescriptor
                0x00000000000006d0       0x12 C:\Users\colton\AppData\Local\Temp\ccEktbbr.ltrans0.ltrans.o
 .progmem.data.ProductString
                0x00000000000006e2       0x16 C:\Users\colton\AppData\Local\Temp\ccEktbbr.ltrans0.ltrans.o
 .progmem.data.ManufacturerString
                0x00000000000006f8       0x1a C:\Users\colton\AppData\Local\Temp\ccEktbbr.ltrans0.ltrans.o
 .progmem.data.LanguageString
                0x0000000000000712        0x4 C:\Users\colton\AppData\Local\Temp\ccEktbbr.ltrans0.ltrans.o
                0x0000000000000716                . = ALIGN (0x2)
 *(.lowtext)
 *(.lowtext*)
                0x0000000000000716                __ctors_start = .
 *(.ctors)
                0x0000000000000716                __ctors_end = .
                0x0000000000000716                __dtors_start = .
 *(.dtors)
                0x0000000000000716                __dtors_end = .
 SORT_BY_NAME(*)(.ctors)
 SORT_BY_NAME(*)(.dtors)
 *(.init0)
 .init0         0x0000000000000716        0x0 c:/qmk_msys/mingw64/bin/../lib/gcc/avr/8.5.0/../../../../avr/lib/avr5/crtatmega32u4.o
                0x0000000000000716                __init
 *(.init0)
 *(.init1)
 *(.init1)
 *(.init2)
 .init2         0x0000000000000716        0xc c:/qmk_msys/mingw64/bin/../lib/gcc/avr/8.5.0/../../../../avr/lib/avr5/crtatmega32u4.o
 *(.init2)
 *(.init3)
 .init3         0x0000000000000722       0x36 C:\Users\colton\AppData\Local\Temp\ccEktbbr.ltrans0.ltrans.o
                0x0000000000000722                bootloader_jump_after_watchdog_reset
 *(.init3)
 *(.init4)
 .init4         0x0000000000000758       0x10 c:/qmk_msys/mingw64/bin/../lib/gcc/avr/8.5.0/avr5\libgcc.a(_clear_bss.o)
                0x0000000000000758                __do_clear_bss
 .init4         0x0000000000000768       0x16 c:/qmk_msys/mingw64/bin/../lib/gcc/avr/8.5.0/avr5\libgcc.a(_copy_data.o)
                0x0000000000000768                __do_copy_data
 *(.init4)
 *(.init5)
 *(.init5)
 *(.init6)
 *(.init6)
 *(.init7)
 *(.init7)
 *(.init8)
 *(.init8)
 *(.init9)
 .init9         0x000000000000077e        0x8 c:/qmk_msys/mingw64/bin/../lib/gcc/avr/8.5.0/../../../../avr/lib/avr5/crtatmega32u4.o
 *(.init9)
 *(.text)
 .text          0x0000000000000786        0x4 c:/qmk_msys/mingw64/bin/../lib/gcc/avr/8.5.0/../../../../avr/lib/avr5/crtatmega32u4.o
                0x0000000000000786                __vector_38
                0x0000000000000786                __vector_22
                0x0000000000000786                __vector_28
                0x0000000000000786                __vector_1
                0x0000000000000786                __vector_32
                0x0000000000000786                __vector_34
                0x0000000000000786                __vector_24
                0x0000000000000786                __bad_interrupt
                0x0000000000000786                __vector_6
                0x0000000000000786                __vector_31
                0x0000000000000786                __vector_35
                0x0000000000000786                __vector_39
                0x0000000000000786                __vector_3
                0x0000000000000786                __vector_23
                0x0000000000000786                __vector_30
                0x0000000000000786                __vector_25
                0x0000000000000786                __vector_13
                0x0000000000000786                __vector_17
                0x0000000000000786                __vector_19
                0x0000000000000786                __vector_7
                0x0000000000000786                __vector_41
                0x0000000000000786                __vector_27
                0x0000000000000786                __vector_5
                0x0000000000000786                __vector_33
                0x0000000000000786                __vector_37
                0x0000000000000786                __vector_4
                0x0000000000000786                __vector_9
                0x0000000000000786                __vector_2
                0x0000000000000786                __vector_15
                0x0000000000000786                __vector_36
                0x0000000000000786                __vector_29
                0x0000000000000786                __vector_40
                0x0000000000000786                __vector_8
                0x0000000000000786                __vector_26
                0x0000000000000786                __vector_14
                0x0000000000000786                __vector_16
                0x0000000000000786                __vector_18
                0x0000000000000786                __vector_20
                0x0000000000000786                __vector_42
                0x000000000000078a                . = ALIGN (0x2)
 *(.text.*)
 .text.USB_Disable
                0x000000000000078a       0x3e C:\Users\colton\AppData\Local\Temp\ccEktbbr.ltrans0.ltrans.o
 .text.Endpoint_WaitUntilReady
                0x00000000000007c8       0x62 C:\Users\colton\AppData\Local\Temp\ccEktbbr.ltrans0.ltrans.o
 .text.Endpoint_ClearStatusStage
                0x000000000000082a       0x3e C:\Users\colton\AppData\Local\Temp\ccEktbbr.ltrans0.ltrans.o
 .text.Endpoint_ConfigureEndpoint_Prv
                0x0000000000000868       0x64 C:\Users\colton\AppData\Local\Temp\ccEktbbr.ltrans0.ltrans.o
 .text.USB_Init
                0x00000000000008cc       0xb6 C:\Users\colton\AppData\Local\Temp\ccEktbbr.ltrans0.ltrans.o
 .text.Endpoint_Write_Control_Stream_LE
                0x0000000000000982       0xbc C:\Users\colton\AppData\Local\Temp\ccEktbbr.ltrans0.ltrans.o
 .text.rgblight_effect_dummy
                0x0000000000000a3e        0x2 C:\Users\colton\AppData\Local\Temp\ccEktbbr.ltrans0.ltrans.o
 .text.send_mouse
                0x0000000000000a40        0x2 C:\Users\colton\AppData\Local\Temp\ccEktbbr.ltrans0.ltrans.o
 .text.keyboard_leds
                0x0000000000000a42        0x6 C:\Users\colton\AppData\Local\Temp\ccEktbbr.ltrans0.ltrans.o
 .text.timer_read
                0x0000000000000a48       0x18 C:\Users\colton\AppData\Local\Temp\ccEktbbr.ltrans0.ltrans.o
 .text.host_consumer_send
                0x0000000000000a60       0x4a C:\Users\colton\AppData\Local\Temp\ccEktbbr.ltrans0.ltrans.o
 .text.host_system_send
                0x0000000000000aaa       0x4a C:\Users\colton\AppData\Local\Temp\ccEktbbr.ltrans0.ltrans.o
 .text.host_keyboard_leds
                0x0000000000000af4       0x1a C:\Users\colton\AppData\Local\Temp\ccEktbbr.ltrans0.ltrans.o
 .text.handleKeycodeRGB
                0x0000000000000b0e        0xc C:\Users\colton\AppData\Local\Temp\ccEktbbr.ltrans0.ltrans.o
 .text.rgblight_check_config
                0x0000000000000b1a       0x1e C:\Users\colton\AppData\Local\Temp\ccEktbbr.ltrans0.ltrans.o
 .text.sethsv_raw
                0x0000000000000b38      0x12c C:\Users\colton\AppData\Local\Temp\ccEktbbr.ltrans0.ltrans.o
 .text.sendchar
                0x0000000000000c64        0x4 C:\Users\colton\AppData\Local\Temp\ccEktbbr.ltrans0.ltrans.o
 .text.setPinInputHigh_atomic
                0x0000000000000c68       0x2e C:\Users\colton\AppData\Local\Temp\ccEktbbr.ltrans0.ltrans.o
 .text.mod_config
                0x0000000000000c96       0x86 C:\Users\colton\AppData\Local\Temp\ccEktbbr.ltrans0.ltrans.o
 .text.keycode_config
                0x0000000000000d1c      0x144 C:\Users\colton\AppData\Local\Temp\ccEktbbr.ltrans0.ltrans.o
 .text.action_for_keycode
                0x0000000000000e60      0x23c C:\Users\colton\AppData\Local\Temp\ccEktbbr.ltrans0.ltrans.o
 .text.clear_oneshot_mods
                0x000000000000109c        0xc C:\Users\colton\AppData\Local\Temp\ccEktbbr.ltrans0.ltrans.o
 .text.del_mods
                0x00000000000010a8        0xe C:\Users\colton\AppData\Local\Temp\ccEktbbr.ltrans0.ltrans.o
 .text.del_key  0x00000000000010b6       0x56 C:\Users\colton\AppData\Local\Temp\ccEktbbr.ltrans0.ltrans.o
 .text.add_key  0x000000000000110c       0x68 C:\Users\colton\AppData\Local\Temp\ccEktbbr.ltrans0.ltrans.o
 .text.waiting_buffer_typed.isra.2
                0x0000000000001174       0x40 C:\Users\colton\AppData\Local\Temp\ccEktbbr.ltrans0.ltrans.o
 .text.debug_waiting_buffer
                0x00000000000011b4       0x14 C:\Users\colton\AppData\Local\Temp\ccEktbbr.ltrans0.ltrans.o
 .text.read_source_layers_cache
                0x00000000000011c8       0x68 C:\Users\colton\AppData\Local\Temp\ccEktbbr.ltrans0.ltrans.o
 .text.update_source_layers_cache
                0x0000000000001230       0x6e C:\Users\colton\AppData\Local\Temp\ccEktbbr.ltrans0.ltrans.o
 .text.layer_state_set
                0x000000000000129e        0x6 C:\Users\colton\AppData\Local\Temp\ccEktbbr.ltrans0.ltrans.o
 .text.update_tri_layer
                0x00000000000012a4       0x40 C:\Users\colton\AppData\Local\Temp\ccEktbbr.ltrans0.ltrans.o
 .text.layer_off
                0x00000000000012e4       0x1a C:\Users\colton\AppData\Local\Temp\ccEktbbr.ltrans0.ltrans.o
 .text.clear_oneshot_layer_state
                0x00000000000012fe       0x38 C:\Users\colton\AppData\Local\Temp\ccEktbbr.ltrans0.ltrans.o
 .text.layer_on
                0x0000000000001336       0x18 C:\Users\colton\AppData\Local\Temp\ccEktbbr.ltrans0.ltrans.o
 .text.default_layer_state_set
                0x000000000000134e        0x6 C:\Users\colton\AppData\Local\Temp\ccEktbbr.ltrans0.ltrans.o
 .text.extract_mod_bits
                0x0000000000001354       0x1a C:\Users\colton\AppData\Local\Temp\ccEktbbr.ltrans0.ltrans.o
 .text.send_report
                0x000000000000136e       0x76 C:\Users\colton\AppData\Local\Temp\ccEktbbr.ltrans0.ltrans.o
 .text.send_extra
                0x00000000000013e4        0xe C:\Users\colton\AppData\Local\Temp\ccEktbbr.ltrans0.ltrans.o
 .text.send_keyboard
                0x00000000000013f2       0x48 C:\Users\colton\AppData\Local\Temp\ccEktbbr.ltrans0.ltrans.o
 .text.bootloader_jump
                0x000000000000143a       0x48 C:\Users\colton\AppData\Local\Temp\ccEktbbr.ltrans0.ltrans.o
 .text.rgblight_set
                0x0000000000001482       0x6a C:\Users\colton\AppData\Local\Temp\ccEktbbr.ltrans0.ltrans.o
 .text.rgblight_effect_alternating
                0x00000000000014ec       0x6e C:\Users\colton\AppData\Local\Temp\ccEktbbr.ltrans0.ltrans.o
 .text.rgblight_effect_christmas
                0x000000000000155a       0xf6 C:\Users\colton\AppData\Local\Temp\ccEktbbr.ltrans0.ltrans.o
 .text.rgblight_effect_knight
                0x0000000000001650       0x9c C:\Users\colton\AppData\Local\Temp\ccEktbbr.ltrans0.ltrans.o
 .text.rgblight_effect_snake
                0x00000000000016ec       0xca C:\Users\colton\AppData\Local\Temp\ccEktbbr.ltrans0.ltrans.o
 .text.rgblight_effect_rainbow_swirl
                0x00000000000017b6       0x54 C:\Users\colton\AppData\Local\Temp\ccEktbbr.ltrans0.ltrans.o
 .text.rgblight_setrgb
                0x000000000000180a       0x22 C:\Users\colton\AppData\Local\Temp\ccEktbbr.ltrans0.ltrans.o
 .text.rgblight_effect_rgbtest
                0x000000000000182c       0x72 C:\Users\colton\AppData\Local\Temp\ccEktbbr.ltrans0.ltrans.o
 .text.rgblight_sethsv_noeeprom_old
                0x000000000000189e       0x30 C:\Users\colton\AppData\Local\Temp\ccEktbbr.ltrans0.ltrans.o
 .text.rgblight_effect_rainbow_mood
                0x00000000000018ce       0x20 C:\Users\colton\AppData\Local\Temp\ccEktbbr.ltrans0.ltrans.o
 .text.rgblight_effect_breathing
                0x00000000000018ee       0x28 C:\Users\colton\AppData\Local\Temp\ccEktbbr.ltrans0.ltrans.o
 .text.dynamic_keymap_macro_reset
                0x0000000000001916       0x20 C:\Users\colton\AppData\Local\Temp\ccEktbbr.ltrans0.ltrans.o
 .text.dynamic_keymap_set_keycode
                0x0000000000001936       0x4c C:\Users\colton\AppData\Local\Temp\ccEktbbr.ltrans0.ltrans.o
 .text.dynamic_keymap_reset
                0x0000000000001982       0x70 C:\Users\colton\AppData\Local\Temp\ccEktbbr.ltrans0.ltrans.o
 .text.set_unicode_input_mode
                0x00000000000019f2       0x10 C:\Users\colton\AppData\Local\Temp\ccEktbbr.ltrans0.ltrans.o
 .text.via_eeprom_set_valid
                0x0000000000001a02       0x32 C:\Users\colton\AppData\Local\Temp\ccEktbbr.ltrans0.ltrans.o
 .text.eeconfig_init_via
                0x0000000000001a34       0x20 C:\Users\colton\AppData\Local\Temp\ccEktbbr.ltrans0.ltrans.o
 .text.dynamic_keymap_get_keycode
                0x0000000000001a54       0x5e C:\Users\colton\AppData\Local\Temp\ccEktbbr.ltrans0.ltrans.o
 .text.keymap_key_to_keycode
                0x0000000000001ab2       0x1c C:\Users\colton\AppData\Local\Temp\ccEktbbr.ltrans0.ltrans.o
 .text.layer_switch_get_layer
                0x0000000000001ace       0x5e C:\Users\colton\AppData\Local\Temp\ccEktbbr.ltrans0.ltrans.o
 .text.layer_switch_get_action
                0x0000000000001b2c       0x1a C:\Users\colton\AppData\Local\Temp\ccEktbbr.ltrans0.ltrans.o
 .text.is_tap_record
                0x0000000000001b46       0x54 C:\Users\colton\AppData\Local\Temp\ccEktbbr.ltrans0.ltrans.o
 .text.via_eeprom_is_valid
                0x0000000000001b9a       0x32 C:\Users\colton\AppData\Local\Temp\ccEktbbr.ltrans0.ltrans.o
 .text.rgblight_effect_twinkle
                0x0000000000001bcc      0x12c C:\Users\colton\AppData\Local\Temp\ccEktbbr.ltrans0.ltrans.o
 .text.eeconfig_update_rgblight
                0x0000000000001cf8       0x26 C:\Users\colton\AppData\Local\Temp\ccEktbbr.ltrans0.ltrans.o
 .text.rgblight_sethsv_eeprom_helper
                0x0000000000001d1e       0xf2 C:\Users\colton\AppData\Local\Temp\ccEktbbr.ltrans0.ltrans.o
 .text.rgblight_decrease_val
                0x0000000000001e10       0x1a C:\Users\colton\AppData\Local\Temp\ccEktbbr.ltrans0.ltrans.o
 .text.rgblight_increase_val
                0x0000000000001e2a       0x1a C:\Users\colton\AppData\Local\Temp\ccEktbbr.ltrans0.ltrans.o
 .text.rgblight_decrease_sat
                0x0000000000001e44       0x1a C:\Users\colton\AppData\Local\Temp\ccEktbbr.ltrans0.ltrans.o
 .text.rgblight_increase_sat
                0x0000000000001e5e       0x1a C:\Users\colton\AppData\Local\Temp\ccEktbbr.ltrans0.ltrans.o
 .text.rgblight_decrease_hue
                0x0000000000001e78       0x14 C:\Users\colton\AppData\Local\Temp\ccEktbbr.ltrans0.ltrans.o
 .text.rgblight_increase_hue
                0x0000000000001e8c       0x14 C:\Users\colton\AppData\Local\Temp\ccEktbbr.ltrans0.ltrans.o
 .text.rgblight_decrease_speed
                0x0000000000001ea0       0x24 C:\Users\colton\AppData\Local\Temp\ccEktbbr.ltrans0.ltrans.o
 .text.rgblight_increase_speed
                0x0000000000001ec4       0x24 C:\Users\colton\AppData\Local\Temp\ccEktbbr.ltrans0.ltrans.o
 .text.rgblight_mode_eeprom_helper
                0x0000000000001ee8       0x84 C:\Users\colton\AppData\Local\Temp\ccEktbbr.ltrans0.ltrans.o
 .text.rgblight_step_reverse
                0x0000000000001f6c       0x14 C:\Users\colton\AppData\Local\Temp\ccEktbbr.ltrans0.ltrans.o
 .text.rgblight_step
                0x0000000000001f80       0x16 C:\Users\colton\AppData\Local\Temp\ccEktbbr.ltrans0.ltrans.o
 .text.handleKeycodeRGBMode
                0x0000000000001f96       0x20 C:\Users\colton\AppData\Local\Temp\ccEktbbr.ltrans0.ltrans.o
 .text.eeconfig_update_rgblight_default
                0x0000000000001fb6       0x20 C:\Users\colton\AppData\Local\Temp\ccEktbbr.ltrans0.ltrans.o
 .text.eeconfig_init_quantum
                0x0000000000001fd6       0xc4 C:\Users\colton\AppData\Local\Temp\ccEktbbr.ltrans0.ltrans.o
 .text.oneshot_set
                0x000000000000209a       0x2e C:\Users\colton\AppData\Local\Temp\ccEktbbr.ltrans0.ltrans.o
 .text.eeconfig_is_enabled
                0x00000000000020c8       0x18 C:\Users\colton\AppData\Local\Temp\ccEktbbr.ltrans0.ltrans.o
 .text.send_keyboard_report
                0x00000000000020e0       0xaa C:\Users\colton\AppData\Local\Temp\ccEktbbr.ltrans0.ltrans.o
 .text.clear_keyboard
                0x000000000000218a       0x40 C:\Users\colton\AppData\Local\Temp\ccEktbbr.ltrans0.ltrans.o
 .text.USB_Device_ProcessControlRequest
                0x00000000000021ca      0x57c C:\Users\colton\AppData\Local\Temp\ccEktbbr.ltrans0.ltrans.o
 .text.command_common
                0x0000000000002746       0xe6 C:\Users\colton\AppData\Local\Temp\ccEktbbr.ltrans0.ltrans.o
 .text.soft_reset_keyboard
                0x000000000000282c       0x2c C:\Users\colton\AppData\Local\Temp\ccEktbbr.ltrans0.ltrans.o
 .text.unregister_weak_mods
                0x0000000000002858       0x16 C:\Users\colton\AppData\Local\Temp\ccEktbbr.ltrans0.ltrans.o
 .text.register_weak_mods
                0x000000000000286e       0x14 C:\Users\colton\AppData\Local\Temp\ccEktbbr.ltrans0.ltrans.o
 .text.unregister_mods
                0x0000000000002882        0xe C:\Users\colton\AppData\Local\Temp\ccEktbbr.ltrans0.ltrans.o
 .text.register_mods
                0x0000000000002890       0x14 C:\Users\colton\AppData\Local\Temp\ccEktbbr.ltrans0.ltrans.o
 .text.unregister_code
                0x00000000000028a4       0xa2 C:\Users\colton\AppData\Local\Temp\ccEktbbr.ltrans0.ltrans.o
 .text.register_code
                0x0000000000002946      0x1ac C:\Users\colton\AppData\Local\Temp\ccEktbbr.ltrans0.ltrans.o
 .text.tap_code
                0x0000000000002af2       0x3c C:\Users\colton\AppData\Local\Temp\ccEktbbr.ltrans0.ltrans.o
 .text.perform_space_cadet.constprop.36
                0x0000000000002b2e       0xd0 C:\Users\colton\AppData\Local\Temp\ccEktbbr.ltrans0.ltrans.o
 .text.send_char
                0x0000000000002bfe       0xba C:\Users\colton\AppData\Local\Temp\ccEktbbr.ltrans0.ltrans.o
 .text.send_nibble_wrapper
                0x0000000000002cb8       0x38 C:\Users\colton\AppData\Local\Temp\ccEktbbr.ltrans0.ltrans.o
 .text.register_hex32
                0x0000000000002cf0       0x8c C:\Users\colton\AppData\Local\Temp\ccEktbbr.ltrans0.ltrans.o
 .text.tap_code16_delay
                0x0000000000002d7c       0x80 C:\Users\colton\AppData\Local\Temp\ccEktbbr.ltrans0.ltrans.o
 .text.process_record
                0x0000000000002dfc      0xc64 C:\Users\colton\AppData\Local\Temp\ccEktbbr.ltrans0.ltrans.o
 .text.waiting_buffer_scan_tap
                0x0000000000003a60       0xb4 C:\Users\colton\AppData\Local\Temp\ccEktbbr.ltrans0.ltrans.o
 .text.process_tapping
                0x0000000000003b14      0x2d0 C:\Users\colton\AppData\Local\Temp\ccEktbbr.ltrans0.ltrans.o
 .text.action_exec
                0x0000000000003de4      0x10a C:\Users\colton\AppData\Local\Temp\ccEktbbr.ltrans0.ltrans.o
 .text.generate_tick_event
                0x0000000000003eee       0x50 C:\Users\colton\AppData\Local\Temp\ccEktbbr.ltrans0.ltrans.o
 .text.matrix_scan
                0x0000000000003f3e      0x180 C:\Users\colton\AppData\Local\Temp\ccEktbbr.ltrans0.ltrans.o
 .text.__vector_11
                0x00000000000040be       0x88 C:\Users\colton\AppData\Local\Temp\ccEktbbr.ltrans0.ltrans.o
                0x00000000000040be                __vector_11
 .text.__vector_10
                0x0000000000004146      0x1b2 C:\Users\colton\AppData\Local\Temp\ccEktbbr.ltrans0.ltrans.o
                0x0000000000004146                __vector_10
 .text.__vector_21
                0x00000000000042f8       0x48 C:\Users\colton\AppData\Local\Temp\ccEktbbr.ltrans0.ltrans.o
                0x00000000000042f8                __vector_21
 .text.__vector_12
                0x0000000000004340       0x4e C:\Users\colton\AppData\Local\Temp\ccEktbbr.ltrans0.ltrans.o
                0x0000000000004340                __vector_12
 .text.startup.main
                0x000000000000438e      0x8ec C:\Users\colton\AppData\Local\Temp\ccEktbbr.ltrans0.ltrans.o
                0x000000000000438e                main
 .text.libgcc.div
                0x0000000000004c7a       0x18 c:/qmk_msys/mingw64/bin/../lib/gcc/avr/8.5.0/avr5\libgcc.a(_udivmodqi4.o)
                0x0000000000004c7a                __udivmodqi4
 .text.libgcc.div
                0x0000000000004c92       0x1c c:/qmk_msys/mingw64/bin/../lib/gcc/avr/8.5.0/avr5\libgcc.a(_divmodqi4.o)
                0x0000000000004c92                __divmodqi4
 .text.libgcc.div
                0x0000000000004cae       0x28 c:/qmk_msys/mingw64/bin/../lib/gcc/avr/8.5.0/avr5\libgcc.a(_udivmodhi4.o)
                0x0000000000004cae                __udivmodhi4
 .text.libgcc.div
                0x0000000000004cd6       0x28 c:/qmk_msys/mingw64/bin/../lib/gcc/avr/8.5.0/avr5\libgcc.a(_divmodhi4.o)
                0x0000000000004cd6                _div
                0x0000000000004cd6                __divmodhi4
 .text.libgcc   0x0000000000004cfe        0xc c:/qmk_msys/mingw64/bin/../lib/gcc/avr/8.5.0/avr5\libgcc.a(_tablejump2.o)
                0x0000000000004cfe                __tablejump2__
 .text.libgcc.builtins
                0x0000000000004d0a        0xe c:/qmk_msys/mingw64/bin/../lib/gcc/avr/8.5.0/avr5\libgcc.a(_bswapsi2.o)
                0x0000000000004d0a                __bswapsi2
 .text.libgcc.mul
                0x0000000000004d18       0x10 c:/qmk_msys/mingw64/bin/../lib/gcc/avr/8.5.0/avr5\libgcc.a(_mulhisi3.o)
                0x0000000000004d18                __mulhisi3
 .text.libgcc.mul
                0x0000000000004d28        0xe c:/qmk_msys/mingw64/bin/../lib/gcc/avr/8.5.0/avr5\libgcc.a(_usmulhisi3.o)
                0x0000000000004d28                __usmulhisi3
                0x0000000000004d2c                __usmulhisi3_tail
 .text.libgcc.prologue
                0x0000000000004d36       0x38 c:/qmk_msys/mingw64/bin/../lib/gcc/avr/8.5.0/avr5\libgcc.a(_prologue.o)
                0x0000000000004d36                __prologue_saves__
 .text.libgcc.prologue
                0x0000000000004d6e       0x36 c:/qmk_msys/mingw64/bin/../lib/gcc/avr/8.5.0/avr5\libgcc.a(_epilogue.o)
                0x0000000000004d6e                __epilogue_restores__
 .text.avr-libc
                0x0000000000004da4       0xb8 c:/qmk_msys/mingw64/bin/../lib/gcc/avr/8.5.0/../../../../avr/lib/avr5\libc.a(rand.o)
                0x0000000000004e36                rand_r
                0x0000000000004e3c                rand
                0x0000000000004e46                srand
 .text.avr-libc
                0x0000000000004e5c       0x1a c:/qmk_msys/mingw64/bin/../lib/gcc/avr/8.5.0/../../../../avr/lib/avr5\libc.a(memchr.o)
                0x0000000000004e5c                memchr
 .text.avr-libc
                0x0000000000004e76       0x1a c:/qmk_msys/mingw64/bin/../lib/gcc/avr/8.5.0/../../../../avr/lib/avr5\libc.a(memcmp.o)
                0x0000000000004e76                memcmp
 .text.avr-libc
                0x0000000000004e90       0x10 c:/qmk_msys/mingw64/bin/../lib/gcc/avr/8.5.0/../../../../avr/lib/avr5\libatmega32u4.a(eerd_byte.o)
                0x0000000000004e90                eeprom_read_byte
 .text.avr-libc
                0x0000000000004ea0        0xc c:/qmk_msys/mingw64/bin/../lib/gcc/avr/8.5.0/../../../../avr/lib/avr5\libatmega32u4.a(eerd_dword.o)
                0x0000000000004ea0                eeprom_read_float
                0x0000000000004ea0                eeprom_read_dword
 .text.avr-libc
                0x0000000000004eac        0xc c:/qmk_msys/mingw64/bin/../lib/gcc/avr/8.5.0/../../../../avr/lib/avr5\libatmega32u4.a(eerd_word.o)
                0x0000000000004eac                eeprom_read_word
 .text.avr-libc
                0x0000000000004eb8       0x24 c:/qmk_msys/mingw64/bin/../lib/gcc/avr/8.5.0/../../../../avr/lib/avr5\libatmega32u4.a(eeupd_byte.o)
                0x0000000000004eb8                eeprom_update_byte
                0x0000000000004eba                eeprom_update_r18
 .text.avr-libc
                0x0000000000004edc       0x18 c:/qmk_msys/mingw64/bin/../lib/gcc/avr/8.5.0/../../../../avr/lib/avr5\libatmega32u4.a(eeupd_dword.o)
                0x0000000000004edc                eeprom_update_float
                0x0000000000004edc                eeprom_update_dword
 .text.avr-libc
                0x0000000000004ef4        0xc c:/qmk_msys/mingw64/bin/../lib/gcc/avr/8.5.0/../../../../avr/lib/avr5\libatmega32u4.a(eeupd_word.o)
                0x0000000000004ef4                eeprom_update_word
 .text.avr-libc
                0x0000000000004f00       0x20 c:/qmk_msys/mingw64/bin/../lib/gcc/avr/8.5.0/../../../../avr/lib/avr5\libatmega32u4.a(eerd_block.o)
                0x0000000000004f00                eeprom_read_block
                0x0000000000004f04                eeprom_read_blraw
 .text.libgcc.div
                0x0000000000004f20       0x2e c:/qmk_msys/mingw64/bin/../lib/gcc/avr/8.5.0/avr5\libgcc.a(_divmodsi4.o)
                0x0000000000004f20                __divmodsi4
 .text.libgcc.div
                0x0000000000004f4e       0x10 c:/qmk_msys/mingw64/bin/../lib/gcc/avr/8.5.0/avr5\libgcc.a(_negsi2.o)
                0x0000000000004f4e                __negsi2
 .text.libgcc.mul
                0x0000000000004f5e       0x16 c:/qmk_msys/mingw64/bin/../lib/gcc/avr/8.5.0/avr5\libgcc.a(_muluhisi3.o)
                0x0000000000004f5e                __muluhisi3
 .text.libgcc.mul
                0x0000000000004f74       0x10 c:/qmk_msys/mingw64/bin/../lib/gcc/avr/8.5.0/avr5\libgcc.a(_mulshisi3.o)
                0x0000000000004f74                __mulshisi3
                0x0000000000004f7a                __mulohisi3
 .text.libgcc.div
                0x0000000000004f84       0x44 c:/qmk_msys/mingw64/bin/../lib/gcc/avr/8.5.0/avr5\libgcc.a(_udivmodsi4.o)
                0x0000000000004f84                __udivmodsi4
 .text.libgcc.mul
                0x0000000000004fc8       0x1e c:/qmk_msys/mingw64/bin/../lib/gcc/avr/8.5.0/avr5\libgcc.a(_umulhisi3.o)
                0x0000000000004fc8                __umulhisi3
                0x0000000000004fe6                . = ALIGN (0x2)
 *(.fini9)
 .fini9         0x0000000000004fe6        0x0 c:/qmk_msys/mingw64/bin/../lib/gcc/avr/8.5.0/avr5\libgcc.a(_exit.o)
                0x0000000000004fe6                _exit
                0x0000000000004fe6                exit
 *(.fini9)
 *(.fini8)
 *(.fini8)
 *(.fini7)
 *(.fini7)
 *(.fini6)
 *(.fini6)
 *(.fini5)
 *(.fini5)
 *(.fini4)
 *(.fini4)
 *(.fini3)
 *(.fini3)
 *(.fini2)
 *(.fini2)
 *(.fini1)
 *(.fini1)
 *(.fini0)
 .fini0         0x0000000000004fe6        0x4 c:/qmk_msys/mingw64/bin/../lib/gcc/avr/8.5.0/avr5\libgcc.a(_exit.o)
 *(.fini0)
 *(.hightext)
 *(.hightext*)
 *(.progmemx.*)
                0x0000000000004fea                . = ALIGN (0x2)
 *(.jumptables)
 *(.jumptables*)
 .jumptables.gcc.USB_Device_ProcessControlRequest
                0x0000000000004fea       0x14 C:\Users\colton\AppData\Local\Temp\ccEktbbr.ltrans0.ltrans.o
 .jumptables.gcc.command_common
                0x0000000000004ffe       0x7e C:\Users\colton\AppData\Local\Temp\ccEktbbr.ltrans0.ltrans.o
 .jumptables.gcc.process_record
                0x000000000000507c       0x94 C:\Users\colton\AppData\Local\Temp\ccEktbbr.ltrans0.ltrans.o
 .jumptables.gcc.main
                0x0000000000005110       0x26 C:\Users\colton\AppData\Local\Temp\ccEktbbr.ltrans0.ltrans.o
                0x0000000000005136                _etext = .

.data           0x0000000000800100       0xa2 load address 0x0000000000005136
                0x0000000000800100                PROVIDE (__data_start = .)
 *(.data)
 .data          0x0000000000800100        0x4 c:/qmk_msys/mingw64/bin/../lib/gcc/avr/8.5.0/../../../../avr/lib/avr5\libc.a(rand.o)
 *(.data*)
 .data.lufa_driver
                0x0000000000800104        0x8 C:\Users\colton\AppData\Local\Temp\ccEktbbr.ltrans0.ltrans.o
 .data.static_effect_table
                0x000000000080010c        0xb C:\Users\colton\AppData\Local\Temp\ccEktbbr.ltrans0.ltrans.o
 .data.increment.3509
                0x0000000000800117        0x1 C:\Users\colton\AppData\Local\Temp\ccEktbbr.ltrans0.ltrans.o
 .data.high_bound.3508
                0x0000000000800118        0x1 C:\Users\colton\AppData\Local\Temp\ccEktbbr.ltrans0.ltrans.o
 .data.increment.3521
                0x0000000000800119        0x1 C:\Users\colton\AppData\Local\Temp\ccEktbbr.ltrans0.ltrans.o
 .data.keyboard_protocol
                0x000000000080011a        0x1 C:\Users\colton\AppData\Local\Temp\ccEktbbr.ltrans0.ltrans.o
 *(.gnu.linkonce.d*)
 *(.rodata)
 *(.rodata*)
 .rodata.CSWTCH.13
                0x000000000080011b        0x3 C:\Users\colton\AppData\Local\Temp\ccEktbbr.ltrans0.ltrans.o
 .rodata.CSWTCH.14
                0x000000000080011e       0x36 C:\Users\colton\AppData\Local\Temp\ccEktbbr.ltrans0.ltrans.o
 .rodata.row_pins
                0x0000000000800154        0x5 C:\Users\colton\AppData\Local\Temp\ccEktbbr.ltrans0.ltrans.o
 .rodata.col_pins
                0x0000000000800159        0xe C:\Users\colton\AppData\Local\Temp\ccEktbbr.ltrans0.ltrans.o
 .rodata.mode_base_table
                0x0000000000800167       0x2b C:\Users\colton\AppData\Local\Temp\ccEktbbr.ltrans0.ltrans.o
 .rodata.CSWTCH.2
                0x0000000000800192        0x3 C:\Users\colton\AppData\Local\Temp\ccEktbbr.ltrans0.ltrans.o
 .rodata.CSWTCH.1
                0x0000000000800195        0x6 C:\Users\colton\AppData\Local\Temp\ccEktbbr.ltrans0.ltrans.o
 .rodata.CSWTCH.0
                0x000000000080019b        0x6 C:\Users\colton\AppData\Local\Temp\ccEktbbr.ltrans0.ltrans.o
 *(.gnu.linkonce.r*)
                0x00000000008001a2                . = ALIGN (0x2)
 *fill*         0x00000000008001a1        0x1 
                0x00000000008001a2                _edata = .
                0x00000000008001a2                PROVIDE (__data_end = .)

.bss            0x00000000008001a2      0x188
                0x00000000008001a2                PROVIDE (__bss_start = .)
 *(.bss)
 .bss           0x00000000008001a2        0x2 .build/obj_boardwalk_via/platforms/avr/xprintf.o
                0x00000000008001a2                xfunc_out
 *(.bss*)
 .bss.__compound_literal.0
                0x00000000008001a4       0x20 C:\Users\colton\AppData\Local\Temp\ccEktbbr.ltrans0.ltrans.o
 .bss.unicode_saved_mods
                0x00000000008001c4        0x1 C:\Users\colton\AppData\Local\Temp\ccEktbbr.ltrans0.ltrans.o
 .bss.unicode_saved_led_state
                0x00000000008001c5        0x1 C:\Users\colton\AppData\Local\Temp\ccEktbbr.ltrans0.ltrans.o
 .bss.grave_esc_was_shifted
                0x00000000008001c6        0x1 C:\Users\colton\AppData\Local\Temp\ccEktbbr.ltrans0.ltrans.o
 .bss.source_layers_cache
                0x00000000008001c7       0x1b C:\Users\colton\AppData\Local\Temp\ccEktbbr.ltrans0.ltrans.o
 .bss.tapping_key
                0x00000000008001e2        0x6 C:\Users\colton\AppData\Local\Temp\ccEktbbr.ltrans0.ltrans.o
 .bss.waiting_buffer_head
                0x00000000008001e8        0x1 C:\Users\colton\AppData\Local\Temp\ccEktbbr.ltrans0.ltrans.o
 .bss.waiting_buffer
                0x00000000008001e9       0x30 C:\Users\colton\AppData\Local\Temp\ccEktbbr.ltrans0.ltrans.o
 .bss.waiting_buffer_tail
                0x0000000000800219        0x1 C:\Users\colton\AppData\Local\Temp\ccEktbbr.ltrans0.ltrans.o
 .bss.oneshot_layer_data
                0x000000000080021a        0x1 C:\Users\colton\AppData\Local\Temp\ccEktbbr.ltrans0.ltrans.o
 .bss.last_report.6614
                0x000000000080021b       0x20 C:\Users\colton\AppData\Local\Temp\ccEktbbr.ltrans0.ltrans.o
 .bss.weak_mods
                0x000000000080023b        0x1 C:\Users\colton\AppData\Local\Temp\ccEktbbr.ltrans0.ltrans.o
 .bss.real_mods
                0x000000000080023c        0x1 C:\Users\colton\AppData\Local\Temp\ccEktbbr.ltrans0.ltrans.o
 .bss.oneshot_mods
                0x000000000080023d        0x1 C:\Users\colton\AppData\Local\Temp\ccEktbbr.ltrans0.ltrans.o
 .bss.default_layer_state
                0x000000000080023e        0x1 C:\Users\colton\AppData\Local\Temp\ccEktbbr.ltrans0.ltrans.o
 .bss.last_tick.7638
                0x000000000080023f        0x2 C:\Users\colton\AppData\Local\Temp\ccEktbbr.ltrans0.ltrans.o
 .bss.debouncing_time
                0x0000000000800241        0x2 C:\Users\colton\AppData\Local\Temp\ccEktbbr.ltrans0.ltrans.o
 .bss.debouncing
                0x0000000000800243        0x1 C:\Users\colton\AppData\Local\Temp\ccEktbbr.ltrans0.ltrans.o
 .bss.raw_matrix
                0x0000000000800244        0xa C:\Users\colton\AppData\Local\Temp\ccEktbbr.ltrans0.ltrans.o
 .bss.layer_state
                0x000000000080024e        0x1 C:\Users\colton\AppData\Local\Temp\ccEktbbr.ltrans0.ltrans.o
 .bss.is_rgblight_initialized
                0x000000000080024f        0x1 C:\Users\colton\AppData\Local\Temp\ccEktbbr.ltrans0.ltrans.o
 .bss.matrix_previous.7645
                0x0000000000800250        0xa C:\Users\colton\AppData\Local\Temp\ccEktbbr.ltrans0.ltrans.o
 .bss.last_led_status.6122
                0x000000000080025a        0x1 C:\Users\colton\AppData\Local\Temp\ccEktbbr.ltrans0.ltrans.o
 .bss.matrix    0x000000000080025b        0xa C:\Users\colton\AppData\Local\Temp\ccEktbbr.ltrans0.ltrans.o
 .bss.animation_status
                0x0000000000800265        0x6 C:\Users\colton\AppData\Local\Temp\ccEktbbr.ltrans0.ltrans.o
 .bss.rgblight_status
                0x000000000080026b        0x2 C:\Users\colton\AppData\Local\Temp\ccEktbbr.ltrans0.ltrans.o
 .bss.pos.3491  0x000000000080026d        0x1 C:\Users\colton\AppData\Local\Temp\ccEktbbr.ltrans0.ltrans.o
 .bss.low_bound.3507
                0x000000000080026e        0x1 C:\Users\colton\AppData\Local\Temp\ccEktbbr.ltrans0.ltrans.o
 .bss.maxval.3536
                0x000000000080026f        0x1 C:\Users\colton\AppData\Local\Temp\ccEktbbr.ltrans0.ltrans.o
 .bss.led       0x0000000000800270       0x2a C:\Users\colton\AppData\Local\Temp\ccEktbbr.ltrans0.ltrans.o
 .bss.led_twinkle_state
                0x000000000080029a       0x46 C:\Users\colton\AppData\Local\Temp\ccEktbbr.ltrans0.ltrans.o
 .bss.rgblight_config
                0x00000000008002e0        0x5 C:\Users\colton\AppData\Local\Temp\ccEktbbr.ltrans0.ltrans.o
 .bss.unicode_config
                0x00000000008002e5        0x4 C:\Users\colton\AppData\Local\Temp\ccEktbbr.ltrans0.ltrans.o
 .bss.command_state
                0x00000000008002e9        0x1 C:\Users\colton\AppData\Local\Temp\ccEktbbr.ltrans0.ltrans.o
 .bss.debug_config
                0x00000000008002ea        0x1 C:\Users\colton\AppData\Local\Temp\ccEktbbr.ltrans0.ltrans.o
 .bss.last_system_usage
                0x00000000008002eb        0x2 C:\Users\colton\AppData\Local\Temp\ccEktbbr.ltrans0.ltrans.o
 .bss.driver    0x00000000008002ed        0x2 C:\Users\colton\AppData\Local\Temp\ccEktbbr.ltrans0.ltrans.o
 .bss.last_consumer_usage
                0x00000000008002ef        0x2 C:\Users\colton\AppData\Local\Temp\ccEktbbr.ltrans0.ltrans.o
 .bss.wdt_timeout
                0x00000000008002f1        0x1 C:\Users\colton\AppData\Local\Temp\ccEktbbr.ltrans0.ltrans.o
 .bss.keymap_config
                0x00000000008002f2        0x2 C:\Users\colton\AppData\Local\Temp\ccEktbbr.ltrans0.ltrans.o
 .bss.USB_IsInitialized
                0x00000000008002f4        0x1 C:\Users\colton\AppData\Local\Temp\ccEktbbr.ltrans0.ltrans.o
 .bss.keyboard_idle
                0x00000000008002f5        0x1 C:\Users\colton\AppData\Local\Temp\ccEktbbr.ltrans0.ltrans.o
 .bss.keyboard_led_state
                0x00000000008002f6        0x1 C:\Users\colton\AppData\Local\Temp\ccEktbbr.ltrans0.ltrans.o
 .bss.keyboard_report_sent
                0x00000000008002f7       0x20 C:\Users\colton\AppData\Local\Temp\ccEktbbr.ltrans0.ltrans.o
 .bss.USB_Device_CurrentlySelfPowered
                0x0000000000800317        0x1 C:\Users\colton\AppData\Local\Temp\ccEktbbr.ltrans0.ltrans.o
 .bss.USB_Device_RemoteWakeupEnabled
                0x0000000000800318        0x1 C:\Users\colton\AppData\Local\Temp\ccEktbbr.ltrans0.ltrans.o
 .bss.USB_DeviceState
                0x0000000000800319        0x1 C:\Users\colton\AppData\Local\Temp\ccEktbbr.ltrans0.ltrans.o
 .bss.USB_Device_ConfigurationNumber
                0x000000000080031a        0x1 C:\Users\colton\AppData\Local\Temp\ccEktbbr.ltrans0.ltrans.o
 .bss.USB_ControlRequest
                0x000000000080031b        0x8 C:\Users\colton\AppData\Local\Temp\ccEktbbr.ltrans0.ltrans.o
 .bss.timer_count
                0x0000000000800323        0x4 C:\Users\colton\AppData\Local\Temp\ccEktbbr.ltrans0.ltrans.o
 .bss.sc_timer  0x0000000000800327        0x2 C:\Users\colton\AppData\Local\Temp\ccEktbbr.ltrans0.ltrans.o
 .bss.sc_last   0x0000000000800329        0x1 C:\Users\colton\AppData\Local\Temp\ccEktbbr.ltrans0.ltrans.o
 *(COMMON)
                0x000000000080032a                PROVIDE (__bss_end = .)
                0x0000000000005136                __data_load_start = LOADADDR (.data)
                0x00000000000051d8                __data_load_end = (__data_load_start + SIZEOF (.data))

.noinit         0x000000000080032a        0x4
                [!provide]                        PROVIDE (__noinit_start = .)
 *(.noinit .noinit.* .gnu.linkonce.n.*)
 .noinit        0x000000000080032a        0x4 C:\Users\colton\AppData\Local\Temp\ccEktbbr.ltrans0.ltrans.o
                [!provide]                        PROVIDE (__noinit_end = .)
                0x000000000080032e                _end = .
                [!provide]                        PROVIDE (__heap_start = .)

.eeprom         0x0000000000810000        0x0
 *(.eeprom*)
                0x0000000000810000                __eeprom_end = .

.fuse
 *(.fuse)
 *(.lfuse)
 *(.hfuse)
 *(.efuse)

.lock
 *(.lock*)

.signature
 *(.signature*)

.stab
 *(.stab)

.stabstr
 *(.stabstr)

.stab.excl
 *(.stab.excl)

.stab.exclstr
 *(.stab.exclstr)

.stab.index
 *(.stab.index)

.stab.indexstr
 *(.stab.indexstr)

.comment        0x0000000000000000       0x11
 *(.comment)
 .comment       0x0000000000000000       0x12 C:\Users\colton\AppData\Local\Temp\ccEktbbr.ltrans0.ltrans.o
 .comment       0x0000000000000000       0x11 c:/qmk_msys/mingw64/bin/../lib/gcc/avr/8.5.0/../../../../avr/lib/avr5\libc.a(rand.o)
                                         0x12 (size before relaxing)

.note.gnu.avr.deviceinfo
                0x0000000000000000       0x40
 .note.gnu.avr.deviceinfo
                0x0000000000000000       0x40 c:/qmk_msys/mingw64/bin/../lib/gcc/avr/8.5.0/../../../../avr/lib/avr5/crtatmega32u4.o

.note.gnu.build-id
 *(.note.gnu.build-id)

.debug
 *(.debug)

.line
 *(.line)

.debug_srcinfo
 *(.debug_srcinfo)

.debug_sfnames
 *(.debug_sfnames)

.debug_aranges  0x0000000000000000      0x388
 *(.debug_aranges)
 .debug_aranges
                0x0000000000000000      0x388 C:\Users\colton\AppData\Local\Temp\ccEktbbr.ltrans0.ltrans.o

.debug_pubnames
 *(.debug_pubnames)

.debug_info     0x0000000000000000    0x4c303
 *(.debug_info .gnu.linkonce.wi.*)
 .debug_info    0x0000000000000000      0x9f4 c:/qmk_msys/mingw64/bin/../lib/gcc/avr/8.5.0/../../../../avr/lib/avr5/crtatmega32u4.o
 .debug_info    0x00000000000009f4    0x40ec6 C:\Users\colton\AppData\Local\Temp\ccIgTixedebugobj
                0x00000000000009f4                default_keyboard.c.06e2990a
                0x00000000000013ff                keymap_introspection.c.809edfd1
                0x00000000000041fe                quantum.c.038afd4c
                0x00000000000074ca                bitwise.c.a32ca313
                0x0000000000007693                led.c.e84d3f59
                0x0000000000007b51                action.c.45eedb4c
                0x000000000000b014                action_layer.c.08291006
                0x000000000000bd82                action_tapping.c.2a795021
                0x000000000000e550                action_util.c.af1ee952
                0x000000000000ee95                eeconfig.c.b73838a9
                0x000000000000f118                keyboard.c.edd18608
                0x000000000000fe8c                keymap_common.c.e7091f8b
                0x00000000000131c6                keycode_config.c.d312c8ac
                0x000000000001553d                sync_timer.c.756a6bff
                0x00000000000155b9                debug.c.062d5cfc
                0x00000000000156c3                sendchar.c.a3cf349d
                0x000000000001574a                bootmagic_lite.c.1a285c56
                0x0000000000016200                magic.c.adbd9be2
                0x00000000000167fb                matrix_common.c.6f14c0e8
                0x000000000001743a                matrix.c.49ea5a3d
                0x00000000000180b1                sym_defer_g.c.06d649d3
                0x0000000000018b93                main.c.d1ad1272
                0x0000000000018c12                color.c.f658e5f5
                0x0000000000018e31                rgblight.c.58d3a352
                0x000000000001a54a                process_rgb.c.ff72df98
                0x000000000001d398                ws2812.c.92c9452a
                0x000000000001d56f                led_tables.c.f21b5103
                0x000000000001d5fc                via.c.33bf463b
                0x000000000001e858                process_unicode.c.5adca7fc
                0x000000000001f556                process_unicode_common.c.8a188c36
                0x0000000000022254                unicode.c.0de837c9
                0x0000000000025126                utf8.c.d15d4092
                0x00000000000251d7                process_magic.c.77a8fa68
                0x0000000000027e8a                send_string.c.88f90bc8
                0x000000000002aa7f                command.c.09cd8895
                0x000000000002d703                dynamic_keymap.c.afffa922
                0x00000000000305d3                process_grave_esc.c.9688d97d
                0x00000000000332de                process_space_cadet.c.5babd6d1
                0x0000000000035ff0                process_tri_layer.c.3c20ee45
                0x0000000000038343                tri_layer.c.a1d2156f
                0x0000000000038473                printf.c.ad5337a3
                0x000000000003853a                host.c.adeae9ec
                0x0000000000038e8d                report.c.68ac006d
                0x000000000003b6b2                usb_device_state.c.51b77313
                0x000000000003b831                usb_util.c.2cc6ce0c
                0x000000000003c262                suspend.c.169405d0
                0x000000000003c326                synchronization_util.c.18164b12
                0x000000000003c343                timer.c.a113ecd2
                0x000000000003c3fd                hardware_id.c.78f544d5
                0x000000000003c4eb                platform.c.602551f9
                0x000000000003c560                suspend.c.e4cb87dc
                0x000000000003cab3                timer.c.413d245e
                0x000000000003ccbc                dfu.c.8f6b6569
                0x000000000003cde6                lufa.c.25298605
                0x000000000003e0ca                usb_descriptor.c.33ae0ed0
                0x000000000003ea79                HIDParser.c.9e9ce8a0
                0x000000000003f0ef                Device_AVR8.c.22a892bc
                0x000000000003f256                EndpointStream_AVR8.c.abcd52d2
                0x000000000003fd70                Endpoint_AVR8.c.edc30e36
                0x00000000000401a7                Host_AVR8.c.7c69f8de
                0x0000000000040204                PipeStream_AVR8.c.b2e52de6
                0x0000000000040261                Pipe_AVR8.c.fdd67399
                0x00000000000402be                USBController_AVR8.c.997c0afd
                0x00000000000405e2                USBInterrupt_AVR8.c.1dde43c9
                0x0000000000040972                ConfigDescriptors.c.6c76472f
                0x0000000000040cd3                DeviceStandardReq.c.1ef3edc6
                0x0000000000041276                Events.c.e567ab9d
                0x000000000004132d                HostStandardReq.c.5e0d78db
                0x000000000004138a                USBTask.c.3e71130e
                0x0000000000041581                usb_util.c.3d0691db
 .debug_info    0x00000000000418ba     0xaa49 C:\Users\colton\AppData\Local\Temp\ccEktbbr.ltrans0.ltrans.o

.debug_abbrev   0x0000000000000000     0x7a5a
 *(.debug_abbrev)
 .debug_abbrev  0x0000000000000000      0x96a c:/qmk_msys/mingw64/bin/../lib/gcc/avr/8.5.0/../../../../avr/lib/avr5/crtatmega32u4.o
 .debug_abbrev  0x000000000000096a     0x6d8f C:\Users\colton\AppData\Local\Temp\ccIgTixedebugobj
 .debug_abbrev  0x00000000000076f9      0x361 C:\Users\colton\AppData\Local\Temp\ccEktbbr.ltrans0.ltrans.o

.debug_line     0x0000000000000000    0x1534c
 *(.debug_line .debug_line.* .debug_line_end)
 .debug_line    0x0000000000000000       0x1d c:/qmk_msys/mingw64/bin/../lib/gcc/avr/8.5.0/../../../../avr/lib/avr5/crtatmega32u4.o
 .debug_line    0x000000000000001d     0x6e54 C:\Users\colton\AppData\Local\Temp\ccIgTixedebugobj
 .debug_line    0x0000000000006e71     0xe4db C:\Users\colton\AppData\Local\Temp\ccEktbbr.ltrans0.ltrans.o

.debug_frame    0x0000000000000000      0xb10
 *(.debug_frame)
 .debug_frame   0x0000000000000000      0xb10 C:\Users\colton\AppData\Local\Temp\ccEktbbr.ltrans0.ltrans.o

.debug_str      0x0000000000000000     0xb30f
 *(.debug_str)
 .debug_str     0x0000000000000000      0x371 c:/qmk_msys/mingw64/bin/../lib/gcc/avr/8.5.0/../../../../avr/lib/avr5/crtatmega32u4.o
 .debug_str     0x0000000000000371     0xae78 C:\Users\colton\AppData\Local\Temp\ccIgTixedebugobj
                                      0x5dcab (size before relaxing)
 .debug_str     0x000000000000b1e9      0x126 C:\Users\colton\AppData\Local\Temp\ccEktbbr.ltrans0.ltrans.o
                                        0x150 (size before relaxing)

.debug_loc      0x0000000000000000     0x97e2
 *(.debug_loc)
 .debug_loc     0x0000000000000000     0x97e2 C:\Users\colton\AppData\Local\Temp\ccEktbbr.ltrans0.ltrans.o

.debug_macinfo
 *(.debug_macinfo)

.debug_weaknames
 *(.debug_weaknames)

.debug_funcnames
 *(.debug_funcnames)

.debug_typenames
 *(.debug_typenames)

.debug_varnames
 *(.debug_varnames)

.debug_pubtypes
 *(.debug_pubtypes)

.debug_ranges   0x0000000000000000     0x25c8
 *(.debug_ranges)
 .debug_ranges  0x0000000000000000     0x25c8 C:\Users\colton\AppData\Local\Temp\ccEktbbr.ltrans0.ltrans.o

.debug_addr
 *(.debug_addr)

.debug_line_str
 *(.debug_line_str)

.debug_loclists
 *(.debug_loclists)

.debug_macro
 *(.debug_macro)

.debug_names
 *(.debug_names)

.debug_rnglists
 *(.debug_rnglists)

.debug_str_offsets
 *(.debug_str_offsets)

.debug_sup
 *(.debug_sup)
OUTPUT(.build/boardwalk_via.elf elf32-avr)
LOAD linker stubs

Cross Reference Table

Symbol                                            File
CALLBACK_HIDParser_FilterHIDReportItem            .build/obj_boardwalk_via/lib/lufa/LUFA/Drivers/USB/Class/Common/HIDParser.o (symbol from plugin)
CALLBACK_USB_GetDescriptor                        .build/obj_boardwalk_via/lufa.o (symbol from plugin)
                                                  .build/obj_boardwalk_via/lib/lufa/LUFA/Drivers/USB/Core/DeviceStandardReq.o (symbol from plugin)
CIE1931_CURVE                                     .build/obj_boardwalk_via/quantum/led_tables.o (symbol from plugin)
                                                  .build/obj_boardwalk_via/quantum/color.o (symbol from plugin)
ConfigDescriptors.c.6c76472f                      C:\Users\colton\AppData\Local\Temp\ccIgTixedebugobj
ConfigurationDescriptor                           .build/obj_boardwalk_via/usb_descriptor.o (symbol from plugin)
DeviceDescriptor                                  .build/obj_boardwalk_via/usb_descriptor.o (symbol from plugin)
DeviceStandardReq.c.1ef3edc6                      C:\Users\colton\AppData\Local\Temp\ccIgTixedebugobj
                                                  C:\Users\colton\AppData\Local\Temp\ccEktbbr.ltrans0.ltrans.o
Device_AVR8.c.22a892bc                            C:\Users\colton\AppData\Local\Temp\ccIgTixedebugobj
                                                  C:\Users\colton\AppData\Local\Temp\ccEktbbr.ltrans0.ltrans.o
EVENT_USB_Device_ConfigurationChanged             .build/obj_boardwalk_via/lufa.o (symbol from plugin)
                                                  .build/obj_boardwalk_via/lib/lufa/LUFA/Drivers/USB/Core/DeviceStandardReq.o (symbol from plugin)
EVENT_USB_Device_Connect                          .build/obj_boardwalk_via/lufa.o (symbol from plugin)
                                                  .build/obj_boardwalk_via/lib/lufa/LUFA/Drivers/USB/Core/AVR8/USBInterrupt_AVR8.o (symbol from plugin)
EVENT_USB_Device_ControlRequest                   .build/obj_boardwalk_via/lufa.o (symbol from plugin)
                                                  .build/obj_boardwalk_via/lib/lufa/LUFA/Drivers/USB/Core/DeviceStandardReq.o (symbol from plugin)
EVENT_USB_Device_Disconnect                       .build/obj_boardwalk_via/lufa.o (symbol from plugin)
                                                  .build/obj_boardwalk_via/lib/lufa/LUFA/Drivers/USB/Core/AVR8/USBInterrupt_AVR8.o (symbol from plugin)
EVENT_USB_Device_Reset                            .build/obj_boardwalk_via/lufa.o (symbol from plugin)
                                                  .build/obj_boardwalk_via/lib/lufa/LUFA/Drivers/USB/Core/AVR8/USBInterrupt_AVR8.o (symbol from plugin)
EVENT_USB_Device_StartOfFrame                     .build/obj_boardwalk_via/lib/lufa/LUFA/Drivers/USB/Core/Events.o (symbol from plugin)
                                                  .build/obj_boardwalk_via/lib/lufa/LUFA/Drivers/USB/Core/AVR8/USBInterrupt_AVR8.o (symbol from plugin)
EVENT_USB_Device_Suspend                          .build/obj_boardwalk_via/lufa.o (symbol from plugin)
                                                  .build/obj_boardwalk_via/lib/lufa/LUFA/Drivers/USB/Core/AVR8/USBInterrupt_AVR8.o (symbol from plugin)
EVENT_USB_Device_WakeUp                           .build/obj_boardwalk_via/lufa.o (symbol from plugin)
                                                  .build/obj_boardwalk_via/lib/lufa/LUFA/Drivers/USB/Core/AVR8/USBInterrupt_AVR8.o (symbol from plugin)
EndpointStream_AVR8.c.abcd52d2                    C:\Users\colton\AppData\Local\Temp\ccIgTixedebugobj
                                                  C:\Users\colton\AppData\Local\Temp\ccEktbbr.ltrans0.ltrans.o
Endpoint_AVR8.c.edc30e36                          C:\Users\colton\AppData\Local\Temp\ccIgTixedebugobj
                                                  C:\Users\colton\AppData\Local\Temp\ccEktbbr.ltrans0.ltrans.o
Endpoint_ClearEndpoints                           .build/obj_boardwalk_via/lib/lufa/LUFA/Drivers/USB/Core/AVR8/Endpoint_AVR8.o (symbol from plugin)
Endpoint_ClearStatusStage                         .build/obj_boardwalk_via/lib/lufa/LUFA/Drivers/USB/Core/AVR8/Endpoint_AVR8.o (symbol from plugin)
                                                  .build/obj_boardwalk_via/lib/lufa/LUFA/Drivers/USB/Core/DeviceStandardReq.o (symbol from plugin)
                                                  .build/obj_boardwalk_via/lufa.o (symbol from plugin)
Endpoint_ConfigureEndpointTable                   .build/obj_boardwalk_via/lib/lufa/LUFA/Drivers/USB/Core/AVR8/Endpoint_AVR8.o (symbol from plugin)
Endpoint_ConfigureEndpoint_Prv                    .build/obj_boardwalk_via/lib/lufa/LUFA/Drivers/USB/Core/AVR8/Endpoint_AVR8.o (symbol from plugin)
                                                  .build/obj_boardwalk_via/lib/lufa/LUFA/Drivers/USB/Core/AVR8/USBInterrupt_AVR8.o (symbol from plugin)
                                                  .build/obj_boardwalk_via/lib/lufa/LUFA/Drivers/USB/Core/AVR8/USBController_AVR8.o (symbol from plugin)
                                                  .build/obj_boardwalk_via/lufa.o (symbol from plugin)
Endpoint_Discard_Stream                           .build/obj_boardwalk_via/lib/lufa/LUFA/Drivers/USB/Core/AVR8/EndpointStream_AVR8.o (symbol from plugin)
Endpoint_Null_Stream                              .build/obj_boardwalk_via/lib/lufa/LUFA/Drivers/USB/Core/AVR8/EndpointStream_AVR8.o (symbol from plugin)
Endpoint_Read_Control_EStream_BE                  .build/obj_boardwalk_via/lib/lufa/LUFA/Drivers/USB/Core/AVR8/EndpointStream_AVR8.o (symbol from plugin)
Endpoint_Read_Control_EStream_LE                  .build/obj_boardwalk_via/lib/lufa/LUFA/Drivers/USB/Core/AVR8/EndpointStream_AVR8.o (symbol from plugin)
Endpoint_Read_Control_Stream_BE                   .build/obj_boardwalk_via/lib/lufa/LUFA/Drivers/USB/Core/AVR8/EndpointStream_AVR8.o (symbol from plugin)
Endpoint_Read_Control_Stream_LE                   .build/obj_boardwalk_via/lib/lufa/LUFA/Drivers/USB/Core/AVR8/EndpointStream_AVR8.o (symbol from plugin)
Endpoint_Read_EStream_BE                          .build/obj_boardwalk_via/lib/lufa/LUFA/Drivers/USB/Core/AVR8/EndpointStream_AVR8.o (symbol from plugin)
Endpoint_Read_EStream_LE                          .build/obj_boardwalk_via/lib/lufa/LUFA/Drivers/USB/Core/AVR8/EndpointStream_AVR8.o (symbol from plugin)
Endpoint_Read_Stream_BE                           .build/obj_boardwalk_via/lib/lufa/LUFA/Drivers/USB/Core/AVR8/EndpointStream_AVR8.o (symbol from plugin)
Endpoint_Read_Stream_LE                           .build/obj_boardwalk_via/lib/lufa/LUFA/Drivers/USB/Core/AVR8/EndpointStream_AVR8.o (symbol from plugin)
                                                  .build/obj_boardwalk_via/lufa.o (symbol from plugin)
Endpoint_WaitUntilReady                           .build/obj_boardwalk_via/lib/lufa/LUFA/Drivers/USB/Core/AVR8/Endpoint_AVR8.o (symbol from plugin)
                                                  .build/obj_boardwalk_via/lib/lufa/LUFA/Drivers/USB/Core/AVR8/EndpointStream_AVR8.o (symbol from plugin)
Endpoint_Write_Control_EStream_BE                 .build/obj_boardwalk_via/lib/lufa/LUFA/Drivers/USB/Core/AVR8/EndpointStream_AVR8.o (symbol from plugin)
Endpoint_Write_Control_EStream_LE                 .build/obj_boardwalk_via/lib/lufa/LUFA/Drivers/USB/Core/AVR8/EndpointStream_AVR8.o (symbol from plugin)
Endpoint_Write_Control_PStream_BE                 .build/obj_boardwalk_via/lib/lufa/LUFA/Drivers/USB/Core/AVR8/EndpointStream_AVR8.o (symbol from plugin)
Endpoint_Write_Control_PStream_LE                 .build/obj_boardwalk_via/lib/lufa/LUFA/Drivers/USB/Core/AVR8/EndpointStream_AVR8.o (symbol from plugin)
                                                  .build/obj_boardwalk_via/lib/lufa/LUFA/Drivers/USB/Core/DeviceStandardReq.o (symbol from plugin)
Endpoint_Write_Control_Stream_BE                  .build/obj_boardwalk_via/lib/lufa/LUFA/Drivers/USB/Core/AVR8/EndpointStream_AVR8.o (symbol from plugin)
Endpoint_Write_Control_Stream_LE                  .build/obj_boardwalk_via/lib/lufa/LUFA/Drivers/USB/Core/AVR8/EndpointStream_AVR8.o (symbol from plugin)
                                                  .build/obj_boardwalk_via/lib/lufa/LUFA/Drivers/USB/Core/DeviceStandardReq.o (symbol from plugin)
                                                  .build/obj_boardwalk_via/lufa.o (symbol from plugin)
Endpoint_Write_EStream_BE                         .build/obj_boardwalk_via/lib/lufa/LUFA/Drivers/USB/Core/AVR8/EndpointStream_AVR8.o (symbol from plugin)
Endpoint_Write_EStream_LE                         .build/obj_boardwalk_via/lib/lufa/LUFA/Drivers/USB/Core/AVR8/EndpointStream_AVR8.o (symbol from plugin)
Endpoint_Write_PStream_BE                         .build/obj_boardwalk_via/lib/lufa/LUFA/Drivers/USB/Core/AVR8/EndpointStream_AVR8.o (symbol from plugin)
Endpoint_Write_PStream_LE                         .build/obj_boardwalk_via/lib/lufa/LUFA/Drivers/USB/Core/AVR8/EndpointStream_AVR8.o (symbol from plugin)
Endpoint_Write_Stream_BE                          .build/obj_boardwalk_via/lib/lufa/LUFA/Drivers/USB/Core/AVR8/EndpointStream_AVR8.o (symbol from plugin)
Endpoint_Write_Stream_LE                          .build/obj_boardwalk_via/lib/lufa/LUFA/Drivers/USB/Core/AVR8/EndpointStream_AVR8.o (symbol from plugin)
                                                  .build/obj_boardwalk_via/lufa.o (symbol from plugin)
Events.c.e567ab9d                                 C:\Users\colton\AppData\Local\Temp\ccIgTixedebugobj
                                                  C:\Users\colton\AppData\Local\Temp\ccEktbbr.ltrans0.ltrans.o
HIDParser.c.9e9ce8a0                              C:\Users\colton\AppData\Local\Temp\ccIgTixedebugobj
HostStandardReq.c.5e0d78db                        C:\Users\colton\AppData\Local\Temp\ccIgTixedebugobj
Host_AVR8.c.7c69f8de                              C:\Users\colton\AppData\Local\Temp\ccIgTixedebugobj
KeyboardReport                                    .build/obj_boardwalk_via/usb_descriptor.o (symbol from plugin)
LanguageString                                    .build/obj_boardwalk_via/usb_descriptor.o (symbol from plugin)
ManufacturerString                                .build/obj_boardwalk_via/usb_descriptor.o (symbol from plugin)
PipeStream_AVR8.c.b2e52de6                        C:\Users\colton\AppData\Local\Temp\ccIgTixedebugobj
Pipe_AVR8.c.fdd67399                              C:\Users\colton\AppData\Local\Temp\ccIgTixedebugobj
ProductString                                     .build/obj_boardwalk_via/usb_descriptor.o (symbol from plugin)
RGBLED_BREATHING_INTERVALS                        .build/obj_boardwalk_via/quantum/rgblight/rgblight.o (symbol from plugin)
RGBLED_GRADIENT_RANGES                            .build/obj_boardwalk_via/quantum/rgblight/rgblight.o (symbol from plugin)
RGBLED_KNIGHT_INTERVALS                           .build/obj_boardwalk_via/quantum/rgblight/rgblight.o (symbol from plugin)
RGBLED_RAINBOW_MOOD_INTERVALS                     .build/obj_boardwalk_via/quantum/rgblight/rgblight.o (symbol from plugin)
RGBLED_RAINBOW_SWIRL_INTERVALS                    .build/obj_boardwalk_via/quantum/rgblight/rgblight.o (symbol from plugin)
RGBLED_RGBTEST_INTERVALS                          .build/obj_boardwalk_via/quantum/rgblight/rgblight.o (symbol from plugin)
RGBLED_SNAKE_INTERVALS                            .build/obj_boardwalk_via/quantum/rgblight/rgblight.o (symbol from plugin)
RGBLED_TWINKLE_INTERVALS                          .build/obj_boardwalk_via/quantum/rgblight/rgblight.o (symbol from plugin)
RawReport                                         .build/obj_boardwalk_via/usb_descriptor.o (symbol from plugin)
SharedReport                                      .build/obj_boardwalk_via/usb_descriptor.o (symbol from plugin)
USBController_AVR8.c.997c0afd                     C:\Users\colton\AppData\Local\Temp\ccIgTixedebugobj
                                                  C:\Users\colton\AppData\Local\Temp\ccEktbbr.ltrans0.ltrans.o
USBInterrupt_AVR8.c.1dde43c9                      C:\Users\colton\AppData\Local\Temp\ccIgTixedebugobj
                                                  C:\Users\colton\AppData\Local\Temp\ccEktbbr.ltrans0.ltrans.o
USBTask.c.3e71130e                                C:\Users\colton\AppData\Local\Temp\ccIgTixedebugobj
                                                  C:\Users\colton\AppData\Local\Temp\ccEktbbr.ltrans0.ltrans.o
USB_ControlRequest                                .build/obj_boardwalk_via/lib/lufa/LUFA/Drivers/USB/Core/USBTask.o (symbol from plugin)
                                                  .build/obj_boardwalk_via/lib/lufa/LUFA/Drivers/USB/Core/DeviceStandardReq.o (symbol from plugin)
                                                  .build/obj_boardwalk_via/lib/lufa/LUFA/Drivers/USB/Core/AVR8/Endpoint_AVR8.o (symbol from plugin)
                                                  .build/obj_boardwalk_via/lib/lufa/LUFA/Drivers/USB/Core/AVR8/EndpointStream_AVR8.o (symbol from plugin)
                                                  .build/obj_boardwalk_via/lufa.o (symbol from plugin)
USB_DeviceState                                   .build/obj_boardwalk_via/lib/lufa/LUFA/Drivers/USB/Core/USBTask.o (symbol from plugin)
                                                  .build/obj_boardwalk_via/protocol/lufa/usb_util.o (symbol from plugin)
                                                  .build/obj_boardwalk_via/lib/lufa/LUFA/Drivers/USB/Core/DeviceStandardReq.o (symbol from plugin)
                                                  .build/obj_boardwalk_via/lib/lufa/LUFA/Drivers/USB/Core/AVR8/USBInterrupt_AVR8.o (symbol from plugin)
                                                  .build/obj_boardwalk_via/lib/lufa/LUFA/Drivers/USB/Core/AVR8/USBController_AVR8.o (symbol from plugin)
                                                  .build/obj_boardwalk_via/lib/lufa/LUFA/Drivers/USB/Core/AVR8/Endpoint_AVR8.o (symbol from plugin)
                                                  .build/obj_boardwalk_via/lib/lufa/LUFA/Drivers/USB/Core/AVR8/EndpointStream_AVR8.o (symbol from plugin)
                                                  .build/obj_boardwalk_via/lufa.o (symbol from plugin)
                                                  .build/obj_boardwalk_via/platforms/avr/suspend.o (symbol from plugin)
USB_Device_ConfigurationNumber                    .build/obj_boardwalk_via/lib/lufa/LUFA/Drivers/USB/Core/DeviceStandardReq.o (symbol from plugin)
                                                  .build/obj_boardwalk_via/lib/lufa/LUFA/Drivers/USB/Core/AVR8/USBInterrupt_AVR8.o (symbol from plugin)
                                                  .build/obj_boardwalk_via/lib/lufa/LUFA/Drivers/USB/Core/AVR8/USBController_AVR8.o (symbol from plugin)
                                                  .build/obj_boardwalk_via/lufa.o (symbol from plugin)
USB_Device_CurrentlySelfPowered                   .build/obj_boardwalk_via/lib/lufa/LUFA/Drivers/USB/Core/DeviceStandardReq.o (symbol from plugin)
                                                  .build/obj_boardwalk_via/lib/lufa/LUFA/Drivers/USB/Core/AVR8/USBController_AVR8.o (symbol from plugin)
USB_Device_ProcessControlRequest                  .build/obj_boardwalk_via/lib/lufa/LUFA/Drivers/USB/Core/DeviceStandardReq.o (symbol from plugin)
                                                  .build/obj_boardwalk_via/lib/lufa/LUFA/Drivers/USB/Core/USBTask.o (symbol from plugin)
                                                  .build/obj_boardwalk_via/lib/lufa/LUFA/Drivers/USB/Core/AVR8/USBInterrupt_AVR8.o (symbol from plugin)
USB_Device_RemoteWakeupEnabled                    .build/obj_boardwalk_via/lib/lufa/LUFA/Drivers/USB/Core/DeviceStandardReq.o (symbol from plugin)
                                                  .build/obj_boardwalk_via/lib/lufa/LUFA/Drivers/USB/Core/AVR8/USBController_AVR8.o (symbol from plugin)
                                                  .build/obj_boardwalk_via/lufa.o (symbol from plugin)
USB_Device_SendRemoteWakeup                       .build/obj_boardwalk_via/lib/lufa/LUFA/Drivers/USB/Core/AVR8/Device_AVR8.o (symbol from plugin)
                                                  .build/obj_boardwalk_via/lufa.o (symbol from plugin)
USB_Disable                                       .build/obj_boardwalk_via/lib/lufa/LUFA/Drivers/USB/Core/AVR8/USBController_AVR8.o (symbol from plugin)
                                                  .build/obj_boardwalk_via/protocol/lufa/usb_util.o (symbol from plugin)
                                                  .build/obj_boardwalk_via/lufa.o (symbol from plugin)
USB_Event_Stub                                    .build/obj_boardwalk_via/lib/lufa/LUFA/Drivers/USB/Core/Events.o (symbol from plugin)
USB_Event_Stub_2                                  .build/obj_boardwalk_via/lib/lufa/LUFA/Drivers/USB/Core/Events.o (symbol from plugin)
USB_Event_Stub_3                                  .build/obj_boardwalk_via/lib/lufa/LUFA/Drivers/USB/Core/Events.o (symbol from plugin)
USB_GetHIDReportItemInfo                          .build/obj_boardwalk_via/lib/lufa/LUFA/Drivers/USB/Class/Common/HIDParser.o (symbol from plugin)
USB_GetHIDReportSize                              .build/obj_boardwalk_via/lib/lufa/LUFA/Drivers/USB/Class/Common/HIDParser.o (symbol from plugin)
USB_GetNextDescriptorComp                         .build/obj_boardwalk_via/lib/lufa/LUFA/Drivers/USB/Core/ConfigDescriptors.o (symbol from plugin)
USB_GetNextDescriptorOfType                       .build/obj_boardwalk_via/lib/lufa/LUFA/Drivers/USB/Core/ConfigDescriptors.o (symbol from plugin)
USB_GetNextDescriptorOfTypeAfter                  .build/obj_boardwalk_via/lib/lufa/LUFA/Drivers/USB/Core/ConfigDescriptors.o (symbol from plugin)
USB_GetNextDescriptorOfTypeBefore                 .build/obj_boardwalk_via/lib/lufa/LUFA/Drivers/USB/Core/ConfigDescriptors.o (symbol from plugin)
USB_INT_ClearAllInterrupts                        .build/obj_boardwalk_via/lib/lufa/LUFA/Drivers/USB/Core/AVR8/USBInterrupt_AVR8.o (symbol from plugin)
                                                  .build/obj_boardwalk_via/lib/lufa/LUFA/Drivers/USB/Core/AVR8/USBController_AVR8.o (symbol from plugin)
USB_INT_DisableAllInterrupts                      .build/obj_boardwalk_via/lib/lufa/LUFA/Drivers/USB/Core/AVR8/USBInterrupt_AVR8.o (symbol from plugin)
                                                  .build/obj_boardwalk_via/lib/lufa/LUFA/Drivers/USB/Core/AVR8/USBController_AVR8.o (symbol from plugin)
USB_Init                                          .build/obj_boardwalk_via/lib/lufa/LUFA/Drivers/USB/Core/AVR8/USBController_AVR8.o (symbol from plugin)
                                                  .build/obj_boardwalk_via/lufa.o (symbol from plugin)
USB_IsInitialized                                 .build/obj_boardwalk_via/lib/lufa/LUFA/Drivers/USB/Core/USBTask.o (symbol from plugin)
                                                  .build/obj_boardwalk_via/lib/lufa/LUFA/Drivers/USB/Core/AVR8/USBController_AVR8.o (symbol from plugin)
                                                  .build/obj_boardwalk_via/lufa.o (symbol from plugin)
USB_ProcessHIDReport                              .build/obj_boardwalk_via/lib/lufa/LUFA/Drivers/USB/Class/Common/HIDParser.o (symbol from plugin)
USB_ResetInterface                                .build/obj_boardwalk_via/lib/lufa/LUFA/Drivers/USB/Core/AVR8/USBController_AVR8.o (symbol from plugin)
USB_SetHIDReportItemInfo                          .build/obj_boardwalk_via/lib/lufa/LUFA/Drivers/USB/Class/Common/HIDParser.o (symbol from plugin)
USB_USBTask                                       .build/obj_boardwalk_via/lib/lufa/LUFA/Drivers/USB/Core/USBTask.o (symbol from plugin)
                                                  .build/obj_boardwalk_via/lufa.o (symbol from plugin)
__FUSE_REGION_LENGTH__                            c:/qmk_msys/mingw64/bin/../lib/gcc/avr/8.5.0/../../../../avr/lib/avr5/crtatmega32u4.o
__bad_interrupt                                   c:/qmk_msys/mingw64/bin/../lib/gcc/avr/8.5.0/../../../../avr/lib/avr5/crtatmega32u4.o
__bss_end                                         c:/qmk_msys/mingw64/bin/../lib/gcc/avr/8.5.0/avr5\libgcc.a(_clear_bss.o)
__bss_start                                       c:/qmk_msys/mingw64/bin/../lib/gcc/avr/8.5.0/avr5\libgcc.a(_clear_bss.o)
__bswapsi2                                        c:/qmk_msys/mingw64/bin/../lib/gcc/avr/8.5.0/avr5\libgcc.a(_bswapsi2.o)
                                                  C:\Users\colton\AppData\Local\Temp\ccEktbbr.ltrans0.ltrans.o
__data_end                                        c:/qmk_msys/mingw64/bin/../lib/gcc/avr/8.5.0/avr5\libgcc.a(_copy_data.o)
__data_load_start                                 c:/qmk_msys/mingw64/bin/../lib/gcc/avr/8.5.0/avr5\libgcc.a(_copy_data.o)
__data_start                                      c:/qmk_msys/mingw64/bin/../lib/gcc/avr/8.5.0/avr5\libgcc.a(_copy_data.o)
__divmodhi4                                       c:/qmk_msys/mingw64/bin/../lib/gcc/avr/8.5.0/avr5\libgcc.a(_divmodhi4.o)
                                                  C:\Users\colton\AppData\Local\Temp\ccEktbbr.ltrans0.ltrans.o
__divmodqi4                                       c:/qmk_msys/mingw64/bin/../lib/gcc/avr/8.5.0/avr5\libgcc.a(_divmodqi4.o)
                                                  C:\Users\colton\AppData\Local\Temp\ccEktbbr.ltrans0.ltrans.o
__divmodsi4                                       c:/qmk_msys/mingw64/bin/../lib/gcc/avr/8.5.0/avr5\libgcc.a(_divmodsi4.o)
                                                  c:/qmk_msys/mingw64/bin/../lib/gcc/avr/8.5.0/../../../../avr/lib/avr5\libc.a(rand.o)
__do_clear_bss                                    c:/qmk_msys/mingw64/bin/../lib/gcc/avr/8.5.0/avr5\libgcc.a(_clear_bss.o)
                                                  C:\Users\colton\AppData\Local\Temp\ccEktbbr.ltrans0.ltrans.o
__do_copy_data                                    c:/qmk_msys/mingw64/bin/../lib/gcc/avr/8.5.0/avr5\libgcc.a(_copy_data.o)
                                                  C:\Users\colton\AppData\Local\Temp\ccEktbbr.ltrans0.ltrans.o
                                                  c:/qmk_msys/mingw64/bin/../lib/gcc/avr/8.5.0/../../../../avr/lib/avr5\libc.a(rand.o)
__epilogue_restores__                             c:/qmk_msys/mingw64/bin/../lib/gcc/avr/8.5.0/avr5\libgcc.a(_epilogue.o)
                                                  C:\Users\colton\AppData\Local\Temp\ccEktbbr.ltrans0.ltrans.o
__heap_end                                        c:/qmk_msys/mingw64/bin/../lib/gcc/avr/8.5.0/../../../../avr/lib/avr5/crtatmega32u4.o
__init                                            c:/qmk_msys/mingw64/bin/../lib/gcc/avr/8.5.0/../../../../avr/lib/avr5/crtatmega32u4.o
__mulhisi3                                        c:/qmk_msys/mingw64/bin/../lib/gcc/avr/8.5.0/avr5\libgcc.a(_mulhisi3.o)
                                                  C:\Users\colton\AppData\Local\Temp\ccEktbbr.ltrans0.ltrans.o
__mulohisi3                                       c:/qmk_msys/mingw64/bin/../lib/gcc/avr/8.5.0/avr5\libgcc.a(_mulshisi3.o)
                                                  c:/qmk_msys/mingw64/bin/../lib/gcc/avr/8.5.0/../../../../avr/lib/avr5\libc.a(rand.o)
__mulshisi3                                       c:/qmk_msys/mingw64/bin/../lib/gcc/avr/8.5.0/avr5\libgcc.a(_mulshisi3.o)
                                                  C:\Users\colton\AppData\Local\Temp\ccEktbbr.ltrans0.ltrans.o
__muluhisi3                                       c:/qmk_msys/mingw64/bin/../lib/gcc/avr/8.5.0/avr5\libgcc.a(_muluhisi3.o)
                                                  C:\Users\colton\AppData\Local\Temp\ccEktbbr.ltrans0.ltrans.o
                                                  c:/qmk_msys/mingw64/bin/../lib/gcc/avr/8.5.0/avr5\libgcc.a(_mulshisi3.o)
                                                  c:/qmk_msys/mingw64/bin/../lib/gcc/avr/8.5.0/../../../../avr/lib/avr5\libc.a(rand.o)
__negsi2                                          c:/qmk_msys/mingw64/bin/../lib/gcc/avr/8.5.0/avr5\libgcc.a(_negsi2.o)
                                                  c:/qmk_msys/mingw64/bin/../lib/gcc/avr/8.5.0/avr5\libgcc.a(_divmodsi4.o)
__prologue_saves__                                c:/qmk_msys/mingw64/bin/../lib/gcc/avr/8.5.0/avr5\libgcc.a(_prologue.o)
                                                  C:\Users\colton\AppData\Local\Temp\ccEktbbr.ltrans0.ltrans.o
__stack                                           c:/qmk_msys/mingw64/bin/../lib/gcc/avr/8.5.0/../../../../avr/lib/avr5/crtatmega32u4.o
__tablejump2__                                    c:/qmk_msys/mingw64/bin/../lib/gcc/avr/8.5.0/avr5\libgcc.a(_tablejump2.o)
                                                  C:\Users\colton\AppData\Local\Temp\ccEktbbr.ltrans0.ltrans.o
__udivmodhi4                                      c:/qmk_msys/mingw64/bin/../lib/gcc/avr/8.5.0/avr5\libgcc.a(_udivmodhi4.o)
                                                  c:/qmk_msys/mingw64/bin/../lib/gcc/avr/8.5.0/avr5\libgcc.a(_divmodhi4.o)
                                                  C:\Users\colton\AppData\Local\Temp\ccEktbbr.ltrans0.ltrans.o
__udivmodqi4                                      c:/qmk_msys/mingw64/bin/../lib/gcc/avr/8.5.0/avr5\libgcc.a(_udivmodqi4.o)
                                                  c:/qmk_msys/mingw64/bin/../lib/gcc/avr/8.5.0/avr5\libgcc.a(_divmodqi4.o)
                                                  C:\Users\colton\AppData\Local\Temp\ccEktbbr.ltrans0.ltrans.o
__udivmodsi4                                      c:/qmk_msys/mingw64/bin/../lib/gcc/avr/8.5.0/avr5\libgcc.a(_udivmodsi4.o)
                                                  C:\Users\colton\AppData\Local\Temp\ccEktbbr.ltrans0.ltrans.o
                                                  c:/qmk_msys/mingw64/bin/../lib/gcc/avr/8.5.0/avr5\libgcc.a(_divmodsi4.o)
__umulhisi3                                       c:/qmk_msys/mingw64/bin/../lib/gcc/avr/8.5.0/avr5\libgcc.a(_umulhisi3.o)
                                                  c:/qmk_msys/mingw64/bin/../lib/gcc/avr/8.5.0/avr5\libgcc.a(_usmulhisi3.o)
                                                  c:/qmk_msys/mingw64/bin/../lib/gcc/avr/8.5.0/avr5\libgcc.a(_mulhisi3.o)
                                                  C:\Users\colton\AppData\Local\Temp\ccEktbbr.ltrans0.ltrans.o
                                                  c:/qmk_msys/mingw64/bin/../lib/gcc/avr/8.5.0/avr5\libgcc.a(_muluhisi3.o)
__usmulhisi3                                      c:/qmk_msys/mingw64/bin/../lib/gcc/avr/8.5.0/avr5\libgcc.a(_usmulhisi3.o)
__usmulhisi3_tail                                 c:/qmk_msys/mingw64/bin/../lib/gcc/avr/8.5.0/avr5\libgcc.a(_usmulhisi3.o)
                                                  c:/qmk_msys/mingw64/bin/../lib/gcc/avr/8.5.0/avr5\libgcc.a(_mulhisi3.o)
__vector_1                                        c:/qmk_msys/mingw64/bin/../lib/gcc/avr/8.5.0/../../../../avr/lib/avr5/crtatmega32u4.o
__vector_10                                       C:\Users\colton\AppData\Local\Temp\ccEktbbr.ltrans0.ltrans.o
                                                  .build/obj_boardwalk_via/lib/lufa/LUFA/Drivers/USB/Core/AVR8/USBInterrupt_AVR8.o (symbol from plugin)
                                                  c:/qmk_msys/mingw64/bin/../lib/gcc/avr/8.5.0/../../../../avr/lib/avr5/crtatmega32u4.o
__vector_11                                       C:\Users\colton\AppData\Local\Temp\ccEktbbr.ltrans0.ltrans.o
                                                  .build/obj_boardwalk_via/lib/lufa/LUFA/Drivers/USB/Core/AVR8/USBInterrupt_AVR8.o (symbol from plugin)
                                                  c:/qmk_msys/mingw64/bin/../lib/gcc/avr/8.5.0/../../../../avr/lib/avr5/crtatmega32u4.o
__vector_12                                       C:\Users\colton\AppData\Local\Temp\ccEktbbr.ltrans0.ltrans.o
                                                  .build/obj_boardwalk_via/platforms/avr/suspend.o (symbol from plugin)
                                                  c:/qmk_msys/mingw64/bin/../lib/gcc/avr/8.5.0/../../../../avr/lib/avr5/crtatmega32u4.o
__vector_13                                       c:/qmk_msys/mingw64/bin/../lib/gcc/avr/8.5.0/../../../../avr/lib/avr5/crtatmega32u4.o
__vector_14                                       c:/qmk_msys/mingw64/bin/../lib/gcc/avr/8.5.0/../../../../avr/lib/avr5/crtatmega32u4.o
__vector_15                                       c:/qmk_msys/mingw64/bin/../lib/gcc/avr/8.5.0/../../../../avr/lib/avr5/crtatmega32u4.o
__vector_16                                       c:/qmk_msys/mingw64/bin/../lib/gcc/avr/8.5.0/../../../../avr/lib/avr5/crtatmega32u4.o
__vector_17                                       c:/qmk_msys/mingw64/bin/../lib/gcc/avr/8.5.0/../../../../avr/lib/avr5/crtatmega32u4.o
__vector_18                                       c:/qmk_msys/mingw64/bin/../lib/gcc/avr/8.5.0/../../../../avr/lib/avr5/crtatmega32u4.o
__vector_19                                       c:/qmk_msys/mingw64/bin/../lib/gcc/avr/8.5.0/../../../../avr/lib/avr5/crtatmega32u4.o
__vector_2                                        c:/qmk_msys/mingw64/bin/../lib/gcc/avr/8.5.0/../../../../avr/lib/avr5/crtatmega32u4.o
__vector_20                                       c:/qmk_msys/mingw64/bin/../lib/gcc/avr/8.5.0/../../../../avr/lib/avr5/crtatmega32u4.o
__vector_21                                       C:\Users\colton\AppData\Local\Temp\ccEktbbr.ltrans0.ltrans.o
                                                  .build/obj_boardwalk_via/platforms/avr/timer.o (symbol from plugin)
                                                  c:/qmk_msys/mingw64/bin/../lib/gcc/avr/8.5.0/../../../../avr/lib/avr5/crtatmega32u4.o
__vector_22                                       c:/qmk_msys/mingw64/bin/../lib/gcc/avr/8.5.0/../../../../avr/lib/avr5/crtatmega32u4.o
__vector_23                                       c:/qmk_msys/mingw64/bin/../lib/gcc/avr/8.5.0/../../../../avr/lib/avr5/crtatmega32u4.o
__vector_24                                       c:/qmk_msys/mingw64/bin/../lib/gcc/avr/8.5.0/../../../../avr/lib/avr5/crtatmega32u4.o
__vector_25                                       c:/qmk_msys/mingw64/bin/../lib/gcc/avr/8.5.0/../../../../avr/lib/avr5/crtatmega32u4.o
__vector_26                                       c:/qmk_msys/mingw64/bin/../lib/gcc/avr/8.5.0/../../../../avr/lib/avr5/crtatmega32u4.o
__vector_27                                       c:/qmk_msys/mingw64/bin/../lib/gcc/avr/8.5.0/../../../../avr/lib/avr5/crtatmega32u4.o
__vector_28                                       c:/qmk_msys/mingw64/bin/../lib/gcc/avr/8.5.0/../../../../avr/lib/avr5/crtatmega32u4.o
__vector_29                                       c:/qmk_msys/mingw64/bin/../lib/gcc/avr/8.5.0/../../../../avr/lib/avr5/crtatmega32u4.o
__vector_3                                        c:/qmk_msys/mingw64/bin/../lib/gcc/avr/8.5.0/../../../../avr/lib/avr5/crtatmega32u4.o
__vector_30                                       c:/qmk_msys/mingw64/bin/../lib/gcc/avr/8.5.0/../../../../avr/lib/avr5/crtatmega32u4.o
__vector_31                                       c:/qmk_msys/mingw64/bin/../lib/gcc/avr/8.5.0/../../../../avr/lib/avr5/crtatmega32u4.o
__vector_32                                       c:/qmk_msys/mingw64/bin/../lib/gcc/avr/8.5.0/../../../../avr/lib/avr5/crtatmega32u4.o
__vector_33                                       c:/qmk_msys/mingw64/bin/../lib/gcc/avr/8.5.0/../../../../avr/lib/avr5/crtatmega32u4.o
__vector_34                                       c:/qmk_msys/mingw64/bin/../lib/gcc/avr/8.5.0/../../../../avr/lib/avr5/crtatmega32u4.o
__vector_35                                       c:/qmk_msys/mingw64/bin/../lib/gcc/avr/8.5.0/../../../../avr/lib/avr5/crtatmega32u4.o
__vector_36                                       c:/qmk_msys/mingw64/bin/../lib/gcc/avr/8.5.0/../../../../avr/lib/avr5/crtatmega32u4.o
__vector_37                                       c:/qmk_msys/mingw64/bin/../lib/gcc/avr/8.5.0/../../../../avr/lib/avr5/crtatmega32u4.o
__vector_38                                       c:/qmk_msys/mingw64/bin/../lib/gcc/avr/8.5.0/../../../../avr/lib/avr5/crtatmega32u4.o
__vector_39                                       c:/qmk_msys/mingw64/bin/../lib/gcc/avr/8.5.0/../../../../avr/lib/avr5/crtatmega32u4.o
__vector_4                                        c:/qmk_msys/mingw64/bin/../lib/gcc/avr/8.5.0/../../../../avr/lib/avr5/crtatmega32u4.o
__vector_40                                       c:/qmk_msys/mingw64/bin/../lib/gcc/avr/8.5.0/../../../../avr/lib/avr5/crtatmega32u4.o
__vector_41                                       c:/qmk_msys/mingw64/bin/../lib/gcc/avr/8.5.0/../../../../avr/lib/avr5/crtatmega32u4.o
__vector_42                                       c:/qmk_msys/mingw64/bin/../lib/gcc/avr/8.5.0/../../../../avr/lib/avr5/crtatmega32u4.o
__vector_5                                        c:/qmk_msys/mingw64/bin/../lib/gcc/avr/8.5.0/../../../../avr/lib/avr5/crtatmega32u4.o
__vector_6                                        c:/qmk_msys/mingw64/bin/../lib/gcc/avr/8.5.0/../../../../avr/lib/avr5/crtatmega32u4.o
__vector_7                                        c:/qmk_msys/mingw64/bin/../lib/gcc/avr/8.5.0/../../../../avr/lib/avr5/crtatmega32u4.o
__vector_8                                        c:/qmk_msys/mingw64/bin/../lib/gcc/avr/8.5.0/../../../../avr/lib/avr5/crtatmega32u4.o
__vector_9                                        c:/qmk_msys/mingw64/bin/../lib/gcc/avr/8.5.0/../../../../avr/lib/avr5/crtatmega32u4.o
__vector_default                                  c:/qmk_msys/mingw64/bin/../lib/gcc/avr/8.5.0/../../../../avr/lib/avr5/crtatmega32u4.o
__vectors                                         c:/qmk_msys/mingw64/bin/../lib/gcc/avr/8.5.0/../../../../avr/lib/avr5/crtatmega32u4.o
__xprintf                                         .build/obj_boardwalk_via/platforms/avr/xprintf.o
_div                                              c:/qmk_msys/mingw64/bin/../lib/gcc/avr/8.5.0/avr5\libgcc.a(_divmodhi4.o)
_exit                                             c:/qmk_msys/mingw64/bin/../lib/gcc/avr/8.5.0/avr5\libgcc.a(_exit.o)
action.c.45eedb4c                                 C:\Users\colton\AppData\Local\Temp\ccIgTixedebugobj
                                                  C:\Users\colton\AppData\Local\Temp\ccEktbbr.ltrans0.ltrans.o
action_exec                                       .build/obj_boardwalk_via/quantum/action.o (symbol from plugin)
                                                  .build/obj_boardwalk_via/quantum/keyboard.o (symbol from plugin)
action_for_key                                    .build/obj_boardwalk_via/quantum/keymap_common.o (symbol from plugin)
                                                  .build/obj_boardwalk_via/quantum/action_layer.o (symbol from plugin)
action_for_keycode                                .build/obj_boardwalk_via/quantum/keymap_common.o (symbol from plugin)
action_layer.c.08291006                           C:\Users\colton\AppData\Local\Temp\ccIgTixedebugobj
                                                  C:\Users\colton\AppData\Local\Temp\ccEktbbr.ltrans0.ltrans.o
action_tapping.c.2a795021                         C:\Users\colton\AppData\Local\Temp\ccIgTixedebugobj
                                                  C:\Users\colton\AppData\Local\Temp\ccEktbbr.ltrans0.ltrans.o
action_tapping_process                            .build/obj_boardwalk_via/quantum/action_tapping.o (symbol from plugin)
                                                  .build/obj_boardwalk_via/quantum/action.o (symbol from plugin)
action_util.c.af1ee952                            C:\Users\colton\AppData\Local\Temp\ccIgTixedebugobj
                                                  C:\Users\colton\AppData\Local\Temp\ccEktbbr.ltrans0.ltrans.o