Archive member included to satisfy reference by file (symbol)

.build/obj_keebio_iris_rev7_default/serial.a(serial.o)
                              .build/obj_keebio_iris_rev7_default/quantum/split_common/transport.o (symbol from plugin) (soft_serial_initiator_init)
c:/qmk_msys/mingw64/bin/../lib/gcc/avr/8.5.0/avr5\libgcc.a(_exit.o)
                              c:/qmk_msys/mingw64/bin/../lib/gcc/avr/8.5.0/../../../../avr/lib/avr5/crtatmega32u4.o (exit)
c:/qmk_msys/mingw64/bin/../lib/gcc/avr/8.5.0/avr5\libgcc.a(_prologue.o)
                              .build/obj_keebio_iris_rev7_default/serial.a(serial.o) (__prologue_saves__)
c:/qmk_msys/mingw64/bin/../lib/gcc/avr/8.5.0/avr5\libgcc.a(_epilogue.o)
                              .build/obj_keebio_iris_rev7_default/serial.a(serial.o) (__epilogue_restores__)
c:/qmk_msys/mingw64/bin/../lib/gcc/avr/8.5.0/../../../../avr/lib/avr5\libatmega32u4.a(eerd_block.o)
                              .build/obj_keebio_iris_rev7_default/quantum/rgb_matrix/rgb_matrix.o (symbol from plugin) (eeprom_read_block)
c:/qmk_msys/mingw64/bin/../lib/gcc/avr/8.5.0/../../../../avr/lib/avr5\libatmega32u4.a(eerd_byte.o)
                              .build/obj_keebio_iris_rev7_default/quantum/eeconfig.o (symbol from plugin) (eeprom_read_byte)
c:/qmk_msys/mingw64/bin/../lib/gcc/avr/8.5.0/../../../../avr/lib/avr5\libatmega32u4.a(eerd_dword.o)
                              .build/obj_keebio_iris_rev7_default/quantum/eeconfig.o (symbol from plugin) (eeprom_read_dword)
c:/qmk_msys/mingw64/bin/../lib/gcc/avr/8.5.0/../../../../avr/lib/avr5\libatmega32u4.a(eerd_word.o)
                              .build/obj_keebio_iris_rev7_default/quantum/eeconfig.o (symbol from plugin) (eeprom_read_word)
c:/qmk_msys/mingw64/bin/../lib/gcc/avr/8.5.0/../../../../avr/lib/avr5\libatmega32u4.a(eeupd_block.o)
                              .build/obj_keebio_iris_rev7_default/quantum/rgb_matrix/rgb_matrix.o (symbol from plugin) (eeprom_update_block)
c:/qmk_msys/mingw64/bin/../lib/gcc/avr/8.5.0/../../../../avr/lib/avr5\libatmega32u4.a(eeupd_byte.o)
                              .build/obj_keebio_iris_rev7_default/quantum/eeconfig.o (symbol from plugin) (eeprom_update_byte)
c:/qmk_msys/mingw64/bin/../lib/gcc/avr/8.5.0/../../../../avr/lib/avr5\libatmega32u4.a(eeupd_dword.o)
                              .build/obj_keebio_iris_rev7_default/quantum/eeconfig.o (symbol from plugin) (eeprom_update_dword)
c:/qmk_msys/mingw64/bin/../lib/gcc/avr/8.5.0/../../../../avr/lib/avr5\libatmega32u4.a(eeupd_word.o)
                              .build/obj_keebio_iris_rev7_default/quantum/eeconfig.o (symbol from plugin) (eeprom_update_word)
c:/qmk_msys/mingw64/bin/../lib/gcc/avr/8.5.0/avr5\libgcc.a(_udivmodqi4.o)
                              C:\Users\colton\AppData\Local\Temp\ccuxQ1py.ltrans0.ltrans.o (__udivmodqi4)
c:/qmk_msys/mingw64/bin/../lib/gcc/avr/8.5.0/avr5\libgcc.a(_udivmodhi4.o)
                              C:\Users\colton\AppData\Local\Temp\ccuxQ1py.ltrans0.ltrans.o (__udivmodhi4)
c:/qmk_msys/mingw64/bin/../lib/gcc/avr/8.5.0/avr5\libgcc.a(_divmodhi4.o)
                              C:\Users\colton\AppData\Local\Temp\ccuxQ1py.ltrans0.ltrans.o (__divmodhi4)
c:/qmk_msys/mingw64/bin/../lib/gcc/avr/8.5.0/avr5\libgcc.a(_divmodsi4.o)
                              C:\Users\colton\AppData\Local\Temp\ccuxQ1py.ltrans0.ltrans.o (__divmodsi4)
c:/qmk_msys/mingw64/bin/../lib/gcc/avr/8.5.0/avr5\libgcc.a(_negsi2.o)
                              c:/qmk_msys/mingw64/bin/../lib/gcc/avr/8.5.0/avr5\libgcc.a(_divmodsi4.o) (__negsi2)
c:/qmk_msys/mingw64/bin/../lib/gcc/avr/8.5.0/avr5\libgcc.a(_tablejump2.o)
                              C:\Users\colton\AppData\Local\Temp\ccuxQ1py.ltrans0.ltrans.o (__tablejump2__)
c:/qmk_msys/mingw64/bin/../lib/gcc/avr/8.5.0/avr5\libgcc.a(_copy_data.o)
                              C:\Users\colton\AppData\Local\Temp\ccuxQ1py.ltrans0.ltrans.o (__do_copy_data)
c:/qmk_msys/mingw64/bin/../lib/gcc/avr/8.5.0/avr5\libgcc.a(_clear_bss.o)
                              C:\Users\colton\AppData\Local\Temp\ccuxQ1py.ltrans0.ltrans.o (__do_clear_bss)
c:/qmk_msys/mingw64/bin/../lib/gcc/avr/8.5.0/avr5\libgcc.a(_udivmodsi4.o)
                              c:/qmk_msys/mingw64/bin/../lib/gcc/avr/8.5.0/avr5\libgcc.a(_divmodsi4.o) (__udivmodsi4)
c:/qmk_msys/mingw64/bin/../lib/gcc/avr/8.5.0/../../../../avr/lib/avr5\libc.a(memcmp.o)
                              C:\Users\colton\AppData\Local\Temp\ccuxQ1py.ltrans0.ltrans.o (memcmp)
c:/qmk_msys/mingw64/bin/../lib/gcc/avr/8.5.0/../../../../avr/lib/avr5\libc.a(memcpy.o)
                              C:\Users\colton\AppData\Local\Temp\ccuxQ1py.ltrans0.ltrans.o (memcpy)

Allocating common symbols
Common symbol       size              file

rgb_matrix_config   0x6               .build/obj_keebio_iris_rev7_default/quantum/rgb_matrix/rgb_matrix.o (symbol from plugin)
[...]
Memory Configuration

Name             Origin             Length             Attributes
text             0x0000000000000000 0x0000000000020000 xr
data             0x0000000000800060 0x000000000000ffa0 rw !x
eeprom           0x0000000000810000 0x0000000000010000 rw !x
fuse             0x0000000000820000 0x0000000000000003 rw !x
lock             0x0000000000830000 0x0000000000000400 rw !x
signature        0x0000000000840000 0x0000000000000400 rw !x
user_signatures  0x0000000000850000 0x0000000000000400 rw !x
*default*        0x0000000000000000 0xffffffffffffffff

Linker script and memory map

Address of section .data set to 0x800100
LOAD c:/qmk_msys/mingw64/bin/../lib/gcc/avr/8.5.0/../../../../avr/lib/avr5/crtatmega32u4.o
LOAD .build/obj_keebio_iris_rev7_default/keyboards/keebio/iris/iris.o
LOAD C:\Users\colton\AppData\Local\Temp\ccIgLJbvdebugobj
LOAD C:\Users\colton\AppData\Local\Temp\ccuxQ1py.ltrans0.ltrans.o
LOAD .build/obj_keebio_iris_rev7_default/keyboards/keebio/iris/rev7/rev7.o
LOAD .build/obj_keebio_iris_rev7_default/.build/obj_keebio_iris_rev7/src/default_keyboard.o
LOAD .build/obj_keebio_iris_rev7_default/quantum/keymap_introspection.o
LOAD .build/obj_keebio_iris_rev7_default/quantum/quantum.o
LOAD .build/obj_keebio_iris_rev7_default/quantum/bitwise.o
LOAD .build/obj_keebio_iris_rev7_default/quantum/led.o
LOAD .build/obj_keebio_iris_rev7_default/quantum/action.o
LOAD .build/obj_keebio_iris_rev7_default/quantum/action_layer.o
LOAD .build/obj_keebio_iris_rev7_default/quantum/action_tapping.o
LOAD .build/obj_keebio_iris_rev7_default/quantum/action_util.o
LOAD .build/obj_keebio_iris_rev7_default/quantum/eeconfig.o
LOAD .build/obj_keebio_iris_rev7_default/quantum/keyboard.o
LOAD .build/obj_keebio_iris_rev7_default/quantum/keymap_common.o
LOAD .build/obj_keebio_iris_rev7_default/quantum/keycode_config.o
LOAD .build/obj_keebio_iris_rev7_default/quantum/sync_timer.o
LOAD .build/obj_keebio_iris_rev7_default/quantum/logging/debug.o
LOAD .build/obj_keebio_iris_rev7_default/quantum/logging/sendchar.o
LOAD .build/obj_keebio_iris_rev7_default/quantum/bootmagic/magic.o
LOAD .build/obj_keebio_iris_rev7_default/quantum/matrix_common.o
LOAD .build/obj_keebio_iris_rev7_default/quantum/matrix.o
LOAD .build/obj_keebio_iris_rev7_default/quantum/debounce/sym_defer_g.o
LOAD .build/obj_keebio_iris_rev7_default/quantum/split_common/split_util.o
LOAD .build/obj_keebio_iris_rev7_default/quantum/split_common/transport.o
LOAD .build/obj_keebio_iris_rev7_default/quantum/split_common/transactions.o
LOAD .build/obj_keebio_iris_rev7_default/quantum/main.o
LOAD .build/obj_keebio_iris_rev7_default/quantum/color.o
LOAD .build/obj_keebio_iris_rev7_default/quantum/rgb_matrix/rgb_matrix.o
LOAD .build/obj_keebio_iris_rev7_default/quantum/rgb_matrix/rgb_matrix_drivers.o
LOAD .build/obj_keebio_iris_rev7_default/lib/lib8tion/lib8tion.o
LOAD .build/obj_keebio_iris_rev7_default/quantum/process_keycode/process_rgb.o
LOAD .build/obj_keebio_iris_rev7_default/ws2812.o
LOAD .build/obj_keebio_iris_rev7_default/quantum/led_tables.o
LOAD .build/obj_keebio_iris_rev7_default/crc.o
LOAD .build/obj_keebio_iris_rev7_default/quantum/process_keycode/process_magic.o
LOAD .build/obj_keebio_iris_rev7_default/quantum/send_string/send_string.o
LOAD .build/obj_keebio_iris_rev7_default/quantum/process_keycode/process_caps_word.o
LOAD .build/obj_keebio_iris_rev7_default/quantum/caps_word.o
LOAD .build/obj_keebio_iris_rev7_default/quantum/process_keycode/process_grave_esc.o
LOAD .build/obj_keebio_iris_rev7_default/quantum/process_keycode/process_space_cadet.o
LOAD .build/obj_keebio_iris_rev7_default/i2c_master.a
LOAD .build/obj_keebio_iris_rev7_default/i2c_slave.a
LOAD .build/obj_keebio_iris_rev7_default/serial.a
LOAD .build/obj_keebio_iris_rev7_default/platforms/avr/xprintf.o
LOAD .build/obj_keebio_iris_rev7_default/platforms/avr/printf.o
LOAD .build/obj_keebio_iris_rev7_default/protocol/host.o
LOAD .build/obj_keebio_iris_rev7_default/protocol/report.o
LOAD .build/obj_keebio_iris_rev7_default/protocol/usb_device_state.o
LOAD .build/obj_keebio_iris_rev7_default/protocol/usb_util.o
LOAD .build/obj_keebio_iris_rev7_default/platforms/suspend.o
LOAD .build/obj_keebio_iris_rev7_default/platforms/synchronization_util.o
LOAD .build/obj_keebio_iris_rev7_default/platforms/timer.o
LOAD .build/obj_keebio_iris_rev7_default/platforms/avr/hardware_id.o
LOAD .build/obj_keebio_iris_rev7_default/platforms/avr/platform.o
LOAD .build/obj_keebio_iris_rev7_default/platforms/avr/suspend.o
LOAD .build/obj_keebio_iris_rev7_default/platforms/avr/timer.o
LOAD .build/obj_keebio_iris_rev7_default/platforms/avr/bootloaders/dfu.o
LOAD .build/obj_keebio_iris_rev7_default/lufa.o
LOAD .build/obj_keebio_iris_rev7_default/usb_descriptor.o
LOAD .build/obj_keebio_iris_rev7_default/lib/lufa/LUFA/Drivers/USB/Class/Common/HIDParser.o
LOAD .build/obj_keebio_iris_rev7_default/lib/lufa/LUFA/Drivers/USB/Core/AVR8/Device_AVR8.o
LOAD .build/obj_keebio_iris_rev7_default/lib/lufa/LUFA/Drivers/USB/Core/AVR8/EndpointStream_AVR8.o
LOAD .build/obj_keebio_iris_rev7_default/lib/lufa/LUFA/Drivers/USB/Core/AVR8/Endpoint_AVR8.o
LOAD .build/obj_keebio_iris_rev7_default/lib/lufa/LUFA/Drivers/USB/Core/AVR8/Host_AVR8.o
LOAD .build/obj_keebio_iris_rev7_default/lib/lufa/LUFA/Drivers/USB/Core/AVR8/PipeStream_AVR8.o
LOAD .build/obj_keebio_iris_rev7_default/lib/lufa/LUFA/Drivers/USB/Core/AVR8/Pipe_AVR8.o
LOAD .build/obj_keebio_iris_rev7_default/lib/lufa/LUFA/Drivers/USB/Core/AVR8/USBController_AVR8.o
LOAD .build/obj_keebio_iris_rev7_default/lib/lufa/LUFA/Drivers/USB/Core/AVR8/USBInterrupt_AVR8.o
LOAD .build/obj_keebio_iris_rev7_default/lib/lufa/LUFA/Drivers/USB/Core/ConfigDescriptors.o
LOAD .build/obj_keebio_iris_rev7_default/lib/lufa/LUFA/Drivers/USB/Core/DeviceStandardReq.o
LOAD .build/obj_keebio_iris_rev7_default/lib/lufa/LUFA/Drivers/USB/Core/Events.o
LOAD .build/obj_keebio_iris_rev7_default/lib/lufa/LUFA/Drivers/USB/Core/HostStandardReq.o
LOAD .build/obj_keebio_iris_rev7_default/lib/lufa/LUFA/Drivers/USB/Core/USBTask.o
LOAD .build/obj_keebio_iris_rev7_default/protocol/lufa/usb_util.o
LOAD c:/qmk_msys/mingw64/bin/../lib/gcc/avr/8.5.0/../../../../avr/lib/avr5\libm.a
START GROUP
LOAD c:/qmk_msys/mingw64/bin/../lib/gcc/avr/8.5.0/avr5\libgcc.a
LOAD c:/qmk_msys/mingw64/bin/../lib/gcc/avr/8.5.0/../../../../avr/lib/avr5\libm.a
LOAD c:/qmk_msys/mingw64/bin/../lib/gcc/avr/8.5.0/../../../../avr/lib/avr5\libc.a
LOAD c:/qmk_msys/mingw64/bin/../lib/gcc/avr/8.5.0/../../../../avr/lib/avr5\libatmega32u4.a
END GROUP
                0x0000000000020000                __TEXT_REGION_LENGTH__ = DEFINED (__TEXT_REGION_LENGTH__)?__TEXT_REGION_LENGTH__:0x20000
                0x000000000000ffa0                __DATA_REGION_LENGTH__ = DEFINED (__DATA_REGION_LENGTH__)?__DATA_REGION_LENGTH__:0xffa0
                0x0000000000010000                __EEPROM_REGION_LENGTH__ = DEFINED (__EEPROM_REGION_LENGTH__)?__EEPROM_REGION_LENGTH__:0x10000
                [0x0000000000000003]                __FUSE_REGION_LENGTH__ = DEFINED (__FUSE_REGION_LENGTH__)?__FUSE_REGION_LENGTH__:0x400
                0x0000000000000400                __LOCK_REGION_LENGTH__ = DEFINED (__LOCK_REGION_LENGTH__)?__LOCK_REGION_LENGTH__:0x400
                0x0000000000000400                __SIGNATURE_REGION_LENGTH__ = DEFINED (__SIGNATURE_REGION_LENGTH__)?__SIGNATURE_REGION_LENGTH__:0x400
                0x0000000000000400                __USER_SIGNATURE_REGION_LENGTH__ = DEFINED (__USER_SIGNATURE_REGION_LENGTH__)?__USER_SIGNATURE_REGION_LENGTH__:0x400

.hash
 *(.hash)

.dynsym
 *(.dynsym)

.dynstr
 *(.dynstr)

.gnu.version
 *(.gnu.version)

.gnu.version_d
 *(.gnu.version_d)

.gnu.version_r
 *(.gnu.version_r)

.rel.init
 *(.rel.init)

.rela.init
 *(.rela.init)

.rel.text
 *(.rel.text)
 *(.rel.text.*)
 *(.rel.gnu.linkonce.t*)

.rela.text
 *(.rela.text)
 *(.rela.text.*)
 *(.rela.gnu.linkonce.t*)

.rel.fini
 *(.rel.fini)

.rela.fini
 *(.rela.fini)

.rel.rodata
 *(.rel.rodata)
 *(.rel.rodata.*)
 *(.rel.gnu.linkonce.r*)

.rela.rodata
 *(.rela.rodata)
 *(.rela.rodata.*)
 *(.rela.gnu.linkonce.r*)

.rel.data
 *(.rel.data)
 *(.rel.data.*)
 *(.rel.gnu.linkonce.d*)

.rela.data
 *(.rela.data)
 *(.rela.data.*)
 *(.rela.gnu.linkonce.d*)

.rel.ctors
 *(.rel.ctors)

.rela.ctors
 *(.rela.ctors)

.rel.dtors
 *(.rel.dtors)

.rela.dtors
 *(.rela.dtors)

.rel.got
 *(.rel.got)

.rela.got
 *(.rela.got)

.rel.bss
 *(.rel.bss)

.rela.bss
 *(.rela.bss)

.rel.plt
 *(.rel.plt)

.rela.plt
 *(.rela.plt)

.text           0x0000000000000000     0x60ca
 *(.vectors)
 .vectors       0x0000000000000000       0xac c:/qmk_msys/mingw64/bin/../lib/gcc/avr/8.5.0/../../../../avr/lib/avr5/crtatmega32u4.o
                0x0000000000000000                __vector_default
                0x0000000000000000                __vectors
 *(.vectors)
 *(.progmem.gcc*)
                0x00000000000000ac                . = ALIGN (0x2)
                0x00000000000000ac                __trampolines_start = .
 *(.trampolines)
 .trampolines   0x00000000000000ac        0x0 linker stubs
 *(.trampolines*)
                0x00000000000000ac                __trampolines_end = .
 *libprintf_flt.a:*(.progmem.data)
 *libc.a:*(.progmem.data)
 *(.progmem.*)
 .progmem.data.ConsoleReport
                0x00000000000000ac       0x22 C:\Users\colton\AppData\Local\Temp\ccuxQ1py.ltrans0.ltrans.o
 .progmem.data.SharedReport
                0x00000000000000ce       0x32 C:\Users\colton\AppData\Local\Temp\ccuxQ1py.ltrans0.ltrans.o
 .progmem.data.KeyboardReport
                0x0000000000000100       0x40 C:\Users\colton\AppData\Local\Temp\ccuxQ1py.ltrans0.ltrans.o
 .progmem.data.__c.6064
                0x0000000000000140       0x37 C:\Users\colton\AppData\Local\Temp\ccuxQ1py.ltrans0.ltrans.o
 .progmem.data.__c.4884
                0x0000000000000177       0x12 C:\Users\colton\AppData\Local\Temp\ccuxQ1py.ltrans0.ltrans.o
 .progmem.data.__c.4882
                0x0000000000000189       0x11 C:\Users\colton\AppData\Local\Temp\ccuxQ1py.ltrans0.ltrans.o
 .progmem.data.__c.3989
                0x000000000000019a       0x15 C:\Users\colton\AppData\Local\Temp\ccuxQ1py.ltrans0.ltrans.o
 .progmem.data.__c.3421
                0x00000000000001af        0x2 C:\Users\colton\AppData\Local\Temp\ccuxQ1py.ltrans0.ltrans.o
 .progmem.data.__c.3416
                0x00000000000001b1        0x6 C:\Users\colton\AppData\Local\Temp\ccuxQ1py.ltrans0.ltrans.o
 .progmem.data.__c.3413
                0x00000000000001b7       0x12 C:\Users\colton\AppData\Local\Temp\ccuxQ1py.ltrans0.ltrans.o
 .progmem.data.keymaps
                0x00000000000001c9      0x1e0 C:\Users\colton\AppData\Local\Temp\ccuxQ1py.ltrans0.ltrans.o
 .progmem.data.__c.4887
                0x00000000000003a9       0x13 C:\Users\colton\AppData\Local\Temp\ccuxQ1py.ltrans0.ltrans.o
 .progmem.data.__c.4885
                0x00000000000003bc       0x36 C:\Users\colton\AppData\Local\Temp\ccuxQ1py.ltrans0.ltrans.o
 .progmem.data.__c.5048
                0x00000000000003f2       0x16 C:\Users\colton\AppData\Local\Temp\ccuxQ1py.ltrans0.ltrans.o
 .progmem.data.__c.5891
                0x0000000000000408       0x1e C:\Users\colton\AppData\Local\Temp\ccuxQ1py.ltrans0.ltrans.o
 .progmem.data.__c.5889
                0x0000000000000426       0x1e C:\Users\colton\AppData\Local\Temp\ccuxQ1py.ltrans0.ltrans.o
 .progmem.data.__c.5887
                0x0000000000000444       0x1e C:\Users\colton\AppData\Local\Temp\ccuxQ1py.ltrans0.ltrans.o
 .progmem.data.__c.5885
                0x0000000000000462       0x1e C:\Users\colton\AppData\Local\Temp\ccuxQ1py.ltrans0.ltrans.o
 .progmem.data.__c.5883
                0x0000000000000480       0x1e C:\Users\colton\AppData\Local\Temp\ccuxQ1py.ltrans0.ltrans.o
 .progmem.data.__c.5881
                0x000000000000049e       0x1d C:\Users\colton\AppData\Local\Temp\ccuxQ1py.ltrans0.ltrans.o
 .progmem.data.__c.5879
                0x00000000000004bb       0x1f C:\Users\colton\AppData\Local\Temp\ccuxQ1py.ltrans0.ltrans.o
 .progmem.data.__c.5877
                0x00000000000004da       0x1a C:\Users\colton\AppData\Local\Temp\ccuxQ1py.ltrans0.ltrans.o
 .progmem.data.__c.6053
                0x00000000000004f4       0x55 C:\Users\colton\AppData\Local\Temp\ccuxQ1py.ltrans0.ltrans.o
 .progmem.data.__c.6051
                0x0000000000000549       0x32 C:\Users\colton\AppData\Local\Temp\ccuxQ1py.ltrans0.ltrans.o
 .progmem.data.__c.7524
                0x000000000000057b        0x4 C:\Users\colton\AppData\Local\Temp\ccuxQ1py.ltrans0.ltrans.o
 .progmem.data.__c.5058
                0x000000000000057f        0x2 C:\Users\colton\AppData\Local\Temp\ccuxQ1py.ltrans0.ltrans.o
 .progmem.data.__c.5056
                0x0000000000000581        0x5 C:\Users\colton\AppData\Local\Temp\ccuxQ1py.ltrans0.ltrans.o
 .progmem.data.__c.5054
                0x0000000000000586        0x3 C:\Users\colton\AppData\Local\Temp\ccuxQ1py.ltrans0.ltrans.o
 .progmem.data.__c.5052
                0x0000000000000589        0x5 C:\Users\colton\AppData\Local\Temp\ccuxQ1py.ltrans0.ltrans.o
 .progmem.data.__c.5049
                0x000000000000058e        0xf C:\Users\colton\AppData\Local\Temp\ccuxQ1py.ltrans0.ltrans.o
 .progmem.data.__c.3386
                0x000000000000059d        0x2 C:\Users\colton\AppData\Local\Temp\ccuxQ1py.ltrans0.ltrans.o
 .progmem.data.__c.3384
                0x000000000000059f        0x5 C:\Users\colton\AppData\Local\Temp\ccuxQ1py.ltrans0.ltrans.o
 .progmem.data.__c.3382
                0x00000000000005a4        0xb C:\Users\colton\AppData\Local\Temp\ccuxQ1py.ltrans0.ltrans.o
 .progmem.data.CIE1931_CURVE
                0x00000000000005af      0x100 C:\Users\colton\AppData\Local\Temp\ccuxQ1py.ltrans0.ltrans.o
 .progmem.data.__c.5871
                0x00000000000006af       0x24 C:\Users\colton\AppData\Local\Temp\ccuxQ1py.ltrans0.ltrans.o
 .progmem.data.__c.7402
                0x00000000000006d3        0x4 C:\Users\colton\AppData\Local\Temp\ccuxQ1py.ltrans0.ltrans.o
 .progmem.data.__c.7407
                0x00000000000006d7        0x4 C:\Users\colton\AppData\Local\Temp\ccuxQ1py.ltrans0.ltrans.o
 .progmem.data.__c.7417
                0x00000000000006db        0x4 C:\Users\colton\AppData\Local\Temp\ccuxQ1py.ltrans0.ltrans.o
 .progmem.data.__c.7422
                0x00000000000006df        0x4 C:\Users\colton\AppData\Local\Temp\ccuxQ1py.ltrans0.ltrans.o
 .progmem.data.__c.7412
                0x00000000000006e3        0x4 C:\Users\colton\AppData\Local\Temp\ccuxQ1py.ltrans0.ltrans.o
 .progmem.data.ConfigurationDescriptor
                0x00000000000006e7       0x5b C:\Users\colton\AppData\Local\Temp\ccuxQ1py.ltrans0.ltrans.o
 .progmem.data.DeviceDescriptor
                0x0000000000000742       0x12 C:\Users\colton\AppData\Local\Temp\ccuxQ1py.ltrans0.ltrans.o
 .progmem.data.ProductString
                0x0000000000000754       0x1a C:\Users\colton\AppData\Local\Temp\ccuxQ1py.ltrans0.ltrans.o
 .progmem.data.ManufacturerString
                0x000000000000076e       0x10 C:\Users\colton\AppData\Local\Temp\ccuxQ1py.ltrans0.ltrans.o
 .progmem.data.LanguageString
                0x000000000000077e        0x4 C:\Users\colton\AppData\Local\Temp\ccuxQ1py.ltrans0.ltrans.o
 .progmem.data.__c.6210
                0x0000000000000782       0x1f C:\Users\colton\AppData\Local\Temp\ccuxQ1py.ltrans0.ltrans.o
 .progmem.data.__c.6128
                0x00000000000007a1       0x23 C:\Users\colton\AppData\Local\Temp\ccuxQ1py.ltrans0.ltrans.o
 .progmem.data.__c.6091
                0x00000000000007c4       0x1a C:\Users\colton\AppData\Local\Temp\ccuxQ1py.ltrans0.ltrans.o
                0x00000000000007de                . = ALIGN (0x2)
 *(.lowtext)
 *(.lowtext*)
                0x00000000000007de                __ctors_start = .
 *(.ctors)
                0x00000000000007de                __ctors_end = .
                0x00000000000007de                __dtors_start = .
 *(.dtors)
                0x00000000000007de                __dtors_end = .
 SORT_BY_NAME(*)(.ctors)
 SORT_BY_NAME(*)(.dtors)
 *(.init0)
 .init0         0x00000000000007de        0x0 c:/qmk_msys/mingw64/bin/../lib/gcc/avr/8.5.0/../../../../avr/lib/avr5/crtatmega32u4.o
                0x00000000000007de                __init
 *(.init0)
 *(.init1)
 *(.init1)
 *(.init2)
 .init2         0x00000000000007de        0xc c:/qmk_msys/mingw64/bin/../lib/gcc/avr/8.5.0/../../../../avr/lib/avr5/crtatmega32u4.o
 *(.init2)
 *(.init3)
 .init3         0x00000000000007ea       0x36 C:\Users\colton\AppData\Local\Temp\ccuxQ1py.ltrans0.ltrans.o
                0x00000000000007ea                bootloader_jump_after_watchdog_reset
 *(.init3)
 *(.init4)
 .init4         0x0000000000000820       0x16 c:/qmk_msys/mingw64/bin/../lib/gcc/avr/8.5.0/avr5\libgcc.a(_copy_data.o)
                0x0000000000000820                __do_copy_data
 .init4         0x0000000000000836       0x10 c:/qmk_msys/mingw64/bin/../lib/gcc/avr/8.5.0/avr5\libgcc.a(_clear_bss.o)
                0x0000000000000836                __do_clear_bss
 *(.init4)
 *(.init5)
 *(.init5)
 *(.init6)
 *(.init6)
 *(.init7)
 *(.init7)
 *(.init8)
 *(.init8)
 *(.init9)
 .init9         0x0000000000000846        0x8 c:/qmk_msys/mingw64/bin/../lib/gcc/avr/8.5.0/../../../../avr/lib/avr5/crtatmega32u4.o
 *(.init9)
 *(.text)
 .text          0x000000000000084e        0x4 c:/qmk_msys/mingw64/bin/../lib/gcc/avr/8.5.0/../../../../avr/lib/avr5/crtatmega32u4.o
                0x000000000000084e                __vector_38
                0x000000000000084e                __vector_22
                0x000000000000084e                __vector_28
                0x000000000000084e                __vector_32
                0x000000000000084e                __vector_34
                0x000000000000084e                __vector_24
                0x000000000000084e                __bad_interrupt
                0x000000000000084e                __vector_6
                0x000000000000084e                __vector_31
                0x000000000000084e                __vector_35
                0x000000000000084e                __vector_39
                0x000000000000084e                __vector_3
                0x000000000000084e                __vector_23
                0x000000000000084e                __vector_30
                0x000000000000084e                __vector_25
                0x000000000000084e                __vector_13
                0x000000000000084e                __vector_17
                0x000000000000084e                __vector_19
                0x000000000000084e                __vector_7
                0x000000000000084e                __vector_41
                0x000000000000084e                __vector_27
                0x000000000000084e                __vector_5
                0x000000000000084e                __vector_33
                0x000000000000084e                __vector_37
                0x000000000000084e                __vector_4
                0x000000000000084e                __vector_9
                0x000000000000084e                __vector_2
                0x000000000000084e                __vector_15
                0x000000000000084e                __vector_36
                0x000000000000084e                __vector_29
                0x000000000000084e                __vector_40
                0x000000000000084e                __vector_8
                0x000000000000084e                __vector_26
                0x000000000000084e                __vector_14
                0x000000000000084e                __vector_16
                0x000000000000084e                __vector_18
                0x000000000000084e                __vector_20
                0x000000000000084e                __vector_42
 .text          0x0000000000000852      0x15c .build/obj_keebio_iris_rev7_default/platforms/avr/xprintf.o
                0x0000000000000852                xputc
                0x000000000000086a                xputs
                0x0000000000000878                xitoa
                0x000000000000099c                __xprintf
                0x00000000000009ae                . = ALIGN (0x2)
 *(.text.*)
 .text.get_tapping_term.constprop.94
                0x00000000000009ae       0x40 C:\Users\colton\AppData\Local\Temp\ccuxQ1py.ltrans0.ltrans.o
 .text.crc8.constprop.26
                0x00000000000009ee       0x2e C:\Users\colton\AppData\Local\Temp\ccuxQ1py.ltrans0.ltrans.o
 .text.USB_Disable
                0x0000000000000a1c       0x3e C:\Users\colton\AppData\Local\Temp\ccuxQ1py.ltrans0.ltrans.o
 .text.Endpoint_WaitUntilReady
                0x0000000000000a5a       0x62 C:\Users\colton\AppData\Local\Temp\ccuxQ1py.ltrans0.ltrans.o
 .text.Endpoint_ClearStatusStage
                0x0000000000000abc       0x3e C:\Users\colton\AppData\Local\Temp\ccuxQ1py.ltrans0.ltrans.o
 .text.Endpoint_ConfigureEndpoint_Prv
                0x0000000000000afa       0x64 C:\Users\colton\AppData\Local\Temp\ccuxQ1py.ltrans0.ltrans.o
 .text.USB_Init
                0x0000000000000b5e       0xb6 C:\Users\colton\AppData\Local\Temp\ccuxQ1py.ltrans0.ltrans.o
 .text.Endpoint_Write_Control_Stream_LE
                0x0000000000000c14       0xbc C:\Users\colton\AppData\Local\Temp\ccuxQ1py.ltrans0.ltrans.o
 .text.send_mouse
                0x0000000000000cd0        0x2 C:\Users\colton\AppData\Local\Temp\ccuxQ1py.ltrans0.ltrans.o
 .text.keyboard_leds
                0x0000000000000cd2        0x6 C:\Users\colton\AppData\Local\Temp\ccuxQ1py.ltrans0.ltrans.o
 .text.timer_elapsed
                0x0000000000000cd8       0x1e C:\Users\colton\AppData\Local\Temp\ccuxQ1py.ltrans0.ltrans.o
 .text.timer_read32
                0x0000000000000cf6       0x18 C:\Users\colton\AppData\Local\Temp\ccuxQ1py.ltrans0.ltrans.o
 .text.timer_read
                0x0000000000000d0e       0x18 C:\Users\colton\AppData\Local\Temp\ccuxQ1py.ltrans0.ltrans.o
 .text.add_key_byte
                0x0000000000000d26       0x34 C:\Users\colton\AppData\Local\Temp\ccuxQ1py.ltrans0.ltrans.o
 .text.host_consumer_send
                0x0000000000000d5a       0x4a C:\Users\colton\AppData\Local\Temp\ccuxQ1py.ltrans0.ltrans.o
 .text.host_system_send
                0x0000000000000da4       0x4a C:\Users\colton\AppData\Local\Temp\ccuxQ1py.ltrans0.ltrans.o
 .text.handleKeycodeRGB
                0x0000000000000dee        0xc C:\Users\colton\AppData\Local\Temp\ccuxQ1py.ltrans0.ltrans.o
 .text.rgb_task_flush
                0x0000000000000dfa       0x1a C:\Users\colton\AppData\Local\Temp\ccuxQ1py.ltrans0.ltrans.o
 .text.SPLASH_math
                0x0000000000000e14       0x30 C:\Users\colton\AppData\Local\Temp\ccuxQ1py.ltrans0.ltrans.o
 .text.SOLID_REACTIVE_NEXUS_math
                0x0000000000000e44       0x64 C:\Users\colton\AppData\Local\Temp\ccuxQ1py.ltrans0.ltrans.o
 .text.SOLID_REACTIVE_CROSS_math
                0x0000000000000ea8       0x76 C:\Users\colton\AppData\Local\Temp\ccuxQ1py.ltrans0.ltrans.o
 .text.SOLID_REACTIVE_WIDE_math
                0x0000000000000f1e       0x32 C:\Users\colton\AppData\Local\Temp\ccuxQ1py.ltrans0.ltrans.o
 .text.SOLID_REACTIVE_math
                0x0000000000000f50        0xc C:\Users\colton\AppData\Local\Temp\ccuxQ1py.ltrans0.ltrans.o
 .text.SOLID_REACTIVE_SIMPLE_math
                0x0000000000000f5c        0xe C:\Users\colton\AppData\Local\Temp\ccuxQ1py.ltrans0.ltrans.o
 .text.RAINBOW_PINWHEELS_math
                0x0000000000000f6a       0x6e C:\Users\colton\AppData\Local\Temp\ccuxQ1py.ltrans0.ltrans.o
 .text.RAINBOW_BEACON_math
                0x0000000000000fd8       0x5c C:\Users\colton\AppData\Local\Temp\ccuxQ1py.ltrans0.ltrans.o
 .text.DUAL_BEACON_math
                0x0000000000001034       0x5a C:\Users\colton\AppData\Local\Temp\ccuxQ1py.ltrans0.ltrans.o
 .text.CYCLE_OUT_IN_math
                0x000000000000108e       0x1c C:\Users\colton\AppData\Local\Temp\ccuxQ1py.ltrans0.ltrans.o
 .text.RAINBOW_MOVING_CHEVRON_math
                0x00000000000010aa       0x32 C:\Users\colton\AppData\Local\Temp\ccuxQ1py.ltrans0.ltrans.o
 .text.CYCLE_UP_DOWN_math
                0x00000000000010dc       0x12 C:\Users\colton\AppData\Local\Temp\ccuxQ1py.ltrans0.ltrans.o
 .text.CYCLE_LEFT_RIGHT_math
                0x00000000000010ee       0x12 C:\Users\colton\AppData\Local\Temp\ccuxQ1py.ltrans0.ltrans.o
 .text.CYCLE_ALL_math
                0x0000000000001100        0x4 C:\Users\colton\AppData\Local\Temp\ccuxQ1py.ltrans0.ltrans.o
 .text.BAND_VAL_math
                0x0000000000001104       0x54 C:\Users\colton\AppData\Local\Temp\ccuxQ1py.ltrans0.ltrans.o
 .text.BAND_SAT_math
                0x0000000000001158       0x52 C:\Users\colton\AppData\Local\Temp\ccuxQ1py.ltrans0.ltrans.o
 .text.rgb_matrix_set_color
                0x00000000000011aa        0x6 C:\Users\colton\AppData\Local\Temp\ccuxQ1py.ltrans0.ltrans.o
 .text.rgb_matrix_set_color_all
                0x00000000000011b0       0x32 C:\Users\colton\AppData\Local\Temp\ccuxQ1py.ltrans0.ltrans.o
 .text.atan2_8  0x00000000000011e2       0x66 C:\Users\colton\AppData\Local\Temp\ccuxQ1py.ltrans0.ltrans.o
 .text.CYCLE_SPIRAL_math
                0x0000000000001248       0x28 C:\Users\colton\AppData\Local\Temp\ccuxQ1py.ltrans0.ltrans.o
 .text.CYCLE_PINWHEEL_math
                0x0000000000001270       0x22 C:\Users\colton\AppData\Local\Temp\ccuxQ1py.ltrans0.ltrans.o
 .text.BAND_SPIRAL_VAL_math
                0x0000000000001292       0x38 C:\Users\colton\AppData\Local\Temp\ccuxQ1py.ltrans0.ltrans.o
 .text.BAND_SPIRAL_SAT_math
                0x00000000000012ca       0x36 C:\Users\colton\AppData\Local\Temp\ccuxQ1py.ltrans0.ltrans.o
 .text.BAND_PINWHEEL_VAL_math
                0x0000000000001300       0x3e C:\Users\colton\AppData\Local\Temp\ccuxQ1py.ltrans0.ltrans.o
 .text.BAND_PINWHEEL_SAT_math
                0x000000000000133e       0x3c C:\Users\colton\AppData\Local\Temp\ccuxQ1py.ltrans0.ltrans.o
 .text.sin8_avr
                0x000000000000137a       0x3e C:\Users\colton\AppData\Local\Temp\ccuxQ1py.ltrans0.ltrans.o
 .text.sqrt16   0x00000000000013b8       0x60 C:\Users\colton\AppData\Local\Temp\ccuxQ1py.ltrans0.ltrans.o
 .text.CYCLE_OUT_IN_DUAL_math
                0x0000000000001418       0x50 C:\Users\colton\AppData\Local\Temp\ccuxQ1py.ltrans0.ltrans.o
 .text.scale16by8
                0x0000000000001468       0x14 C:\Users\colton\AppData\Local\Temp\ccuxQ1py.ltrans0.ltrans.o
 .text.hsv_to_rgb
                0x000000000000147c      0x128 C:\Users\colton\AppData\Local\Temp\ccuxQ1py.ltrans0.ltrans.o
 .text.is_keyboard_left
                0x00000000000015a4        0xa C:\Users\colton\AppData\Local\Temp\ccuxQ1py.ltrans0.ltrans.o
 .text.setled   0x00000000000015ae       0x48 C:\Users\colton\AppData\Local\Temp\ccuxQ1py.ltrans0.ltrans.o
 .text.rgb_matrix_check_finished_leds
                0x00000000000015f6       0x20 C:\Users\colton\AppData\Local\Temp\ccuxQ1py.ltrans0.ltrans.o
 .text.effect_runner_reactive_splash.constprop.78
                0x0000000000001616      0x166 C:\Users\colton\AppData\Local\Temp\ccuxQ1py.ltrans0.ltrans.o
 .text.effect_runner_reactive.constprop.69
                0x000000000000177c       0xf6 C:\Users\colton\AppData\Local\Temp\ccuxQ1py.ltrans0.ltrans.o
 .text.effect_runner_sin_cos_i.constprop.66
                0x0000000000001872       0xc2 C:\Users\colton\AppData\Local\Temp\ccuxQ1py.ltrans0.ltrans.o
 .text.effect_runner_dx_dy_dist.constprop.62
                0x0000000000001934       0xf0 C:\Users\colton\AppData\Local\Temp\ccuxQ1py.ltrans0.ltrans.o
 .text.effect_runner_dx_dy.constprop.60
                0x0000000000001a24       0xc2 C:\Users\colton\AppData\Local\Temp\ccuxQ1py.ltrans0.ltrans.o
 .text.effect_runner_i.constprop.56
                0x0000000000001ae6       0xac C:\Users\colton\AppData\Local\Temp\ccuxQ1py.ltrans0.ltrans.o
 .text.rgb_task_render
                0x0000000000001b92      0x480 C:\Users\colton\AppData\Local\Temp\ccuxQ1py.ltrans0.ltrans.o
 .text.setPinInputHigh_atomic
                0x0000000000002012       0x2e C:\Users\colton\AppData\Local\Temp\ccuxQ1py.ltrans0.ltrans.o
 .text.mod_config
                0x0000000000002040       0x86 C:\Users\colton\AppData\Local\Temp\ccuxQ1py.ltrans0.ltrans.o
 .text.keycode_config
                0x00000000000020c6      0x144 C:\Users\colton\AppData\Local\Temp\ccuxQ1py.ltrans0.ltrans.o
 .text.keymap_key_to_keycode
                0x000000000000220a       0x3e C:\Users\colton\AppData\Local\Temp\ccuxQ1py.ltrans0.ltrans.o
 .text.action_for_keycode
                0x0000000000002248      0x23c C:\Users\colton\AppData\Local\Temp\ccuxQ1py.ltrans0.ltrans.o
 .text.clear_oneshot_mods
                0x0000000000002484        0xc C:\Users\colton\AppData\Local\Temp\ccuxQ1py.ltrans0.ltrans.o
 .text.del_mods
                0x0000000000002490        0xe C:\Users\colton\AppData\Local\Temp\ccuxQ1py.ltrans0.ltrans.o
 .text.waiting_buffer_typed.isra.2
                0x000000000000249e       0x40 C:\Users\colton\AppData\Local\Temp\ccuxQ1py.ltrans0.ltrans.o
 .text.IS_EVENT.isra.1
                0x00000000000024de       0x18 C:\Users\colton\AppData\Local\Temp\ccuxQ1py.ltrans0.ltrans.o
 .text.debug_waiting_buffer
                0x00000000000024f6       0x14 C:\Users\colton\AppData\Local\Temp\ccuxQ1py.ltrans0.ltrans.o
 .text.layer_switch_get_layer
                0x000000000000250a       0x68 C:\Users\colton\AppData\Local\Temp\ccuxQ1py.ltrans0.ltrans.o
 .text.layer_switch_get_action
                0x0000000000002572       0x1a C:\Users\colton\AppData\Local\Temp\ccuxQ1py.ltrans0.ltrans.o
 .text.read_source_layers_cache
                0x000000000000258c       0x66 C:\Users\colton\AppData\Local\Temp\ccuxQ1py.ltrans0.ltrans.o
 .text.update_source_layers_cache
                0x00000000000025f2       0x6c C:\Users\colton\AppData\Local\Temp\ccuxQ1py.ltrans0.ltrans.o
 .text.layer_state_set
                0x000000000000265e        0xa C:\Users\colton\AppData\Local\Temp\ccuxQ1py.ltrans0.ltrans.o
 .text.update_tri_layer.constprop.92
                0x0000000000002668       0x20 C:\Users\colton\AppData\Local\Temp\ccuxQ1py.ltrans0.ltrans.o
 .text.layer_off
                0x0000000000002688       0x24 C:\Users\colton\AppData\Local\Temp\ccuxQ1py.ltrans0.ltrans.o
 .text.clear_oneshot_layer_state
                0x00000000000026ac       0x38 C:\Users\colton\AppData\Local\Temp\ccuxQ1py.ltrans0.ltrans.o
 .text.layer_on
                0x00000000000026e4       0x20 C:\Users\colton\AppData\Local\Temp\ccuxQ1py.ltrans0.ltrans.o
 .text.default_layer_state_set
                0x0000000000002704        0xa C:\Users\colton\AppData\Local\Temp\ccuxQ1py.ltrans0.ltrans.o
 .text.is_tap_record
                0x000000000000270e       0x54 C:\Users\colton\AppData\Local\Temp\ccuxQ1py.ltrans0.ltrans.o
 .text.bitrev   0x0000000000002762       0x30 C:\Users\colton\AppData\Local\Temp\ccuxQ1py.ltrans0.ltrans.o
 .text.get_record_keycode
                0x0000000000002792       0x56 C:\Users\colton\AppData\Local\Temp\ccuxQ1py.ltrans0.ltrans.o
 .text.rgb_matrix_mode_eeprom_helper.constprop.83
                0x00000000000027e8       0x66 C:\Users\colton\AppData\Local\Temp\ccuxQ1py.ltrans0.ltrans.o
 .text.rgb_matrix_step_reverse
                0x000000000000284e       0x14 C:\Users\colton\AppData\Local\Temp\ccuxQ1py.ltrans0.ltrans.o
 .text.rgb_matrix_step
                0x0000000000002862       0x16 C:\Users\colton\AppData\Local\Temp\ccuxQ1py.ltrans0.ltrans.o
 .text.rgb_matrix_sethsv_eeprom_helper.constprop.13
                0x0000000000002878       0x60 C:\Users\colton\AppData\Local\Temp\ccuxQ1py.ltrans0.ltrans.o
 .text.rgb_matrix_decrease_val
                0x00000000000028d8       0x1a C:\Users\colton\AppData\Local\Temp\ccuxQ1py.ltrans0.ltrans.o
 .text.rgb_matrix_increase_val
                0x00000000000028f2       0x1a C:\Users\colton\AppData\Local\Temp\ccuxQ1py.ltrans0.ltrans.o
 .text.rgb_matrix_decrease_sat
                0x000000000000290c       0x1a C:\Users\colton\AppData\Local\Temp\ccuxQ1py.ltrans0.ltrans.o
 .text.rgb_matrix_increase_sat
                0x0000000000002926       0x1a C:\Users\colton\AppData\Local\Temp\ccuxQ1py.ltrans0.ltrans.o
 .text.rgb_matrix_decrease_hue
                0x0000000000002940       0x14 C:\Users\colton\AppData\Local\Temp\ccuxQ1py.ltrans0.ltrans.o
 .text.rgb_matrix_increase_hue
                0x0000000000002954       0x14 C:\Users\colton\AppData\Local\Temp\ccuxQ1py.ltrans0.ltrans.o
 .text.rgb_matrix_set_speed_eeprom_helper.constprop.6
                0x0000000000002968       0x3c C:\Users\colton\AppData\Local\Temp\ccuxQ1py.ltrans0.ltrans.o
 .text.rgb_matrix_decrease_speed
                0x00000000000029a4       0x16 C:\Users\colton\AppData\Local\Temp\ccuxQ1py.ltrans0.ltrans.o
 .text.rgb_matrix_increase_speed
                0x00000000000029ba       0x16 C:\Users\colton\AppData\Local\Temp\ccuxQ1py.ltrans0.ltrans.o
 .text.sendchar
                0x00000000000029d0       0xc4 C:\Users\colton\AppData\Local\Temp\ccuxQ1py.ltrans0.ltrans.o
 .text.send_report
                0x0000000000002a94       0x76 C:\Users\colton\AppData\Local\Temp\ccuxQ1py.ltrans0.ltrans.o
 .text.send_extra
                0x0000000000002b0a        0xe C:\Users\colton\AppData\Local\Temp\ccuxQ1py.ltrans0.ltrans.o
 .text.send_keyboard
                0x0000000000002b18       0x28 C:\Users\colton\AppData\Local\Temp\ccuxQ1py.ltrans0.ltrans.o
 .text.flush    0x0000000000002b40       0x4e C:\Users\colton\AppData\Local\Temp\ccuxQ1py.ltrans0.ltrans.o
 .text.transaction_handler_master
                0x0000000000002b8e       0x8e C:\Users\colton\AppData\Local\Temp\ccuxQ1py.ltrans0.ltrans.o
 .text.is_keyboard_master
                0x0000000000002c1c       0x46 C:\Users\colton\AppData\Local\Temp\ccuxQ1py.ltrans0.ltrans.o
 .text.host_keyboard_leds
                0x0000000000002c62       0x22 C:\Users\colton\AppData\Local\Temp\ccuxQ1py.ltrans0.ltrans.o
 .text.sync_timer_read32
                0x0000000000002c84       0x34 C:\Users\colton\AppData\Local\Temp\ccuxQ1py.ltrans0.ltrans.o
 .text.sync_timer_elapsed32
                0x0000000000002cb8       0x42 C:\Users\colton\AppData\Local\Temp\ccuxQ1py.ltrans0.ltrans.o
 .text.rgb_matrix_task
                0x0000000000002cfa      0x15e C:\Users\colton\AppData\Local\Temp\ccuxQ1py.ltrans0.ltrans.o
 .text.eeconfig_update_rgb_matrix_default
                0x0000000000002e58       0x58 C:\Users\colton\AppData\Local\Temp\ccuxQ1py.ltrans0.ltrans.o
 .text.matrix_scan
                0x0000000000002eb0      0x348 C:\Users\colton\AppData\Local\Temp\ccuxQ1py.ltrans0.ltrans.o
 .text.send_keyboard_report
                0x00000000000031f8       0xe4 C:\Users\colton\AppData\Local\Temp\ccuxQ1py.ltrans0.ltrans.o
 .text.caps_word_off
                0x00000000000032dc       0x1c C:\Users\colton\AppData\Local\Temp\ccuxQ1py.ltrans0.ltrans.o
 .text.clear_keyboard
                0x00000000000032f8       0x2c C:\Users\colton\AppData\Local\Temp\ccuxQ1py.ltrans0.ltrans.o
 .text.USB_Device_ProcessControlRequest
                0x0000000000003324      0x56e C:\Users\colton\AppData\Local\Temp\ccuxQ1py.ltrans0.ltrans.o
 .text.soft_reset_keyboard
                0x0000000000003892       0x2c C:\Users\colton\AppData\Local\Temp\ccuxQ1py.ltrans0.ltrans.o
 .text.unregister_mods
                0x00000000000038be        0xe C:\Users\colton\AppData\Local\Temp\ccuxQ1py.ltrans0.ltrans.o
 .text.register_mods
                0x00000000000038cc       0x14 C:\Users\colton\AppData\Local\Temp\ccuxQ1py.ltrans0.ltrans.o
 .text.unregister_code
                0x00000000000038e0       0x6a C:\Users\colton\AppData\Local\Temp\ccuxQ1py.ltrans0.ltrans.o
 .text.register_code
                0x000000000000394a       0xa6 C:\Users\colton\AppData\Local\Temp\ccuxQ1py.ltrans0.ltrans.o
 .text.perform_space_cadet
                0x00000000000039f0       0xce C:\Users\colton\AppData\Local\Temp\ccuxQ1py.ltrans0.ltrans.o
 .text.sync_timer_handlers_master
                0x0000000000003abe       0xac C:\Users\colton\AppData\Local\Temp\ccuxQ1py.ltrans0.ltrans.o
 .text.rgb_matrix_handlers_master
                0x0000000000003b6a       0xc4 C:\Users\colton\AppData\Local\Temp\ccuxQ1py.ltrans0.ltrans.o
 .text.slave_matrix_handlers_master
                0x0000000000003c2e      0x13e C:\Users\colton\AppData\Local\Temp\ccuxQ1py.ltrans0.ltrans.o
 .text.oneshot_set
                0x0000000000003d6c       0x54 C:\Users\colton\AppData\Local\Temp\ccuxQ1py.ltrans0.ltrans.o
 .text.eeconfig_init_quantum
                0x0000000000003dc0       0xbe C:\Users\colton\AppData\Local\Temp\ccuxQ1py.ltrans0.ltrans.o
 .text.process_record
                0x0000000000003e7e      0xb06 C:\Users\colton\AppData\Local\Temp\ccuxQ1py.ltrans0.ltrans.o
 .text.waiting_buffer_scan_tap
                0x0000000000004984       0xc6 C:\Users\colton\AppData\Local\Temp\ccuxQ1py.ltrans0.ltrans.o
 .text.process_tapping
                0x0000000000004a4a      0x380 C:\Users\colton\AppData\Local\Temp\ccuxQ1py.ltrans0.ltrans.o
 .text.action_exec
                0x0000000000004dca      0x108 C:\Users\colton\AppData\Local\Temp\ccuxQ1py.ltrans0.ltrans.o
 .text.generate_tick_event
                0x0000000000004ed2       0x50 C:\Users\colton\AppData\Local\Temp\ccuxQ1py.ltrans0.ltrans.o
 .text.__vector_11
                0x0000000000004f22       0x88 C:\Users\colton\AppData\Local\Temp\ccuxQ1py.ltrans0.ltrans.o
                0x0000000000004f22                __vector_11
 .text.__vector_10
                0x0000000000004faa      0x25e C:\Users\colton\AppData\Local\Temp\ccuxQ1py.ltrans0.ltrans.o
                0x0000000000004faa                __vector_10
 .text.__vector_21
                0x0000000000005208       0x48 C:\Users\colton\AppData\Local\Temp\ccuxQ1py.ltrans0.ltrans.o
                0x0000000000005208                __vector_21
 .text.__vector_12
                0x0000000000005250       0x4e C:\Users\colton\AppData\Local\Temp\ccuxQ1py.ltrans0.ltrans.o
                0x0000000000005250                __vector_12
 .text.startup.main
                0x000000000000529e      0x796 C:\Users\colton\AppData\Local\Temp\ccuxQ1py.ltrans0.ltrans.o
                0x000000000000529e                main
 .text.sync_recv
                0x0000000000005a34       0x10 .build/obj_keebio_iris_rev7_default/serial.a(serial.o)
 .text.sync_send
                0x0000000000005a44        0xc .build/obj_keebio_iris_rev7_default/serial.a(serial.o)
 .text.serial_read_chunk.constprop.0
                0x0000000000005a50       0x54 .build/obj_keebio_iris_rev7_default/serial.a(serial.o)
 .text.serial_recive_packet
                0x0000000000005aa4       0x40 .build/obj_keebio_iris_rev7_default/serial.a(serial.o)
 .text.soft_serial_initiator_init
                0x0000000000005ae4        0x6 .build/obj_keebio_iris_rev7_default/serial.a(serial.o)
                0x0000000000005ae4                soft_serial_initiator_init
 .text.soft_serial_target_init
                0x0000000000005aea       0x12 .build/obj_keebio_iris_rev7_default/serial.a(serial.o)
                0x0000000000005aea                soft_serial_target_init
 .text.serial_write_chunk
                0x0000000000005afc       0x42 .build/obj_keebio_iris_rev7_default/serial.a(serial.o)
                0x0000000000005afc                serial_write_chunk
 .text.serial_send_packet
                0x0000000000005b3e       0x32 .build/obj_keebio_iris_rev7_default/serial.a(serial.o)
 .text.__vector_1
                0x0000000000005b70      0x14c .build/obj_keebio_iris_rev7_default/serial.a(serial.o)
                0x0000000000005b70                __vector_1
 .text.soft_serial_transaction
                0x0000000000005cbc       0xec .build/obj_keebio_iris_rev7_default/serial.a(serial.o)
                0x0000000000005cbc                soft_serial_transaction
 .text.libgcc.prologue
                0x0000000000005da8       0x38 c:/qmk_msys/mingw64/bin/../lib/gcc/avr/8.5.0/avr5\libgcc.a(_prologue.o)
                0x0000000000005da8                __prologue_saves__
 .text.libgcc.prologue
                0x0000000000005de0       0x36 c:/qmk_msys/mingw64/bin/../lib/gcc/avr/8.5.0/avr5\libgcc.a(_epilogue.o)
                0x0000000000005de0                __epilogue_restores__
 .text.libgcc.div
                0x0000000000005e16       0x18 c:/qmk_msys/mingw64/bin/../lib/gcc/avr/8.5.0/avr5\libgcc.a(_udivmodqi4.o)
                0x0000000000005e16                __udivmodqi4
 .text.libgcc.div
                0x0000000000005e2e       0x28 c:/qmk_msys/mingw64/bin/../lib/gcc/avr/8.5.0/avr5\libgcc.a(_udivmodhi4.o)
                0x0000000000005e2e                __udivmodhi4
 .text.libgcc.div
                0x0000000000005e56       0x28 c:/qmk_msys/mingw64/bin/../lib/gcc/avr/8.5.0/avr5\libgcc.a(_divmodhi4.o)
                0x0000000000005e56                _div
                0x0000000000005e56                __divmodhi4
 .text.libgcc.div
                0x0000000000005e7e       0x2e c:/qmk_msys/mingw64/bin/../lib/gcc/avr/8.5.0/avr5\libgcc.a(_divmodsi4.o)
                0x0000000000005e7e                __divmodsi4
 .text.libgcc.div
                0x0000000000005eac       0x10 c:/qmk_msys/mingw64/bin/../lib/gcc/avr/8.5.0/avr5\libgcc.a(_negsi2.o)
                0x0000000000005eac                __negsi2
 .text.libgcc   0x0000000000005ebc        0xc c:/qmk_msys/mingw64/bin/../lib/gcc/avr/8.5.0/avr5\libgcc.a(_tablejump2.o)
                0x0000000000005ebc                __tablejump2__
 .text.libgcc.div
                0x0000000000005ec8       0x44 c:/qmk_msys/mingw64/bin/../lib/gcc/avr/8.5.0/avr5\libgcc.a(_udivmodsi4.o)
                0x0000000000005ec8                __udivmodsi4
 .text.avr-libc
                0x0000000000005f0c       0x20 c:/qmk_msys/mingw64/bin/../lib/gcc/avr/8.5.0/../../../../avr/lib/avr5\libatmega32u4.a(eerd_block.o)
                0x0000000000005f0c                eeprom_read_block
                0x0000000000005f10                eeprom_read_blraw
 .text.avr-libc
                0x0000000000005f2c       0x10 c:/qmk_msys/mingw64/bin/../lib/gcc/avr/8.5.0/../../../../avr/lib/avr5\libatmega32u4.a(eerd_byte.o)
                0x0000000000005f2c                eeprom_read_byte
 .text.avr-libc
                0x0000000000005f3c        0xc c:/qmk_msys/mingw64/bin/../lib/gcc/avr/8.5.0/../../../../avr/lib/avr5\libatmega32u4.a(eerd_word.o)
                0x0000000000005f3c                eeprom_read_word
 .text.avr-libc
                0x0000000000005f48       0x20 c:/qmk_msys/mingw64/bin/../lib/gcc/avr/8.5.0/../../../../avr/lib/avr5\libatmega32u4.a(eeupd_block.o)
                0x0000000000005f48                eeprom_update_block
 .text.avr-libc
                0x0000000000005f68       0x24 c:/qmk_msys/mingw64/bin/../lib/gcc/avr/8.5.0/../../../../avr/lib/avr5\libatmega32u4.a(eeupd_byte.o)
                0x0000000000005f68                eeprom_update_byte
                0x0000000000005f6a                eeprom_update_r18
 .text.avr-libc
                0x0000000000005f8c       0x18 c:/qmk_msys/mingw64/bin/../lib/gcc/avr/8.5.0/../../../../avr/lib/avr5\libatmega32u4.a(eeupd_dword.o)
                0x0000000000005f8c                eeprom_update_float
                0x0000000000005f8c                eeprom_update_dword
 .text.avr-libc
                0x0000000000005fa4        0xc c:/qmk_msys/mingw64/bin/../lib/gcc/avr/8.5.0/../../../../avr/lib/avr5\libatmega32u4.a(eeupd_word.o)
                0x0000000000005fa4                eeprom_update_word
 .text.avr-libc
                0x0000000000005fb0       0x1a c:/qmk_msys/mingw64/bin/../lib/gcc/avr/8.5.0/../../../../avr/lib/avr5\libc.a(memcmp.o)
                0x0000000000005fb0                memcmp
 .text.avr-libc
                0x0000000000005fca       0x12 c:/qmk_msys/mingw64/bin/../lib/gcc/avr/8.5.0/../../../../avr/lib/avr5\libc.a(memcpy.o)
                0x0000000000005fca                memcpy
                0x0000000000005fdc                . = ALIGN (0x2)
 *(.fini9)
 .fini9         0x0000000000005fdc        0x0 c:/qmk_msys/mingw64/bin/../lib/gcc/avr/8.5.0/avr5\libgcc.a(_exit.o)
                0x0000000000005fdc                _exit
                0x0000000000005fdc                exit
 *(.fini9)
 *(.fini8)
 *(.fini8)
 *(.fini7)
 *(.fini7)
 *(.fini6)
 *(.fini6)
 *(.fini5)
 *(.fini5)
 *(.fini4)
 *(.fini4)
 *(.fini3)
 *(.fini3)
 *(.fini2)
 *(.fini2)
 *(.fini1)
 *(.fini1)
 *(.fini0)
 .fini0         0x0000000000005fdc        0x4 c:/qmk_msys/mingw64/bin/../lib/gcc/avr/8.5.0/avr5\libgcc.a(_exit.o)
 *(.fini0)
 *(.hightext)
 *(.hightext*)
 *(.progmemx.*)
                0x0000000000005fe0                . = ALIGN (0x2)
 *(.jumptables)
 *(.jumptables*)
 .jumptables.gcc.rgb_task_render
                0x0000000000005fe0       0x42 C:\Users\colton\AppData\Local\Temp\ccuxQ1py.ltrans0.ltrans.o
 .jumptables.gcc.USB_Device_ProcessControlRequest
                0x0000000000006022       0x14 C:\Users\colton\AppData\Local\Temp\ccuxQ1py.ltrans0.ltrans.o
 .jumptables.gcc.process_record
                0x0000000000006036       0x94 C:\Users\colton\AppData\Local\Temp\ccuxQ1py.ltrans0.ltrans.o
                0x00000000000060ca                _etext = .

.data           0x0000000000800100      0x1ce load address 0x00000000000060ca
                0x0000000000800100                PROVIDE (__data_start = .)
 *(.data)
 *(.data*)
 .data.split_transaction_table
                0x0000000000800100       0x20 C:\Users\colton\AppData\Local\Temp\ccuxQ1py.ltrans0.ltrans.o
                0x0000000000800100                split_transaction_table
 .data.col_pins
                0x0000000000800120        0x6 C:\Users\colton\AppData\Local\Temp\ccuxQ1py.ltrans0.ltrans.o
 .data.row_pins
                0x0000000000800126        0x5 C:\Users\colton\AppData\Local\Temp\ccuxQ1py.ltrans0.ltrans.o
 .data.isLeftHand
                0x000000000080012b        0x1 C:\Users\colton\AppData\Local\Temp\ccuxQ1py.ltrans0.ltrans.o
 .data.lufa_driver
                0x000000000080012c        0x8 C:\Users\colton\AppData\Local\Temp\ccuxQ1py.ltrans0.ltrans.o
 .data.rgb_last_enable
                0x0000000000800134        0x1 C:\Users\colton\AppData\Local\Temp\ccuxQ1py.ltrans0.ltrans.o
 .data.rgb_last_effect
                0x0000000000800135        0x1 C:\Users\colton\AppData\Local\Temp\ccuxQ1py.ltrans0.ltrans.o
 .data.keyboard_protocol
                0x0000000000800136        0x1 C:\Users\colton\AppData\Local\Temp\ccuxQ1py.ltrans0.ltrans.o
 .data.rgb_effect_params
                0x0000000000800137        0x3 C:\Users\colton\AppData\Local\Temp\ccuxQ1py.ltrans0.ltrans.o
 .data.rgb_task_state
                0x000000000080013a        0x1 C:\Users\colton\AppData\Local\Temp\ccuxQ1py.ltrans0.ltrans.o
 *(.gnu.linkonce.d*)
 *(.rodata)
 .rodata        0x000000000080013b        0xe C:\Users\colton\AppData\Local\Temp\ccuxQ1py.ltrans0.ltrans.o
 *(.rodata*)
 .rodata.rgb_matrix_mode_eeprom_helper.constprop.83.str1.1
                0x0000000000800149        0x7 C:\Users\colton\AppData\Local\Temp\ccuxQ1py.ltrans0.ltrans.o
 .rodata.matrix_scan.str1.1
                0x0000000000800150       0x23 C:\Users\colton\AppData\Local\Temp\ccuxQ1py.ltrans0.ltrans.o
 .rodata.CSWTCH.13
                0x0000000000800173        0x3 C:\Users\colton\AppData\Local\Temp\ccuxQ1py.ltrans0.ltrans.o
 .rodata.CSWTCH.14
                0x0000000000800176       0x36 C:\Users\colton\AppData\Local\Temp\ccuxQ1py.ltrans0.ltrans.o
 .rodata.split_shmem
                0x00000000008001ac        0x2 C:\Users\colton\AppData\Local\Temp\ccuxQ1py.ltrans0.ltrans.o
                0x00000000008001ac                split_shmem
 .rodata.b_m16_interleave
                0x00000000008001ae        0x8 C:\Users\colton\AppData\Local\Temp\ccuxQ1py.ltrans0.ltrans.o
 .rodata.CSWTCH.2
                0x00000000008001b6        0x3 C:\Users\colton\AppData\Local\Temp\ccuxQ1py.ltrans0.ltrans.o
 .rodata.CSWTCH.1
                0x00000000008001b9        0x6 C:\Users\colton\AppData\Local\Temp\ccuxQ1py.ltrans0.ltrans.o
 .rodata.CSWTCH.0
                0x00000000008001bf        0x6 C:\Users\colton\AppData\Local\Temp\ccuxQ1py.ltrans0.ltrans.o
 .rodata.g_led_config
                0x00000000008001c5      0x108 C:\Users\colton\AppData\Local\Temp\ccuxQ1py.ltrans0.ltrans.o
 *(.gnu.linkonce.r*)
                0x00000000008002ce                . = ALIGN (0x2)
 *fill*         0x00000000008002cd        0x1 
                0x00000000008002ce                _edata = .
                0x00000000008002ce                PROVIDE (__data_end = .)

.bss            0x00000000008002ce      0x224
                0x00000000008002ce                PROVIDE (__bss_start = .)
 *(.bss)
 .bss           0x00000000008002ce        0x2 .build/obj_keebio_iris_rev7_default/platforms/avr/xprintf.o
                0x00000000008002ce                xfunc_out
 *(.bss*)
 .bss.__compound_literal.0
                0x00000000008002d0        0x8 C:\Users\colton\AppData\Local\Temp\ccuxQ1py.ltrans0.ltrans.o
 .bss.grave_esc_was_shifted
                0x00000000008002d8        0x1 C:\Users\colton\AppData\Local\Temp\ccuxQ1py.ltrans0.ltrans.o
 .bss.source_layers_cache
                0x00000000008002d9       0x20 C:\Users\colton\AppData\Local\Temp\ccuxQ1py.ltrans0.ltrans.o
 .bss.tapping_key
                0x00000000008002f9        0x6 C:\Users\colton\AppData\Local\Temp\ccuxQ1py.ltrans0.ltrans.o
 .bss.waiting_buffer_head
                0x00000000008002ff        0x1 C:\Users\colton\AppData\Local\Temp\ccuxQ1py.ltrans0.ltrans.o
 .bss.waiting_buffer
                0x0000000000800300       0x30 C:\Users\colton\AppData\Local\Temp\ccuxQ1py.ltrans0.ltrans.o
 .bss.waiting_buffer_tail
                0x0000000000800330        0x1 C:\Users\colton\AppData\Local\Temp\ccuxQ1py.ltrans0.ltrans.o
 .bss.oneshot_layer_data
                0x0000000000800331        0x1 C:\Users\colton\AppData\Local\Temp\ccuxQ1py.ltrans0.ltrans.o
 .bss.last_report.4006
                0x0000000000800332        0x8 C:\Users\colton\AppData\Local\Temp\ccuxQ1py.ltrans0.ltrans.o
 .bss.real_mods
                0x000000000080033a        0x1 C:\Users\colton\AppData\Local\Temp\ccuxQ1py.ltrans0.ltrans.o
 .bss.oneshot_mods
                0x000000000080033b        0x1 C:\Users\colton\AppData\Local\Temp\ccuxQ1py.ltrans0.ltrans.o
 .bss.default_layer_state
                0x000000000080033c        0x2 C:\Users\colton\AppData\Local\Temp\ccuxQ1py.ltrans0.ltrans.o
 .bss.last_tick.4908
                0x000000000080033e        0x2 C:\Users\colton\AppData\Local\Temp\ccuxQ1py.ltrans0.ltrans.o
 .bss.debouncing_time
                0x0000000000800340        0x2 C:\Users\colton\AppData\Local\Temp\ccuxQ1py.ltrans0.ltrans.o
 .bss.debouncing
                0x0000000000800342        0x1 C:\Users\colton\AppData\Local\Temp\ccuxQ1py.ltrans0.ltrans.o
 .bss.connection_check_timer.4881
                0x0000000000800343        0x2 C:\Users\colton\AppData\Local\Temp\ccuxQ1py.ltrans0.ltrans.o
 .bss.last_sync_timer.5098
                0x0000000000800345        0x4 C:\Users\colton\AppData\Local\Temp\ccuxQ1py.ltrans0.ltrans.o
 .bss.last_connected.5067
                0x0000000000800349        0x1 C:\Users\colton\AppData\Local\Temp\ccuxQ1py.ltrans0.ltrans.o
 .bss.usbstate.4863
                0x000000000080034a        0x1 C:\Users\colton\AppData\Local\Temp\ccuxQ1py.ltrans0.ltrans.o
 .bss.connection_errors
                0x000000000080034b        0x1 C:\Users\colton\AppData\Local\Temp\ccuxQ1py.ltrans0.ltrans.o
 .bss.last_matrix.5080
                0x000000000080034c        0x5 C:\Users\colton\AppData\Local\Temp\ccuxQ1py.ltrans0.ltrans.o
 .bss.last_update.5079
                0x0000000000800351        0x4 C:\Users\colton\AppData\Local\Temp\ccuxQ1py.ltrans0.ltrans.o
 .bss.last_update.5091
                0x0000000000800355        0x4 C:\Users\colton\AppData\Local\Temp\ccuxQ1py.ltrans0.ltrans.o
 .bss.shared_memory
                0x0000000000800359       0x11 C:\Users\colton\AppData\Local\Temp\ccuxQ1py.ltrans0.ltrans.o
 .bss.last_update.5103
                0x000000000080036a        0x4 C:\Users\colton\AppData\Local\Temp\ccuxQ1py.ltrans0.ltrans.o
 .bss.sync_timer_ms
                0x000000000080036e        0x4 C:\Users\colton\AppData\Local\Temp\ccuxQ1py.ltrans0.ltrans.o
 .bss.raw_matrix
                0x0000000000800372        0xa C:\Users\colton\AppData\Local\Temp\ccuxQ1py.ltrans0.ltrans.o
 .bss.thatHand  0x000000000080037c        0x1 C:\Users\colton\AppData\Local\Temp\ccuxQ1py.ltrans0.ltrans.o
 .bss.thisHand  0x000000000080037d        0x1 C:\Users\colton\AppData\Local\Temp\ccuxQ1py.ltrans0.ltrans.o
 .bss.keymap_config
                0x000000000080037e        0x2 C:\Users\colton\AppData\Local\Temp\ccuxQ1py.ltrans0.ltrans.o
 .bss.matrix    0x0000000000800380        0xa C:\Users\colton\AppData\Local\Temp\ccuxQ1py.ltrans0.ltrans.o
 .bss.matrix_previous.4915
                0x000000000080038a        0xa C:\Users\colton\AppData\Local\Temp\ccuxQ1py.ltrans0.ltrans.o
 .bss.idle_timer
                0x0000000000800394        0x2 C:\Users\colton\AppData\Local\Temp\ccuxQ1py.ltrans0.ltrans.o
 .bss.last_led_status.3380
                0x0000000000800396        0x1 C:\Users\colton\AppData\Local\Temp\ccuxQ1py.ltrans0.ltrans.o
 .bss.last_hit_buffer
                0x0000000000800397       0x29 C:\Users\colton\AppData\Local\Temp\ccuxQ1py.ltrans0.ltrans.o
 .bss.rgb_timer_buffer
                0x00000000008003c0        0x4 C:\Users\colton\AppData\Local\Temp\ccuxQ1py.ltrans0.ltrans.o
 .bss.suspend_state
                0x00000000008003c4        0x1 C:\Users\colton\AppData\Local\Temp\ccuxQ1py.ltrans0.ltrans.o
 .bss.rgb_matrix_ws2812_array
                0x00000000008003c5       0xcc C:\Users\colton\AppData\Local\Temp\ccuxQ1py.ltrans0.ltrans.o
 .bss.weak_mods
                0x0000000000800491        0x1 C:\Users\colton\AppData\Local\Temp\ccuxQ1py.ltrans0.ltrans.o
 .bss.caps_word_active
                0x0000000000800492        0x1 C:\Users\colton\AppData\Local\Temp\ccuxQ1py.ltrans0.ltrans.o
 .bss.sc_timer  0x0000000000800493        0x2 C:\Users\colton\AppData\Local\Temp\ccuxQ1py.ltrans0.ltrans.o
 .bss.sc_last   0x0000000000800495        0x1 C:\Users\colton\AppData\Local\Temp\ccuxQ1py.ltrans0.ltrans.o
 .bss.last_system_usage
                0x0000000000800496        0x2 C:\Users\colton\AppData\Local\Temp\ccuxQ1py.ltrans0.ltrans.o
 .bss.driver    0x0000000000800498        0x2 C:\Users\colton\AppData\Local\Temp\ccuxQ1py.ltrans0.ltrans.o
 .bss.last_consumer_usage
                0x000000000080049a        0x2 C:\Users\colton\AppData\Local\Temp\ccuxQ1py.ltrans0.ltrans.o
 .bss.wdt_timeout
                0x000000000080049c        0x1 C:\Users\colton\AppData\Local\Temp\ccuxQ1py.ltrans0.ltrans.o
 .bss.timer_count
                0x000000000080049d        0x4 C:\Users\colton\AppData\Local\Temp\ccuxQ1py.ltrans0.ltrans.o
 .bss.timed_out.7486
                0x00000000008004a1        0x1 C:\Users\colton\AppData\Local\Temp\ccuxQ1py.ltrans0.ltrans.o
 .bss.console_flush
                0x00000000008004a2        0x1 C:\Users\colton\AppData\Local\Temp\ccuxQ1py.ltrans0.ltrans.o
 .bss.count.7428
                0x00000000008004a3        0x1 C:\Users\colton\AppData\Local\Temp\ccuxQ1py.ltrans0.ltrans.o
 .bss.USB_IsInitialized
                0x00000000008004a4        0x1 C:\Users\colton\AppData\Local\Temp\ccuxQ1py.ltrans0.ltrans.o
 .bss.keyboard_idle
                0x00000000008004a5        0x1 C:\Users\colton\AppData\Local\Temp\ccuxQ1py.ltrans0.ltrans.o
 .bss.keyboard_led_state
                0x00000000008004a6        0x1 C:\Users\colton\AppData\Local\Temp\ccuxQ1py.ltrans0.ltrans.o
 .bss.keyboard_report_sent
                0x00000000008004a7        0x8 C:\Users\colton\AppData\Local\Temp\ccuxQ1py.ltrans0.ltrans.o
 .bss.USB_Device_CurrentlySelfPowered
                0x00000000008004af        0x1 C:\Users\colton\AppData\Local\Temp\ccuxQ1py.ltrans0.ltrans.o
 .bss.USB_Device_RemoteWakeupEnabled
                0x00000000008004b0        0x1 C:\Users\colton\AppData\Local\Temp\ccuxQ1py.ltrans0.ltrans.o
 .bss.USB_DeviceState
                0x00000000008004b1        0x1 C:\Users\colton\AppData\Local\Temp\ccuxQ1py.ltrans0.ltrans.o
 .bss.USB_Device_ConfigurationNumber
                0x00000000008004b2        0x1 C:\Users\colton\AppData\Local\Temp\ccuxQ1py.ltrans0.ltrans.o
 .bss.USB_ControlRequest
                0x00000000008004b3        0x8 C:\Users\colton\AppData\Local\Temp\ccuxQ1py.ltrans0.ltrans.o
 .bss.g_rgb_timer
                0x00000000008004bb        0x4 C:\Users\colton\AppData\Local\Temp\ccuxQ1py.ltrans0.ltrans.o
 .bss.g_last_hit_tracker
                0x00000000008004bf       0x29 C:\Users\colton\AppData\Local\Temp\ccuxQ1py.ltrans0.ltrans.o
 .bss.dirty_rgb_matrix
                0x00000000008004e8        0x1 C:\Users\colton\AppData\Local\Temp\ccuxQ1py.ltrans0.ltrans.o
 .bss.debug_config
                0x00000000008004e9        0x1 C:\Users\colton\AppData\Local\Temp\ccuxQ1py.ltrans0.ltrans.o
 .bss.rgb_matrix_config
                0x00000000008004ea        0x6 C:\Users\colton\AppData\Local\Temp\ccuxQ1py.ltrans0.ltrans.o
 .bss.layer_state
                0x00000000008004f0        0x2 C:\Users\colton\AppData\Local\Temp\ccuxQ1py.ltrans0.ltrans.o
 *(COMMON)
                0x00000000008004f2                PROVIDE (__bss_end = .)
                0x00000000000060ca                __data_load_start = LOADADDR (.data)
                0x0000000000006298                __data_load_end = (__data_load_start + SIZEOF (.data))

.noinit         0x00000000008004f2        0x4
                [!provide]                        PROVIDE (__noinit_start = .)
 *(.noinit .noinit.* .gnu.linkonce.n.*)
 .noinit        0x00000000008004f2        0x4 C:\Users\colton\AppData\Local\Temp\ccuxQ1py.ltrans0.ltrans.o
                [!provide]                        PROVIDE (__noinit_end = .)
                0x00000000008004f6                _end = .
                [!provide]                        PROVIDE (__heap_start = .)

.eeprom         0x0000000000810000        0x0
 *(.eeprom*)
                0x0000000000810000                __eeprom_end = .

.fuse
 *(.fuse)
 *(.lfuse)
 *(.hfuse)
 *(.efuse)

.lock
 *(.lock*)

.signature
 *(.signature*)

.stab
 *(.stab)

.stabstr
 *(.stabstr)

.stab.excl
 *(.stab.excl)

.stab.exclstr
 *(.stab.exclstr)

.stab.index
 *(.stab.index)

.stab.indexstr
 *(.stab.indexstr)

.comment        0x0000000000000000       0x11
 *(.comment)
 .comment       0x0000000000000000       0x12 C:\Users\colton\AppData\Local\Temp\ccuxQ1py.ltrans0.ltrans.o
 .comment       0x0000000000000000       0x11 .build/obj_keebio_iris_rev7_default/serial.a(serial.o)
                                         0x12 (size before relaxing)

.note.gnu.avr.deviceinfo
                0x0000000000000000       0x40
 .note.gnu.avr.deviceinfo
                0x0000000000000000       0x40 c:/qmk_msys/mingw64/bin/../lib/gcc/avr/8.5.0/../../../../avr/lib/avr5/crtatmega32u4.o

.note.gnu.build-id
 *(.note.gnu.build-id)

.debug
 *(.debug)

.line
 *(.line)

.debug_srcinfo
 *(.debug_srcinfo)

.debug_sfnames
 *(.debug_sfnames)

.debug_aranges  0x0000000000000000      0x4b8
 *(.debug_aranges)
 .debug_aranges
                0x0000000000000000      0x450 C:\Users\colton\AppData\Local\Temp\ccuxQ1py.ltrans0.ltrans.o
 .debug_aranges
                0x0000000000000450       0x68 .build/obj_keebio_iris_rev7_default/serial.a(serial.o)

.debug_pubnames
 *(.debug_pubnames)

.debug_info     0x0000000000000000    0x46e70
 *(.debug_info .gnu.linkonce.wi.*)
 .debug_info    0x0000000000000000      0x9f4 c:/qmk_msys/mingw64/bin/../lib/gcc/avr/8.5.0/../../../../avr/lib/avr5/crtatmega32u4.o
 .debug_info    0x00000000000009f4    0x38ec5 C:\Users\colton\AppData\Local\Temp\ccIgLJbvdebugobj
                0x00000000000009f4                iris.c.c016bfa6
                0x0000000000001241                rev7.c.d9d72443
                0x0000000000001a96                default_keyboard.c.0e6cc459
                0x00000000000022eb                keymap_introspection.c.7ec36beb
                0x00000000000050f7                quantum.c.476b13b4
                0x000000000000823f                bitwise.c.a32ca313
                0x0000000000008408                led.c.325d0443
                0x0000000000008798                action.c.d4f34c8c
                0x000000000000ba36                action_layer.c.c5e9c90b
                0x000000000000c605                action_tapping.c.f9d4c81f
                0x000000000000edfe                action_util.c.8d70c3a1
                0x000000000000f57c                eeconfig.c.2968789c
                0x000000000000f7ff                keyboard.c.c94c7cb8
                0x00000000000103af                keymap_common.c.c8dac933
                0x000000000001352b                keycode_config.c.d312c8ac
                0x00000000000158a2                sync_timer.c.191c5933
                0x00000000000159d3                debug.c.00916f29
                0x0000000000015afd                sendchar.c.a3cf349d
                0x0000000000015b84                magic.c.b95538ee
                0x0000000000015fe0                matrix_common.c.204be26f
                0x0000000000016d54                matrix.c.806c7059
                0x0000000000017a93                sym_defer_g.c.9908d3f6
                0x00000000000183b7                split_util.c.8c6b3fa8
                0x0000000000018ec4                transport.c.f33db3c4
                0x00000000000199f3                transactions.c.f5608e44
                0x000000000001a885                main.c.d1ad1272
                0x000000000001a904                color.c.f658e5f5
                0x000000000001ab23                rgb_matrix.c.05faa8e1
                0x000000000001d350                rgb_matrix_drivers.c.a9f652c0
                0x000000000001dcbb                lib8tion.c.be9e4553
                0x000000000001dde0                process_rgb.c.80bc4b11
                0x0000000000020a0b                ws2812.c.92c9452a
                0x0000000000020be2                led_tables.c.f21b5103
                0x0000000000020c6f                crc.c.c876e79e
                0x0000000000020d6d                process_magic.c.e88b108d
                0x0000000000023862                send_string.c.a82d1bfd
                0x00000000000262c5                process_caps_word.c.d3905411
                0x0000000000028fdd                caps_word.c.1534216d
                0x000000000002b2e0                process_grave_esc.c.4fcfcf09
                0x000000000002de2d                process_space_cadet.c.d30cb142
                0x0000000000030981                printf.c.ad5337a3
                0x0000000000030a48                host.c.cf133ea0
                0x0000000000031121                report.c.d1275c4a
                0x00000000000336fa                usb_device_state.c.51b77313
                0x0000000000033879                usb_util.c.4d800870
                0x00000000000340ec                suspend.c.169405d0
                0x00000000000341b0                synchronization_util.c.20bac701
                0x0000000000034218                timer.c.a113ecd2
                0x00000000000342d2                hardware_id.c.78f544d5
                0x00000000000343c0                platform.c.602551f9
                0x0000000000034435                suspend.c.cd098552
                0x0000000000034931                timer.c.413d245e
                0x0000000000034b3a                dfu.c.8f6b6569
                0x0000000000034c64                lufa.c.940c0b2c
                0x00000000000360cf                usb_descriptor.c.398fd5c1
                0x0000000000036a78                HIDParser.c.9e9ce8a0
                0x00000000000370ee                Device_AVR8.c.22a892bc
                0x0000000000037255                EndpointStream_AVR8.c.abcd52d2
                0x0000000000037d6f                Endpoint_AVR8.c.edc30e36
                0x00000000000381a6                Host_AVR8.c.7c69f8de
                0x0000000000038203                PipeStream_AVR8.c.b2e52de6
                0x0000000000038260                Pipe_AVR8.c.fdd67399
                0x00000000000382bd                USBController_AVR8.c.997c0afd
                0x00000000000385e1                USBInterrupt_AVR8.c.1dde43c9
                0x0000000000038971                ConfigDescriptors.c.6c76472f
                0x0000000000038cd2                DeviceStandardReq.c.1ef3edc6
                0x0000000000039275                Events.c.e567ab9d
                0x000000000003932c                HostStandardReq.c.5e0d78db
                0x0000000000039389                USBTask.c.3e71130e
                0x0000000000039580                usb_util.c.3d0691db
 .debug_info    0x00000000000398b9     0xbe77 C:\Users\colton\AppData\Local\Temp\ccuxQ1py.ltrans0.ltrans.o
 .debug_info    0x0000000000045730     0x1740 .build/obj_keebio_iris_rev7_default/serial.a(serial.o)

.debug_abbrev   0x0000000000000000     0x6f75
 *(.debug_abbrev)
 .debug_abbrev  0x0000000000000000      0x96a c:/qmk_msys/mingw64/bin/../lib/gcc/avr/8.5.0/../../../../avr/lib/avr5/crtatmega32u4.o
 .debug_abbrev  0x000000000000096a     0x5e4e C:\Users\colton\AppData\Local\Temp\ccIgLJbvdebugobj
 .debug_abbrev  0x00000000000067b8      0x37f C:\Users\colton\AppData\Local\Temp\ccuxQ1py.ltrans0.ltrans.o
 .debug_abbrev  0x0000000000006b37      0x43e .build/obj_keebio_iris_rev7_default/serial.a(serial.o)

.debug_line     0x0000000000000000    0x16859
 *(.debug_line .debug_line.* .debug_line_end)
 .debug_line    0x0000000000000000       0x1d c:/qmk_msys/mingw64/bin/../lib/gcc/avr/8.5.0/../../../../avr/lib/avr5/crtatmega32u4.o
 .debug_line    0x000000000000001d     0x63f0 C:\Users\colton\AppData\Local\Temp\ccIgLJbvdebugobj
 .debug_line    0x000000000000640d     0xf0b8 C:\Users\colton\AppData\Local\Temp\ccuxQ1py.ltrans0.ltrans.o
 .debug_line    0x00000000000154c5     0x1394 .build/obj_keebio_iris_rev7_default/serial.a(serial.o)

.debug_frame    0x0000000000000000      0xf94
 *(.debug_frame)
 .debug_frame   0x0000000000000000      0xe40 C:\Users\colton\AppData\Local\Temp\ccuxQ1py.ltrans0.ltrans.o
 .debug_frame   0x0000000000000e40      0x154 .build/obj_keebio_iris_rev7_default/serial.a(serial.o)

.debug_str      0x0000000000000000     0xb4e1
 *(.debug_str)
 .debug_str     0x0000000000000000      0x371 c:/qmk_msys/mingw64/bin/../lib/gcc/avr/8.5.0/../../../../avr/lib/avr5/crtatmega32u4.o
 .debug_str     0x0000000000000371     0xa6ad C:\Users\colton\AppData\Local\Temp\ccIgLJbvdebugobj
                                      0x4f7dc (size before relaxing)
 .debug_str     0x000000000000aa1e      0x137 C:\Users\colton\AppData\Local\Temp\ccuxQ1py.ltrans0.ltrans.o
                                        0x15b (size before relaxing)
 .debug_str     0x000000000000ab55      0x98c .build/obj_keebio_iris_rev7_default/serial.a(serial.o)
                                        0xb03 (size before relaxing)

.debug_loc      0x0000000000000000     0xb221
 *(.debug_loc)
 .debug_loc     0x0000000000000000     0xa773 C:\Users\colton\AppData\Local\Temp\ccuxQ1py.ltrans0.ltrans.o
 .debug_loc     0x000000000000a773      0xaae .build/obj_keebio_iris_rev7_default/serial.a(serial.o)

.debug_macinfo
 *(.debug_macinfo)

.debug_weaknames
 *(.debug_weaknames)

.debug_funcnames
 *(.debug_funcnames)

.debug_typenames
 *(.debug_typenames)

.debug_varnames
 *(.debug_varnames)

.debug_pubtypes
 *(.debug_pubtypes)

.debug_ranges   0x0000000000000000     0x2818
 *(.debug_ranges)
 .debug_ranges  0x0000000000000000     0x2510 C:\Users\colton\AppData\Local\Temp\ccuxQ1py.ltrans0.ltrans.o
 .debug_ranges  0x0000000000002510      0x308 .build/obj_keebio_iris_rev7_default/serial.a(serial.o)

.debug_addr
 *(.debug_addr)

.debug_line_str
 *(.debug_line_str)

.debug_loclists
 *(.debug_loclists)

.debug_macro
 *(.debug_macro)

.debug_names
 *(.debug_names)

.debug_rnglists
 *(.debug_rnglists)

.debug_str_offsets
 *(.debug_str_offsets)

.debug_sup
 *(.debug_sup)
OUTPUT(.build/keebio_iris_rev7_default.elf elf32-avr)
LOAD linker stubs

Cross Reference Table

Symbol                                            File
ALPHAS_MODS                                       .build/obj_keebio_iris_rev7_default/quantum/rgb_matrix/rgb_matrix.o (symbol from plugin)
BAND_PINWHEEL_SAT                                 .build/obj_keebio_iris_rev7_default/quantum/rgb_matrix/rgb_matrix.o (symbol from plugin)
BAND_PINWHEEL_VAL                                 .build/obj_keebio_iris_rev7_default/quantum/rgb_matrix/rgb_matrix.o (symbol from plugin)
BAND_SAT                                          .build/obj_keebio_iris_rev7_default/quantum/rgb_matrix/rgb_matrix.o (symbol from plugin)
BAND_SPIRAL_SAT                                   .build/obj_keebio_iris_rev7_default/quantum/rgb_matrix/rgb_matrix.o (symbol from plugin)
BAND_SPIRAL_VAL                                   .build/obj_keebio_iris_rev7_default/quantum/rgb_matrix/rgb_matrix.o (symbol from plugin)
BAND_VAL                                          .build/obj_keebio_iris_rev7_default/quantum/rgb_matrix/rgb_matrix.o (symbol from plugin)
BREATHING                                         .build/obj_keebio_iris_rev7_default/quantum/rgb_matrix/rgb_matrix.o (symbol from plugin)
CALLBACK_HIDParser_FilterHIDReportItem            .build/obj_keebio_iris_rev7_default/lib/lufa/LUFA/Drivers/USB/Class/Common/HIDParser.o (symbol from plugin)
CALLBACK_USB_GetDescriptor                        .build/obj_keebio_iris_rev7_default/lufa.o (symbol from plugin)
                                                  .build/obj_keebio_iris_rev7_default/lib/lufa/LUFA/Drivers/USB/Core/DeviceStandardReq.o (symbol from plugin)
CIE1931_CURVE                                     .build/obj_keebio_iris_rev7_default/quantum/led_tables.o (symbol from plugin)
                                                  .build/obj_keebio_iris_rev7_default/quantum/color.o (symbol from plugin)
CYCLE_ALL                                         .build/obj_keebio_iris_rev7_default/quantum/rgb_matrix/rgb_matrix.o (symbol from plugin)
CYCLE_LEFT_RIGHT                                  .build/obj_keebio_iris_rev7_default/quantum/rgb_matrix/rgb_matrix.o (symbol from plugin)
CYCLE_OUT_IN                                      .build/obj_keebio_iris_rev7_default/quantum/rgb_matrix/rgb_matrix.o (symbol from plugin)
CYCLE_OUT_IN_DUAL                                 .build/obj_keebio_iris_rev7_default/quantum/rgb_matrix/rgb_matrix.o (symbol from plugin)
CYCLE_PINWHEEL                                    .build/obj_keebio_iris_rev7_default/quantum/rgb_matrix/rgb_matrix.o (symbol from plugin)
CYCLE_SPIRAL                                      .build/obj_keebio_iris_rev7_default/quantum/rgb_matrix/rgb_matrix.o (symbol from plugin)
CYCLE_UP_DOWN                                     .build/obj_keebio_iris_rev7_default/quantum/rgb_matrix/rgb_matrix.o (symbol from plugin)
ConfigDescriptors.c.6c76472f                      C:\Users\colton\AppData\Local\Temp\ccIgLJbvdebugobj
ConfigurationDescriptor                           .build/obj_keebio_iris_rev7_default/usb_descriptor.o (symbol from plugin)
ConsoleReport                                     .build/obj_keebio_iris_rev7_default/usb_descriptor.o (symbol from plugin)
DUAL_BEACON                                       .build/obj_keebio_iris_rev7_default/quantum/rgb_matrix/rgb_matrix.o (symbol from plugin)
DeviceDescriptor                                  .build/obj_keebio_iris_rev7_default/usb_descriptor.o (symbol from plugin)
DeviceStandardReq.c.1ef3edc6                      C:\Users\colton\AppData\Local\Temp\ccIgLJbvdebugobj
                                                  C:\Users\colton\AppData\Local\Temp\ccuxQ1py.ltrans0.ltrans.o
Device_AVR8.c.22a892bc                            C:\Users\colton\AppData\Local\Temp\ccIgLJbvdebugobj
                                                  C:\Users\colton\AppData\Local\Temp\ccuxQ1py.ltrans0.ltrans.o
EVENT_USB_Device_ConfigurationChanged             .build/obj_keebio_iris_rev7_default/lufa.o (symbol from plugin)
                                                  .build/obj_keebio_iris_rev7_default/lib/lufa/LUFA/Drivers/USB/Core/DeviceStandardReq.o (symbol from plugin)
EVENT_USB_Device_Connect                          .build/obj_keebio_iris_rev7_default/lufa.o (symbol from plugin)
                                                  .build/obj_keebio_iris_rev7_default/lib/lufa/LUFA/Drivers/USB/Core/AVR8/USBInterrupt_AVR8.o (symbol from plugin)
EVENT_USB_Device_ControlRequest                   .build/obj_keebio_iris_rev7_default/lufa.o (symbol from plugin)
                                                  .build/obj_keebio_iris_rev7_default/lib/lufa/LUFA/Drivers/USB/Core/DeviceStandardReq.o (symbol from plugin)
EVENT_USB_Device_Disconnect                       .build/obj_keebio_iris_rev7_default/lufa.o (symbol from plugin)
                                                  .build/obj_keebio_iris_rev7_default/lib/lufa/LUFA/Drivers/USB/Core/AVR8/USBInterrupt_AVR8.o (symbol from plugin)
EVENT_USB_Device_Reset                            .build/obj_keebio_iris_rev7_default/lufa.o (symbol from plugin)
                                                  .build/obj_keebio_iris_rev7_default/lib/lufa/LUFA/Drivers/USB/Core/AVR8/USBInterrupt_AVR8.o (symbol from plugin)
EVENT_USB_Device_StartOfFrame                     .build/obj_keebio_iris_rev7_default/lufa.o (symbol from plugin)
                                                  .build/obj_keebio_iris_rev7_default/lib/lufa/LUFA/Drivers/USB/Core/AVR8/USBInterrupt_AVR8.o (symbol from plugin)
EVENT_USB_Device_Suspend                          .build/obj_keebio_iris_rev7_default/lufa.o (symbol from plugin)
                                                  .build/obj_keebio_iris_rev7_default/lib/lufa/LUFA/Drivers/USB/Core/AVR8/USBInterrupt_AVR8.o (symbol from plugin)
EVENT_USB_Device_WakeUp                           .build/obj_keebio_iris_rev7_default/lufa.o (symbol from plugin)
                                                  .build/obj_keebio_iris_rev7_default/lib/lufa/LUFA/Drivers/USB/Core/AVR8/USBInterrupt_AVR8.o (symbol from plugin)
EndpointStream_AVR8.c.abcd52d2                    C:\Users\colton\AppData\Local\Temp\ccIgLJbvdebugobj
                                                  C:\Users\colton\AppData\Local\Temp\ccuxQ1py.ltrans0.ltrans.o
Endpoint_AVR8.c.edc30e36                          C:\Users\colton\AppData\Local\Temp\ccIgLJbvdebugobj
                                                  C:\Users\colton\AppData\Local\Temp\ccuxQ1py.ltrans0.ltrans.o
Endpoint_ClearEndpoints                           .build/obj_keebio_iris_rev7_default/lib/lufa/LUFA/Drivers/USB/Core/AVR8/Endpoint_AVR8.o (symbol from plugin)
Endpoint_ClearStatusStage                         .build/obj_keebio_iris_rev7_default/lib/lufa/LUFA/Drivers/USB/Core/AVR8/Endpoint_AVR8.o (symbol from plugin)
                                                  .build/obj_keebio_iris_rev7_default/lib/lufa/LUFA/Drivers/USB/Core/DeviceStandardReq.o (symbol from plugin)
                                                  .build/obj_keebio_iris_rev7_default/lufa.o (symbol from plugin)
Endpoint_ConfigureEndpointTable                   .build/obj_keebio_iris_rev7_default/lib/lufa/LUFA/Drivers/USB/Core/AVR8/Endpoint_AVR8.o (symbol from plugin)
Endpoint_ConfigureEndpoint_Prv                    .build/obj_keebio_iris_rev7_default/lib/lufa/LUFA/Drivers/USB/Core/AVR8/Endpoint_AVR8.o (symbol from plugin)
                                                  .build/obj_keebio_iris_rev7_default/lib/lufa/LUFA/Drivers/USB/Core/AVR8/USBInterrupt_AVR8.o (symbol from plugin)
                                                  .build/obj_keebio_iris_rev7_default/lib/lufa/LUFA/Drivers/USB/Core/AVR8/USBController_AVR8.o (symbol from plugin)
                                                  .build/obj_keebio_iris_rev7_default/lufa.o (symbol from plugin)
Endpoint_Discard_Stream                           .build/obj_keebio_iris_rev7_default/lib/lufa/LUFA/Drivers/USB/Core/AVR8/EndpointStream_AVR8.o (symbol from plugin)
Endpoint_Null_Stream                              .build/obj_keebio_iris_rev7_default/lib/lufa/LUFA/Drivers/USB/Core/AVR8/EndpointStream_AVR8.o (symbol from plugin)
Endpoint_Read_Control_EStream_BE                  .build/obj_keebio_iris_rev7_default/lib/lufa/LUFA/Drivers/USB/Core/AVR8/EndpointStream_AVR8.o (symbol from plugin)
Endpoint_Read_Control_EStream_LE                  .build/obj_keebio_iris_rev7_default/lib/lufa/LUFA/Drivers/USB/Core/AVR8/EndpointStream_AVR8.o (symbol from plugin)
Endpoint_Read_Control_Stream_BE                   .build/obj_keebio_iris_rev7_default/lib/lufa/LUFA/Drivers/USB/Core/AVR8/EndpointStream_AVR8.o (symbol from plugin)
Endpoint_Read_Control_Stream_LE                   .build/obj_keebio_iris_rev7_default/lib/lufa/LUFA/Drivers/USB/Core/AVR8/EndpointStream_AVR8.o (symbol from plugin)
Endpoint_Read_EStream_BE                          .build/obj_keebio_iris_rev7_default/lib/lufa/LUFA/Drivers/USB/Core/AVR8/EndpointStream_AVR8.o (symbol from plugin)
Endpoint_Read_EStream_LE                          .build/obj_keebio_iris_rev7_default/lib/lufa/LUFA/Drivers/USB/Core/AVR8/EndpointStream_AVR8.o (symbol from plugin)
Endpoint_Read_Stream_BE                           .build/obj_keebio_iris_rev7_default/lib/lufa/LUFA/Drivers/USB/Core/AVR8/EndpointStream_AVR8.o (symbol from plugin)
Endpoint_Read_Stream_LE                           .build/obj_keebio_iris_rev7_default/lib/lufa/LUFA/Drivers/USB/Core/AVR8/EndpointStream_AVR8.o (symbol from plugin)
Endpoint_WaitUntilReady                           .build/obj_keebio_iris_rev7_default/lib/lufa/LUFA/Drivers/USB/Core/AVR8/Endpoint_AVR8.o (symbol from plugin)
                                                  .build/obj_keebio_iris_rev7_default/lib/lufa/LUFA/Drivers/USB/Core/AVR8/EndpointStream_AVR8.o (symbol from plugin)
Endpoint_Write_Control_EStream_BE                 .build/obj_keebio_iris_rev7_default/lib/lufa/LUFA/Drivers/USB/Core/AVR8/EndpointStream_AVR8.o (symbol from plugin)
Endpoint_Write_Control_EStream_LE                 .build/obj_keebio_iris_rev7_default/lib/lufa/LUFA/Drivers/USB/Core/AVR8/EndpointStream_AVR8.o (symbol from plugin)
Endpoint_Write_Control_PStream_BE                 .build/obj_keebio_iris_rev7_default/lib/lufa/LUFA/Drivers/USB/Core/AVR8/EndpointStream_AVR8.o (symbol from plugin)
Endpoint_Write_Control_PStream_LE                 .build/obj_keebio_iris_rev7_default/lib/lufa/LUFA/Drivers/USB/Core/AVR8/EndpointStream_AVR8.o (symbol from plugin)
                                                  .build/obj_keebio_iris_rev7_default/lib/lufa/LUFA/Drivers/USB/Core/DeviceStandardReq.o (symbol from plugin)
Endpoint_Write_Control_Stream_BE                  .build/obj_keebio_iris_rev7_default/lib/lufa/LUFA/Drivers/USB/Core/AVR8/EndpointStream_AVR8.o (symbol from plugin)
Endpoint_Write_Control_Stream_LE                  .build/obj_keebio_iris_rev7_default/lib/lufa/LUFA/Drivers/USB/Core/AVR8/EndpointStream_AVR8.o (symbol from plugin)
                                                  .build/obj_keebio_iris_rev7_default/lib/lufa/LUFA/Drivers/USB/Core/DeviceStandardReq.o (symbol from plugin)
                                                  .build/obj_keebio_iris_rev7_default/lufa.o (symbol from plugin)
Endpoint_Write_EStream_BE                         .build/obj_keebio_iris_rev7_default/lib/lufa/LUFA/Drivers/USB/Core/AVR8/EndpointStream_AVR8.o (symbol from plugin)
Endpoint_Write_EStream_LE                         .build/obj_keebio_iris_rev7_default/lib/lufa/LUFA/Drivers/USB/Core/AVR8/EndpointStream_AVR8.o (symbol from plugin)
Endpoint_Write_PStream_BE                         .build/obj_keebio_iris_rev7_default/lib/lufa/LUFA/Drivers/USB/Core/AVR8/EndpointStream_AVR8.o (symbol from plugin)
Endpoint_Write_PStream_LE                         .build/obj_keebio_iris_rev7_default/lib/lufa/LUFA/Drivers/USB/Core/AVR8/EndpointStream_AVR8.o (symbol from plugin)
Endpoint_Write_Stream_BE                          .build/obj_keebio_iris_rev7_default/lib/lufa/LUFA/Drivers/USB/Core/AVR8/EndpointStream_AVR8.o (symbol from plugin)
Endpoint_Write_Stream_LE                          .build/obj_keebio_iris_rev7_default/lib/lufa/LUFA/Drivers/USB/Core/AVR8/EndpointStream_AVR8.o (symbol from plugin)
                                                  .build/obj_keebio_iris_rev7_default/lufa.o (symbol from plugin)
Events.c.e567ab9d                                 C:\Users\colton\AppData\Local\Temp\ccIgLJbvdebugobj
GRADIENT_LEFT_RIGHT                               .build/obj_keebio_iris_rev7_default/quantum/rgb_matrix/rgb_matrix.o (symbol from plugin)
GRADIENT_UP_DOWN                                  .build/obj_keebio_iris_rev7_default/quantum/rgb_matrix/rgb_matrix.o (symbol from plugin)
HIDParser.c.9e9ce8a0                              C:\Users\colton\AppData\Local\Temp\ccIgLJbvdebugobj
HostStandardReq.c.5e0d78db                        C:\Users\colton\AppData\Local\Temp\ccIgLJbvdebugobj
Host_AVR8.c.7c69f8de                              C:\Users\colton\AppData\Local\Temp\ccIgLJbvdebugobj
KeyboardReport                                    .build/obj_keebio_iris_rev7_default/usb_descriptor.o (symbol from plugin)
LanguageString                                    .build/obj_keebio_iris_rev7_default/usb_descriptor.o (symbol from plugin)
MULTISPLASH                                       .build/obj_keebio_iris_rev7_default/quantum/rgb_matrix/rgb_matrix.o (symbol from plugin)
ManufacturerString                                .build/obj_keebio_iris_rev7_default/usb_descriptor.o (symbol from plugin)
PipeStream_AVR8.c.b2e52de6                        C:\Users\colton\AppData\Local\Temp\ccIgLJbvdebugobj
Pipe_AVR8.c.fdd67399                              C:\Users\colton\AppData\Local\Temp\ccIgLJbvdebugobj
ProductString                                     .build/obj_keebio_iris_rev7_default/usb_descriptor.o (symbol from plugin)
RAINBOW_BEACON                                    .build/obj_keebio_iris_rev7_default/quantum/rgb_matrix/rgb_matrix.o (symbol from plugin)
RAINBOW_MOVING_CHEVRON                            .build/obj_keebio_iris_rev7_default/quantum/rgb_matrix/rgb_matrix.o (symbol from plugin)
RAINBOW_PINWHEELS                                 .build/obj_keebio_iris_rev7_default/quantum/rgb_matrix/rgb_matrix.o (symbol from plugin)
SOLID_COLOR                                       .build/obj_keebio_iris_rev7_default/quantum/rgb_matrix/rgb_matrix.o (symbol from plugin)
SOLID_REACTIVE                                    .build/obj_keebio_iris_rev7_default/quantum/rgb_matrix/rgb_matrix.o (symbol from plugin)
SOLID_REACTIVE_CROSS                              .build/obj_keebio_iris_rev7_default/quantum/rgb_matrix/rgb_matrix.o (symbol from plugin)
SOLID_REACTIVE_MULTICROSS                         .build/obj_keebio_iris_rev7_default/quantum/rgb_matrix/rgb_matrix.o (symbol from plugin)
SOLID_REACTIVE_MULTINEXUS                         .build/obj_keebio_iris_rev7_default/quantum/rgb_matrix/rgb_matrix.o (symbol from plugin)
SOLID_REACTIVE_MULTIWIDE                          .build/obj_keebio_iris_rev7_default/quantum/rgb_matrix/rgb_matrix.o (symbol from plugin)
SOLID_REACTIVE_NEXUS                              .build/obj_keebio_iris_rev7_default/quantum/rgb_matrix/rgb_matrix.o (symbol from plugin)
SOLID_REACTIVE_SIMPLE                             .build/obj_keebio_iris_rev7_default/quantum/rgb_matrix/rgb_matrix.o (symbol from plugin)
SOLID_REACTIVE_WIDE                               .build/obj_keebio_iris_rev7_default/quantum/rgb_matrix/rgb_matrix.o (symbol from plugin)
SPLASH                                            .build/obj_keebio_iris_rev7_default/quantum/rgb_matrix/rgb_matrix.o (symbol from plugin)
SPLASH_math                                       .build/obj_keebio_iris_rev7_default/quantum/rgb_matrix/rgb_matrix.o (symbol from plugin)
SharedReport                                      .build/obj_keebio_iris_rev7_default/usb_descriptor.o (symbol from plugin)
USBController_AVR8.c.997c0afd                     C:\Users\colton\AppData\Local\Temp\ccIgLJbvdebugobj
                                                  C:\Users\colton\AppData\Local\Temp\ccuxQ1py.ltrans0.ltrans.o
USBInterrupt_AVR8.c.1dde43c9                      C:\Users\colton\AppData\Local\Temp\ccIgLJbvdebugobj
                                                  C:\Users\colton\AppData\Local\Temp\ccuxQ1py.ltrans0.ltrans.o
USBTask.c.3e71130e                                C:\Users\colton\AppData\Local\Temp\ccIgLJbvdebugobj
                                                  C:\Users\colton\AppData\Local\Temp\ccuxQ1py.ltrans0.ltrans.o
USB_ControlRequest                                .build/obj_keebio_iris_rev7_default/lib/lufa/LUFA/Drivers/USB/Core/USBTask.o (symbol from plugin)
                                                  .build/obj_keebio_iris_rev7_default/lib/lufa/LUFA/Drivers/USB/Core/DeviceStandardReq.o (symbol from plugin)
                                                  .build/obj_keebio_iris_rev7_default/lib/lufa/LUFA/Drivers/USB/Core/AVR8/Endpoint_AVR8.o (symbol from plugin)
                                                  .build/obj_keebio_iris_rev7_default/lib/lufa/LUFA/Drivers/USB/Core/AVR8/EndpointStream_AVR8.o (symbol from plugin)
                                                  .build/obj_keebio_iris_rev7_default/lufa.o (symbol from plugin)
USB_DeviceState                                   .build/obj_keebio_iris_rev7_default/lib/lufa/LUFA/Drivers/USB/Core/USBTask.o (symbol from plugin)
                                                  .build/obj_keebio_iris_rev7_default/protocol/lufa/usb_util.o (symbol from plugin)
                                                  .build/obj_keebio_iris_rev7_default/lib/lufa/LUFA/Drivers/USB/Core/DeviceStandardReq.o (symbol from plugin)
                                                  .build/obj_keebio_iris_rev7_default/lib/lufa/LUFA/Drivers/USB/Core/AVR8/USBInterrupt_AVR8.o (symbol from plugin)
                                                  .build/obj_keebio_iris_rev7_default/lib/lufa/LUFA/Drivers/USB/Core/AVR8/USBController_AVR8.o (symbol from plugin)
                                                  .build/obj_keebio_iris_rev7_default/lib/lufa/LUFA/Drivers/USB/Core/AVR8/Endpoint_AVR8.o (symbol from plugin)
                                                  .build/obj_keebio_iris_rev7_default/lib/lufa/LUFA/Drivers/USB/Core/AVR8/EndpointStream_AVR8.o (symbol from plugin)
                                                  .build/obj_keebio_iris_rev7_default/lufa.o (symbol from plugin)
                                                  .build/obj_keebio_iris_rev7_default/platforms/avr/suspend.o (symbol from plugin)
USB_Device_ConfigurationNumber                    .build/obj_keebio_iris_rev7_default/lib/lufa/LUFA/Drivers/USB/Core/DeviceStandardReq.o (symbol from plugin)
                                                  .build/obj_keebio_iris_rev7_default/lib/lufa/LUFA/Drivers/USB/Core/AVR8/USBInterrupt_AVR8.o (symbol from plugin)
                                                  .build/obj_keebio_iris_rev7_default/lib/lufa/LUFA/Drivers/USB/Core/AVR8/USBController_AVR8.o (symbol from plugin)
                                                  .build/obj_keebio_iris_rev7_default/lufa.o (symbol from plugin)
USB_Device_CurrentlySelfPowered                   .build/obj_keebio_iris_rev7_default/lib/lufa/LUFA/Drivers/USB/Core/DeviceStandardReq.o (symbol from plugin)
                                                  .build/obj_keebio_iris_rev7_default/lib/lufa/LUFA/Drivers/USB/Core/AVR8/USBController_AVR8.o (symbol from plugin)
USB_Device_ProcessControlRequest                  .build/obj_keebio_iris_rev7_default/lib/lufa/LUFA/Drivers/USB/Core/DeviceStandardReq.o (symbol from plugin)
                                                  .build/obj_keebio_iris_rev7_default/lib/lufa/LUFA/Drivers/USB/Core/USBTask.o (symbol from plugin)
                                                  .build/obj_keebio_iris_rev7_default/lib/lufa/LUFA/Drivers/USB/Core/AVR8/USBInterrupt_AVR8.o (symbol from plugin)
USB_Device_RemoteWakeupEnabled                    .build/obj_keebio_iris_rev7_default/lib/lufa/LUFA/Drivers/USB/Core/DeviceStandardReq.o (symbol from plugin)
                                                  .build/obj_keebio_iris_rev7_default/lib/lufa/LUFA/Drivers/USB/Core/AVR8/USBController_AVR8.o (symbol from plugin)
                                                  .build/obj_keebio_iris_rev7_default/lufa.o (symbol from plugin)
USB_Device_SendRemoteWakeup                       .build/obj_keebio_iris_rev7_default/lib/lufa/LUFA/Drivers/USB/Core/AVR8/Device_AVR8.o (symbol from plugin)
                                                  .build/obj_keebio_iris_rev7_default/lufa.o (symbol from plugin)
USB_Disable                                       .build/obj_keebio_iris_rev7_default/lib/lufa/LUFA/Drivers/USB/Core/AVR8/USBController_AVR8.o (symbol from plugin)
                                                  .build/obj_keebio_iris_rev7_default/protocol/lufa/usb_util.o (symbol from plugin)
                                                  .build/obj_keebio_iris_rev7_default/lufa.o (symbol from plugin)
USB_Event_Stub                                    .build/obj_keebio_iris_rev7_default/lib/lufa/LUFA/Drivers/USB/Core/Events.o (symbol from plugin)
USB_Event_Stub_2                                  .build/obj_keebio_iris_rev7_default/lib/lufa/LUFA/Drivers/USB/Core/Events.o (symbol from plugin)
USB_Event_Stub_3                                  .build/obj_keebio_iris_rev7_default/lib/lufa/LUFA/Drivers/USB/Core/Events.o (symbol from plugin)
USB_GetHIDReportItemInfo                          .build/obj_keebio_iris_rev7_default/lib/lufa/LUFA/Drivers/USB/Class/Common/HIDParser.o (symbol from plugin)
USB_GetHIDReportSize                              .build/obj_keebio_iris_rev7_default/lib/lufa/LUFA/Drivers/USB/Class/Common/HIDParser.o (symbol from plugin)
USB_GetNextDescriptorComp                         .build/obj_keebio_iris_rev7_default/lib/lufa/LUFA/Drivers/USB/Core/ConfigDescriptors.o (symbol from plugin)
USB_GetNextDescriptorOfType                       .build/obj_keebio_iris_rev7_default/lib/lufa/LUFA/Drivers/USB/Core/ConfigDescriptors.o (symbol from plugin)
USB_GetNextDescriptorOfTypeAfter                  .build/obj_keebio_iris_rev7_default/lib/lufa/LUFA/Drivers/USB/Core/ConfigDescriptors.o (symbol from plugin)
USB_GetNextDescriptorOfTypeBefore                 .build/obj_keebio_iris_rev7_default/lib/lufa/LUFA/Drivers/USB/Core/ConfigDescriptors.o (symbol from plugin)
USB_INT_ClearAllInterrupts                        .build/obj_keebio_iris_rev7_default/lib/lufa/LUFA/Drivers/USB/Core/AVR8/USBInterrupt_AVR8.o (symbol from plugin)
                                                  .build/obj_keebio_iris_rev7_default/lib/lufa/LUFA/Drivers/USB/Core/AVR8/USBController_AVR8.o (symbol from plugin)
USB_INT_DisableAllInterrupts                      .build/obj_keebio_iris_rev7_default/lib/lufa/LUFA/Drivers/USB/Core/AVR8/USBInterrupt_AVR8.o (symbol from plugin)
                                                  .build/obj_keebio_iris_rev7_default/lib/lufa/LUFA/Drivers/USB/Core/AVR8/USBController_AVR8.o (symbol from plugin)
USB_Init                                          .build/obj_keebio_iris_rev7_default/lib/lufa/LUFA/Drivers/USB/Core/AVR8/USBController_AVR8.o (symbol from plugin)
                                                  .build/obj_keebio_iris_rev7_default/lufa.o (symbol from plugin)
USB_IsInitialized                                 .build/obj_keebio_iris_rev7_default/lib/lufa/LUFA/Drivers/USB/Core/USBTask.o (symbol from plugin)
                                                  .build/obj_keebio_iris_rev7_default/lib/lufa/LUFA/Drivers/USB/Core/AVR8/USBController_AVR8.o (symbol from plugin)
                                                  .build/obj_keebio_iris_rev7_default/lufa.o (symbol from plugin)
USB_ProcessHIDReport                              .build/obj_keebio_iris_rev7_default/lib/lufa/LUFA/Drivers/USB/Class/Common/HIDParser.o (symbol from plugin)
USB_ResetInterface                                .build/obj_keebio_iris_rev7_default/lib/lufa/LUFA/Drivers/USB/Core/AVR8/USBController_AVR8.o (symbol from plugin)
USB_SetHIDReportItemInfo                          .build/obj_keebio_iris_rev7_default/lib/lufa/LUFA/Drivers/USB/Class/Common/HIDParser.o (symbol from plugin)
USB_USBTask                                       .build/obj_keebio_iris_rev7_default/lib/lufa/LUFA/Drivers/USB/Core/USBTask.o (symbol from plugin)
                                                  .build/obj_keebio_iris_rev7_default/lufa.o (symbol from plugin)
__FUSE_REGION_LENGTH__                            c:/qmk_msys/mingw64/bin/../lib/gcc/avr/8.5.0/../../../../avr/lib/avr5/crtatmega32u4.o
__bad_interrupt                                   c:/qmk_msys/mingw64/bin/../lib/gcc/avr/8.5.0/../../../../avr/lib/avr5/crtatmega32u4.o
__bss_end                                         c:/qmk_msys/mingw64/bin/../lib/gcc/avr/8.5.0/avr5\libgcc.a(_clear_bss.o)
__bss_start                                       c:/qmk_msys/mingw64/bin/../lib/gcc/avr/8.5.0/avr5\libgcc.a(_clear_bss.o)
__data_end                                        c:/qmk_msys/mingw64/bin/../lib/gcc/avr/8.5.0/avr5\libgcc.a(_copy_data.o)
__data_load_start                                 c:/qmk_msys/mingw64/bin/../lib/gcc/avr/8.5.0/avr5\libgcc.a(_copy_data.o)
__data_start                                      c:/qmk_msys/mingw64/bin/../lib/gcc/avr/8.5.0/avr5\libgcc.a(_copy_data.o)
__divmodhi4                                       c:/qmk_msys/mingw64/bin/../lib/gcc/avr/8.5.0/avr5\libgcc.a(_divmodhi4.o)